12-02 01:49:15.896  7674  7735 E AndroidRuntime: 	at mg.c.run(Unknown Source:44)
12-02 01:49:15.898  7674  7674 D WindowOnBackDispatcher: setTopOnBackInvokedCallback (unwrapped): android.app.Activity$$ExternalSyntheticLambda0@2f8547c
12-02 01:49:15.898  1602 10739 D CoreBackPreview: Window{dea403f u0 com.securelegion/com.securelegion.SplashActivity}: Setting back callback OnBackInvokedCallbackInfo{mCallback=android.window.IOnBackInvokedCallback$Stub$Proxy@5540ac2, mPriority=-1, mIsAnimationCallback=false, mOverrideBehavior=0}
12-02 01:49:15.899  1602  2026 W ActivityTaskManager:   Force finishing activity com.securelegion/.SplashActivity
12-02 01:49:15.899  1602  2026 W TransitionChain: Combining AR.finish-force-crash into #1201(CLOSE|R|0x10) from finishTopCrash
12-02 01:49:15.899  2286  2320 V WindowManagerShell: Transition requested (#1201): android.os.BinderProxy@2179a7a TransitionRequestInfo { type = CLOSE, triggerTask = TaskInfo{userId=0 taskId=820 effectiveUid=10367 displayId=0 isRunning=true baseIntent=Intent { act=android.intent.action.MAIN cat=[android.intent.category.LAUNCHER] flg=0x10200000 cmp=com.securelegion/.SplashActivity } baseActivity=ComponentInfo{com.securelegion/com.securelegion.SplashActivity} topActivity=ComponentInfo{com.securelegion/com.securelegion.SplashActivity} origActivity=null realActivity=ComponentInfo{com.securelegion/com.securelegion.SplashActivity} numActivities=1 lastActiveTime=157742708 supportsMultiWindow=true resizeMode=1 isResizeable=true minWidth=-1 minHeight=-1 defaultMinSize=220 token=WCT{android.os.BinderProxy@312c541} topActivityType=1 pictureInPictureParams=null shouldDockBigOverlays=false launchIntoPipHostTaskId=-1 lastParentTaskIdBeforePip=-1 displayCutoutSafeInsets=Rect(0, 0 - 0, 0) topActivityInfo=ActivityInfo{97a222b com.securelegion.SplashActivity} launchCookies=[android.os.BinderProxy@65a1827] positionInParent=Point(0, 0) parentTaskId=-1 isFocused=true isVisible=true isVisibleRequested=true isTopActivityNoDisplay=false isSleeping=false locusId=null displayAreaFeatureId=1 isTopActivityTransparent=false isActivityStackTransparent=false lastNonFullscreenBounds=Rect(276, 716 - 804, 1796) capturedLink=null capturedLinkTimestamp=0 requestedVisibleTypes=-9 topActivityRequestOpenInBrowserEducationTimestamp=0 appCompatTaskInfo=AppCompatTaskInfo { topActivityInSizeCompat=false eligibleForLetterboxEducation= false isLetterboxEducationEnabled= false isLetterboxDoubleTapEnabled= false eligibleForUserAspectRatioButton= false topActivityBoundsLetterboxed= false isFromLetterboxDoubleTap= false topActivityLetterboxVerticalPosition= -1 topActivityLetterboxHorizontalPosition= -1 topActivityLetterboxWidth=-1 topActivityLetterboxHeight=-1 topActivityAppBounds=Rect(0, 0 - 1080, 2424) isUserFullscreenOverrideEnabled=false isSystemFullscreenOverrideEnabled=false hasMinAspectRatioOverride=false topActivityLetterboxBounds=null cameraCompatTaskInfo=CameraCompatTaskInfo { freeformCameraCompatMode=inactiveundefined} topNonResizableActivityAspectRatio=-1.0} topActivityMainWindowFrame=null isAppBubble=false}, pipChange = null, remoteTransition = null, displayChange = null, flags = 16, debugId = 1201 }
12-02 01:49:15.900   679  1073 I libbinder.BpBinder: onLastStrongRef automatically unlinking death recipients: 
12-02 01:49:15.902  1602  2026 V WindowManager: Defer transition id=1201 for TaskFragmentTransaction=android.os.Binder@fb9b72f
12-02 01:49:15.902  1602  2026 V WindowManager: deferTransitionReady deferReadyDepth=1 stack=com.android.server.wm.TransitionController.deferTransitionReady:1014 com.android.server.wm.TaskFragmentOrganizerController$TaskFragmentOrganizerState.dispatchTransaction:508 com.android.server.wm.TaskFragmentOrganizerController.dispatchPendingEvents:1250 com.android.server.wm.TaskFragmentOrganizerController.dispatchPendingEvents:1219 com.android.server.wm.RootWindowContainer.performSurfacePlacementNoTrace:808 
12-02 01:49:15.903  1602 10979 V WindowManager: Continue transition id=1201 for TaskFragmentTransaction=android.os.Binder@fb9b72f
12-02 01:49:15.903  1602 10979 V WindowManager: continueTransitionReady deferReadyDepth=0 stack=com.android.server.wm.TransitionController.continueTransitionReady:1023 com.android.server.wm.TaskFragmentOrganizerController$TaskFragmentOrganizerState.onTransactionFinished:537 com.android.server.wm.TaskFragmentOrganizerController.onTransactionHandled:731 android.window.ITaskFragmentOrganizerController$Stub.onTransact:225 android.os.Binder.execTransactInternal:1441 
12-02 01:49:15.904  7674  7735 I Process : Sending signal. PID: 7674 SIG: 9
12-02 01:49:15.913   793   803 W powerhal-libperfmgr: sched_setattr failed for thread 7729, err=3
12-02 01:49:15.913   793   803 W powerhal-libperfmgr: sched_setattr failed for thread 7732, err=3
12-02 01:49:15.913   793   803 W powerhal-libperfmgr: sched_setattr failed for thread 7700, err=3
12-02 01:49:15.919  1602 10979 I ActivityManager: Process com.securelegion (pid 7674) has died: fg  TOP 
12-02 01:49:15.919  1602  2026 I WindowManager: WIN DEATH: Window{dea403f u0 com.securelegion/com.securelegion.SplashActivity}
12-02 01:49:15.919   793   793 W powerhal-libperfmgr: sched_setattr failed for thread 7674, err=3
12-02 01:49:15.919  1066  1066 I Zygote  : Process 7674 exited due to signal 9 (Killed)
12-02 01:49:15.920  1602 10979 W ActivityManager: Scheduling restart of crashed service com.securelegion/org.torproject.jni.TorService in 18000000ms for start-requested
12-02 01:49:15.920  1602  1696 I libprocessgroup: Removed cgroup /sys/fs/cgroup/apps/uid_10367/pid_7674
12-02 01:49:15.921  1602 10979 W TransitionChain: Combining appDied into #1201(CLOSE|R|0x10) from finishTopCrash
12-02 01:49:15.922  1602  2188 D InetDiagMessage: Destroyed 0 sockets, proto=IPPROTO_TCP, family=AF_INET, states=14
12-02 01:49:15.922  1602  2188 D InetDiagMessage: Destroyed 0 sockets, proto=IPPROTO_TCP, family=AF_INET6, states=14
12-02 01:49:15.922  1602  2188 D InetDiagMessage: Destroyed live tcp sockets for uids={10367} in 1ms
12-02 01:49:15.922  1602  2188 D InetDiagMessage: Destroyed 0 sockets, proto=IPPROTO_TCP, family=AF_INET, states=14
12-02 01:49:15.923  1602  2188 D InetDiagMessage: Destroyed 0 sockets, proto=IPPROTO_TCP, family=AF_INET6, states=14
12-02 01:49:15.923  1602  2188 D InetDiagMessage: Destroyed live tcp sockets for uids={20367} in 1ms
12-02 01:49:15.925 30340 30340 D BaseActivity: Launcher flags updated: [state_started|state_resumed|state_user_active] +[state_resumed|state_user_active]
12-02 01:49:15.925 30340 30340 D BaseActivity: Launcher flags updated: [state_started|state_resumed|state_deferred_resumed|state_user_active] +[state_deferred_resumed]
12-02 01:49:15.925 30340 30340 D StatsLog: LAUNCHER_ONRESUME
12-02 01:49:15.927  1602  2623 W ParceledListSlice: Element #8 is 18132 bytes.
12-02 01:49:15.927  1602  2623 W ParceledListSlice: Element #9 is 18132 bytes.
12-02 01:49:15.928 30340 30340 I NotificationListener: Handling notification state refresh for com.google.android.gm#0
12-02 01:49:15.928 30340 30340 I NotificationListener: Handling notification state refresh for com.android.vending#0
12-02 01:49:15.928 30340 30340 I NotificationListener: Handling notification state refresh for com.android.vending#0
12-02 01:49:15.928 30340 30340 I NotificationListener: Handling notification state refresh for com.google.android.gms#0
12-02 01:49:15.928 30340 30340 I NotificationListener: Handling notification state refresh for com.google.android.gms#0
12-02 01:49:15.928 30340 30365 D QuickstepModelDelegate: notifyAppTargetEvent action=1 launchLocation=
12-02 01:49:15.929  2286  3101 V WindowManagerShell: onTransitionReady(transaction=6880537648920)
12-02 01:49:15.929  2286  2320 V WindowManagerShell: onTransitionReady (#1201) android.os.BinderProxy@2179a7a: {id=1201 t=CLOSE f=0x10 trk=0 r=[0@Point(0, 0)] c=[
12-02 01:49:15.929  2286  2320 V WindowManagerShell:         {m=TO_FRONT f=SHOW_WALLPAPER|MOVE_TO_TOP leash=Surface(name=Task=1)/@0x97af55d sb=Rect(0, 0 - 1080, 2424) eb=Rect(0, 0 - 1080, 2424) epz=Point(1080, 2424) d=0 taskParent=-1 winMode=1},
12-02 01:49:15.929  2286  2320 V WindowManagerShell:         {m=CLOSE f=NONE leash=Surface(name=Task=820)/@0x30afed2 sb=Rect(0, 0 - 1080, 2424) eb=Rect(0, 0 - 1080, 2424) epz=Point(1080, 2424) d=0 taskParent=-1 winMode=1},
12-02 01:49:15.929  2286  2320 V WindowManagerShell:         {m=TO_FRONT f=IS_WALLPAPER leash=Surface(name=WallpaperWindowToken{a7351ee})/@0xdbeaba3 sb=Rect(0, 0 - 1080, 2424) eb=Rect(0, 0 - 1080, 2424) epz=Point(1080, 2424) d=0}
12-02 01:49:15.929  2286  2320 V WindowManagerShell:     ]}
12-02 01:49:15.930  2286  2320 V WindowManagerShell: Transition (#1201) android.os.BinderProxy@2179a7a@0 ready while (#1200) android.os.BinderProxy@755a24b@0 is still animating. Notify the animating transition in case they can be merged
12-02 01:49:15.930  2286  2320 V WindowManagerShell:    Merge into remote: RemoteTransition { remoteTransition = android.window.IRemoteTransition$Stub$Proxy@ce25ad4, appThread = android.app.IApplicationThread$Stub$Proxy@805747d, debugName = QuickstepLaunch }
12-02 01:49:15.930  2286  2320 V WindowManagerShell: Transition animation finished (aborted=false), notifying core (#1200) android.os.BinderProxy@755a24b@0
12-02 01:49:15.933  3621  4073 I AiAiEcho: (REDACTED) Predicting[%d]: %s
12-02 01:49:15.933  3621  4073 I AiAiEcho: (REDACTED) EchoTargets: %s
12-02 01:49:15.933  3621  4073 I AiAiEcho: Filtered by AiAi flag check: %s
12-02 01:49:15.933  3621  4073 I AiAiEcho: #remoteViewsTwiddler: feature disabled.
12-02 01:49:15.934  3621  4073 I AiAiEcho: (REDACTED) #postPredictionTargets: Sending updates to UISurface %s with targets# %s (types=[%s])
12-02 01:49:15.935  1602  1684 W ActivityManager: setHasOverlayUi called on unknown pid: 7674
12-02 01:49:15.936  1602  1681 V WindowManager: Sent Transition (#1201) createdAt=12-02 01:49:15.899 via request=TransitionRequestInfo { type = CLOSE, triggerTask = TaskInfo{userId=0 taskId=820 effectiveUid=10367 displayId=0 isRunning=true baseIntent=Intent { act=android.intent.action.MAIN cat=[android.intent.category.LAUNCHER] flg=0x10200000 cmp=com.securelegion/.SplashActivity } baseActivity=ComponentInfo{com.securelegion/com.securelegion.SplashActivity} topActivity=ComponentInfo{com.securelegion/com.securelegion.SplashActivity} origActivity=null realActivity=ComponentInfo{com.securelegion/com.securelegion.SplashActivity} numActivities=1 lastActiveTime=157742708 supportsMultiWindow=true resizeMode=1 isResizeable=true minWidth=-1 minHeight=-1 defaultMinSize=220 token=WCT{RemoteToken{5cbefd6 Task{47f2068 #820 type=standard A=10367:com.securelegion}}} topActivityType=1 pictureInPictureParams=null shouldDockBigOverlays=false launchIntoPipHostTaskId=-1 lastParentTaskIdBeforePip=-1 displayCutoutSafeInsets=Rect(0, 0 - 0, 0) topActivityInfo=ActivityInfo{6c8257 com.securelegion.SplashActivity} launchCookies=[android.os.BinderProxy@4343144] positionInParent=Point(0, 0) parentTaskId=-1 isFocused=true isVisible=true isVisibleRequested=true isTopActivityNoDisplay=false isSleeping=false locusId=null displayAreaFeatureId=1 isTopActivityTransparent=false isActivityStackTransparent=false lastNonFullscreenBounds=Rect(276, 716 - 804, 1796) capturedLink=null capturedLinkTimestamp=0 requestedVisibleTypes=-9 topActivityRequestOpenInBrowserEducationTimestamp=0 appCompatTaskInfo=AppCompatTaskInfo { topActivityInSizeCompat=false eligibleForLetterboxEducation= false isLetterboxEducationEnabled= false isLetterboxDoubleTapEnabled= false eligibleForUserAspectRatioButton= false topActivityBoundsLetterboxed= false isFromLetterboxDoubleTap= false topActivityLetterboxVerticalPosition= -1 topActivityLetterboxHorizontalPosition= -1 topActivityLetterboxWidth=-1 topActivityLetterboxHeight=-1 topActivityAppBounds=Rect(0, 0 - 1080, 2424) isUserFullscreenOverrideEnabled=false isSystemFullscreenOverrideEnabled=false hasMinAspectRatioOverride=false topActivityLetterboxBounds=null cameraCompatTaskInfo=CameraCompatTaskInfo { freeformCameraCompatMode=inactiveundefined} topNonResizableActivityAspectRatio=-1.0} topActivityMainWindowFrame=null isAppBubble=false}, pipChange = null, remoteTransition = null, displayChange = null, flags = 16, debugId = 1201 }
12-02 01:49:15.936  1602  1681 V WindowManager:     startWCT=WindowContainerTransaction { changes= {} hops= [] errorCallbackToken=null taskFragmentOrganizer=null }
12-02 01:49:15.936  1602  1681 V WindowManager:     info={id=1201 t=CLOSE f=0x10 trk=0 r=[0@Point(0, 0)] c=[
12-02 01:49:15.936  1602  1681 V WindowManager:         {WCT{RemoteToken{709b87 Task{4da40b2 #1 type=home}}} m=TO_FRONT f=SHOW_WALLPAPER|MOVE_TO_TOP leash=Surface(name=Task=1)/@0xeefd868 sb=Rect(0, 0 - 1080, 2424) eb=Rect(0, 0 - 1080, 2424) epz=Point(1080, 2424) d=0 taskParent=-1 winMode=1},
12-02 01:49:15.936  1602  1681 V WindowManager:         {WCT{RemoteToken{5cbefd6 Task{47f2068 #820 type=standard A=10367:com.securelegion}}} m=CLOSE f=NONE leash=Surface(name=Task=820)/@0x7920d0a sb=Rect(0, 0 - 1080, 2424) eb=Rect(0, 0 - 1080, 2424) epz=Point(1080, 2424) d=0 taskParent=-1 winMode=1},
12-02 01:49:15.936  1602  1681 V WindowManager:         {m=TO_FRONT f=IS_WALLPAPER leash=Surface(name=WallpaperWindowToken{a7351ee})/@0x939e5a9 sb=Rect(0, 0 - 1080, 2424) eb=Rect(0, 0 - 1080, 2424) epz=Point(1080, 2424) d=0}
12-02 01:49:15.936  1602  1681 V WindowManager:     ]}
12-02 01:49:15.937  1602  2234 D BackgroundInstallControlService: Package event received: 0
12-02 01:49:15.937  1602  2234 D BackgroundInstallControlService: Package event received: 0
12-02 01:49:15.937  1602  2234 D BackgroundInstallControlService: Package event received: 0
12-02 01:49:15.937  1602  1681 V WindowManager: Finish Transition (#1200): created at 12-02 01:49:15.790 collect-started=0.085ms request-sent=5.788ms started=7.07ms ready=30.494ms sent=31.431ms commit=11.129ms finished=147.765ms
12-02 01:49:15.938  2286  2320 V WindowManagerShell: Playing animation for (#1201) android.os.BinderProxy@2179a7a@0
12-02 01:49:15.938  2286  2320 V ShellRecents: RecentsTransitionHandler.startAnimation: no controller found
12-02 01:49:15.938  2286  2320 V WindowManagerShell: Transition doesn't have explicit remote, search filters for match for {id=1201 t=CLOSE f=0x10 trk=0 r=[0@Point(0, 0)] c=[{m=TO_FRONT f=SHOW_WALLPAPER|MOVE_TO_TOP leash=Surface(name=Task=1)/@0x97af55d sb=Rect(0, 0 - 1080, 2424) eb=Rect(0, 0 - 1080, 2424) epz=Point(1080, 2424) d=0 taskParent=-1 winMode=1},{m=CLOSE f=NONE leash=Surface(name=Task=820)/@0x30afed2 sb=Rect(0, 0 - 1080, 2424) eb=Rect(0, 0 - 1080, 2424) epz=Point(1080, 2424) d=0 taskParent=-1 winMode=1},{m=TO_FRONT f=IS_WALLPAPER leash=Surface(name=WallpaperWindowToken{a7351ee})/@0xdbeaba3 sb=Rect(0, 0 - 1080, 2424) eb=Rect(0, 0 - 1080, 2424) epz=Point(1080, 2424) d=0}]}
12-02 01:49:15.938  2286  2320 V WindowManagerShell:  Checking filter Pair{{types=[] flags=0x0] notFlags=0x0 checks=[{atype=undefined independent=true modes=[CLOSE,TO_BACK] flags=IN_TASK_WITH_EMBEDDED_ACTIVITY mustBeTask=false order=ANY topActivity=null launchCookie=null taskFragmentToken=android.os.BinderProxy@8f07c7f windowingMode=undefined}]} RemoteTransition { remoteTransition = android.window.IRemoteTransition$Stub$Proxy@d8de44c, appThread = android.app.IApplicationThread$Stub$Proxy@fc18c95, debugName = overlayBackTransition }}
12-02 01:49:15.938  2286  2320 V WindowManagerShell:  Checking filter Pair{{types=[] flags=0x0] notFlags=0x0 checks=[{atype=dream independent=true modes=[OPEN,TO_FRONT] flags=NONE mustBeTask=false order=ANY topActivity=null launchCookie=null windowingMode=undefined},{atype=home independent=true modes=[CLOSE,TO_BACK] flags=NONE mustBeTask=false order=ANY topActivity=null launchCookie=null windowingMode=undefined}]} RemoteTransition { remoteTransition = android.window.IRemoteTransition$Stub$Proxy@e7c71aa, appThread = android.app.IApplicationThread$Stub$Proxy@91a619b, debugName = LauncherToDream }}
12-02 01:49:15.938  2286  2320 V WindowManagerShell:  Checking filter Pair{{types=[] flags=0x0] notFlags=0x100 checks=[{atype=home independent=true modes=[OPEN,TO_FRONT] flags=NONE mustBeTask=false order=TOP topActivity=ComponentInfo{com.google.android.apps.nexuslauncher/com.google.android.apps.nexuslauncher.NexusLauncherActivity} launchCookie=null windowingMode=undefined},{atype=standard independent=true modes=[CLOSE,TO_BACK] flags=NONE mustBeTask=false order=ANY topActivity=null launchCookie=null windowingMode=undefined},{NOT atype=undefined independent=true modes=[] flags=NONE mustBeTask=true order=ANY topActivity=null launchCookie=null customAnim=true windowingMode=undefined}]} RemoteTransition { remoteTransition = android.window.IRemoteTransition$Stub$Proxy@2daf938, appThread = android.app.IApplicationThread$Stub$Proxy@87b5d11, debugName = QuickstepLaunchHome }}
12-02 01:49:15.938  2286  2320 D RemoteTransitionHandler: Found filterPair{{types=[] flags=0x0] notFlags=0x100 checks=[{atype=home independent=true modes=[OPEN,TO_FRONT] flags=NONE mustBeTask=false order=TOP topActivity=ComponentInfo{com.google.android.apps.nexuslauncher/com.google.android.apps.nexuslauncher.NexusLauncherActivity} launchCookie=null windowingMode=undefined},{atype=standard independent=true modes=[CLOSE,TO_BACK] flags=NONE mustBeTask=false order=ANY topActivity=null launchCookie=null windowingMode=undefined},{NOT atype=undefined independent=true modes=[] flags=NONE mustBeTask=true order=ANY topActivity=null launchCookie=null customAnim=true windowingMode=undefined}]} RemoteTransition { remoteTransition = android.window.IRemoteTransition$Stub$Proxy@2daf938, appThread = android.app.IApplicationThread$Stub$Proxy@87b5d11, debugName = QuickstepLaunchHome }}
12-02 01:49:15.938  2286  2320 V WindowManagerShell:  Delegate animation for (#1201) to RemoteTransition { remoteTransition = android.window.IRemoteTransition$Stub$Proxy@2daf938, appThread = android.app.IApplicationThread$Stub$Proxy@87b5d11, debugName = QuickstepLaunchHome }
12-02 01:49:15.939  2286  2320 V WindowManagerShell:  animated by com.android.wm.shell.transition.RemoteTransitionHandler@cd1a804
12-02 01:49:15.939  2286  2320 V ShellStartingWindow: RSO:Receive removal info for task=820
12-02 01:49:15.940  1088  1177 D AHal::UseCase: SetActiveTracks: update primary-playback active tracks(0)
12-02 01:49:15.940  1088  1177 I StHal::SoundTriggerHal: ProcessStreamMetadata: active usage tracks: 0
12-02 01:49:15.940  1088  1177 D BTAudioSessionAidl: UpdateSourceMetadata - SessionType=LE_AUDIO_HARDWARE_OFFLOAD_ENCODING_DATAPATH has NO session
12-02 01:49:15.940  1088  1177 D BTAudioSessionAidl: GetSupportedLatencyModes - SessionType=LE_AUDIO_HARDWARE_OFFLOAD_ENCODING_DATAPATH has NO session
12-02 01:49:15.940  1088  1177 D BTAudioSessionAidl: SetLatencyMode - SessionType=LE_AUDIO_HARDWARE_OFFLOAD_ENCODING_DATAPATH has NO session
12-02 01:49:15.940  1088  1177 D BTAudioSessionAidl: GetSupportedLatencyModes - SessionType=A2DP_HARDWARE_OFFLOAD_ENCODING_DATAPATH has NO session
12-02 01:49:15.940  1088  1177 D BTAudioSessionAidl: SetLatencyMode - SessionType=A2DP_HARDWARE_OFFLOAD_ENCODING_DATAPATH has NO session
12-02 01:49:15.942 30340 30340 D StateManager: cancelAnimation - with ongoing animation, partial trace:
12-02 01:49:15.942 30340 30340 D StateManager: 	at com.android.launcher3.statemanager.StateManager.setCurrentAnimation(go/retraceme 1b4f0d307a368600038194d61ee0cd226cd6c58a284ec5ced816d9ed6d3eb4e6:15)
12-02 01:49:15.942 30340 30340 D StateManager: 	at com.android.launcher3.QuickstepTransitionManager.createWallpaperOpenAnimations(go/retraceme 1b4f0d307a368600038194d61ee0cd226cd6c58a284ec5ced816d9ed6d3eb4e6:257)
12-02 01:49:15.942 30340 30340 D StateManager: 	at com.android.launcher3.QuickstepTransitionManager$WallpaperOpenLauncherAnimationRunner.onAnimationStart(go/retraceme 1b4f0d307a368600038194d61ee0cd226cd6c58a284ec5ced816d9ed6d3eb4e6:17)
12-02 01:49:15.943 30340 30340 D KeyboardInsetsHandler: setState, toState:AllApps StateManager(mLastStableState:Normal, mCurrentStableState:AllApps, mState:AllApps, mRestState:null, isInTransition:false)
12-02 01:49:15.943 30340 30340 D BaseActivity: Launcher flags updated: [state_started|state_resumed|state_deferred_resumed|state_user_active]
12-02 01:49:15.943 30340 30340 D StateManager: onStateTransitionEnd - state: AllApps
12-02 01:49:15.943 30340 30340 D RecentsView: reset - mEnableDrawingLiveTile: false, mRecentsAnimationController: null
12-02 01:49:15.943 30340 30340 D b/311077782: LauncherAnimationRunner.setAnimation
12-02 01:49:15.944 30340 30396 D GmsPlayProvider: Established or reuse existing binder channel authority=com.google.android.gms
12-02 01:49:15.949 30340 30340 D SearchTargetUtil: queryLength=0 size=2
12-02 01:49:15.949 30340 30340 D SearchTargetUtil: layoutType=placeholder resultType=131072 packageName=com.google.android.googlequicksearchbox
12-02 01:49:15.949 30340 30340 D SearchTargetUtil: layoutType=empty_divider resultType=262144 packageName=
12-02 01:49:15.947 25815  6562 I GmsNetworkEngineImageFe: warmup called
12-02 01:49:15.952 25815  6562 I GmsNetworkEngineImageFe: fetchImage called
12-02 01:49:15.952 25815  6562 I GmsNetworkEngineImageFe: (REDACTED) image url: %s
12-02 01:49:15.954 25815  6562 I PlayCloudSearchServiceI: (REDACTED) getCompletions called on thread %s
12-02 01:49:15.954 25815  6562 I PlayCloudSearchServiceI: (REDACTED) Searching for query <%s> with account <%s>
12-02 01:49:15.954 25815  6562 I PlayCloudSearchServiceI: (REDACTED) result_count not specified, defaulting to %d...
12-02 01:49:15.959 25815  6691 I PlayCloudSearchServiceI: (REDACTED) Number of app suggestions returned from xRPC call: %d
12-02 01:49:15.959 25815  6691 I PlayCloudSearchServiceI: (REDACTED) Number of app suggestions after filtering: %d
12-02 01:49:15.964 30340 30340 D SsBaseTemplateCard: No text view can be set up
12-02 01:49:15.964 30340 30340 D SsBaseTemplateCard: Passed-in item info is null
12-02 01:49:15.964 30340 30340 D SsBaseTemplateCard: Passed-in item info is null
12-02 01:49:15.964 30340 30340 D SsBaseTemplateCard: Passed-in item info is null
12-02 01:49:15.964 30340 30340 I SsBaseTemplateCard: Secondary card pane is null
12-02 01:49:15.965 30340 30340 D ImeBackDispatcher: switch root view (mImeCallbacks.size=0)
12-02 01:49:15.965 30340 30340 D BaseActivity: Launcher flags updated: [state_started|state_resumed|state_deferred_resumed|state_window_focused|state_user_active] +[state_window_focused]
12-02 01:49:15.968  1602  2078 I ImeTracker: com.google.android.apps.nexuslauncher:5d75b4ff: onRequestHide at ORIGIN_SERVER reason HIDE_SAME_WINDOW_FOCUSED_WITHOUT_EDITOR fromUser false
12-02 01:49:15.968 30340 30340 D InsetsController: hide(ime())
12-02 01:49:15.968 30340 30340 I ImeTracker: com.google.android.apps.nexuslauncher:5d75b4ff: onCancelled at PHASE_CLIENT_ALREADY_HIDDEN
12-02 01:49:15.970  3590  3590 I GoogleInputMethodService: GoogleInputMethodService.onFinishInput():2097 
12-02 01:49:15.971  3590  3590 I Module  : DeviceLockedStatusModuleProvider$Module.updateDeviceLockedStatus():103 repeatCheckTimes = 0, locked = false
12-02 01:49:15.971  3590  3590 I GoogleInputMethodService: GoogleInputMethodService.onStartInput():1347 onStartInput(EditorInfo{EditorInfo{packageName=com.google.android.apps.nexuslauncher, inputType=0, inputTypeString=NULL, enableLearning=false, autoCorrection=false, autoComplete=false, imeOptions=0, privateImeOptions=null, actionName=UNSPECIFIED, actionLabel=null, initialSelStart=-1, initialSelEnd=-1, initialCapsMode=0, label=null, fieldId=0, fieldName=null, extras=null, hintText=null, hintLocales=[]}}, false)
12-02 01:49:15.972  3590  3590 I Module  : DeviceLockedStatusModuleProvider$Module.updateDeviceLockedStatus():103 repeatCheckTimes = 1, locked = false
12-02 01:49:15.973  1602 10739 W PackageConfigPersister: App-specific configuration not found for packageName: com.google.android.apps.nexuslauncher and userId: 0
12-02 01:49:16.250  2286  2320 V WindowManagerShell: Transition animation finished (aborted=false), notifying core (#1201) android.os.BinderProxy@2179a7a@0
12-02 01:49:16.256  1602  1681 V WindowManager: Finish Transition (#1201): created at 12-02 01:49:15.899 collect-started=0.025ms request-sent=0.093ms started=3.445ms ready=25.192ms sent=28.048ms commit=23.02ms finished=356.962ms
12-02 01:49:16.261  2286  2320 V WindowManagerShell: Track 0 became idle
12-02 01:49:16.261  2286  2320 V WindowManagerShell: All active transition animations finished
12-02 01:49:16.262 30340 30340 D RecentsView: onTaskRemoved: 820, not handling task stack changes
12-02 01:49:16.263 30340 30340 D RecentsView: onTaskRemoved: 820, not handling task stack changes
12-02 01:49:16.367 10230 10232 I pixel-thermal: VIRTUAL-SKIN-CPU-MID:29.8687 raw data: VIRTUAL-SKIN:29868.7 VIRTUAL-SKIN-CPU-MID:29868.7 
12-02 01:49:16.376 10230 10232 I pixel-thermal: disp_therm:29.524 raw data: disp_therm:29524 
12-02 01:49:16.376 10230 10232 I pixel-thermal: VIRTUAL-SKIN-SOC:29.8687 raw data: VIRTUAL-SKIN:29868.7 VIRTUAL-SKIN-SOC:29868.7 
12-02 01:49:16.376 10230 10232 I pixel-thermal: VIRTUAL-SKIN-DISPLAY:29.8687 raw data: VIRTUAL-SKIN-DISPLAY:29868.7 
12-02 01:49:16.376 10230 10232 I pixel-thermal: CPU_THROTTLE_SEVERE:0 raw data: CPU_THROTTLE_SEVERE:0 
12-02 01:49:16.376 10230 10232 I pixel-thermal: VIRTUAL-SKIN:29.8687 raw data: VIRTUAL-SKIN:29868.7 
12-02 01:49:16.376 10230 10232 I pixel-thermal: btmspkr_therm:29.39 raw data: btmspkr_therm:29390 
12-02 01:49:16.376 10230 10232 I pixel-thermal: VIRTUAL-SKIN-HINT:29.8687 raw data: VIRTUAL-SKIN:29868.7 VIRTUAL-SKIN-HINT:29868.7 
12-02 01:49:16.376 10230 10232 I pixel-thermal: VIRTUAL-SKIN-CPU-LIGHT-ODPM:29.8687 raw data: VIRTUAL-SKIN:29868.7 VIRTUAL-SKIN-CPU-LIGHT-ODPM:29868.7 
12-02 01:49:16.376 10230 10232 I pixel-thermal: VIRTUAL-SKIN-CPU-ODPM:29.8687 raw data: VIRTUAL-SKIN:29868.7 VIRTUAL-SKIN-CPU-ODPM:29868.7 
12-02 01:49:16.377 10230 10232 I pixel-thermal: VIRTUAL-SKIN-MODEL: model_input: [31327.00 31104.00 32284.00 29390.00 29390.00 29524.00 31327.00 33308.00 ]
12-02 01:49:16.377 10230 10232 I native  : I0000 00:00:1764658156.377170   10232 thermal_tflite_wrapper.cc:261] ThermalTfliteInvoke
12-02 01:49:16.377 10230 10232 I pixel-thermal: VIRTUAL-SKIN-MODEL: model_output: [29954.6 ]
12-02 01:49:16.377 10230 10232 I pixel-thermal: VIRTUAL-SKIN-MODEL: predicted_value: [29954.6 ]
12-02 01:49:16.378 10230 10232 I pixel-thermal: STATS-UPDATOR:0 raw data: EXTREME-SOC-CONDITION-CHECK:0 MAIN_SOC_POWER:581.181 NORTH_THERM-UNDER-THRESHOLD:1 NORTH_THERM-VSKIN-DIFF-DURING-NORTH_THERM-OVER-THRESHOLD:-998542 NORTH_THERM-VSKIN-DIFF-DURING-VSKIN-OVER-52:-998542 QUIET_THERM-UNDER-THRESHOLD:1 QUIET_THERM-VSKIN-DIFF-DURING-QUIET_THERM-OVER-THRESHOLD:-998765 QUIET_THERM-VSKIN-DIFF-DURING-VSKIN-OVER-52:-998765 RFPA_THERM-UNDER-THRESHOLD:1 RFPA_THERM-VSKIN-DIFF-DURING-RFPA_THERM-OVER-THRESHOLD:-998542 RFPA_THERM-VSKIN-DIFF-DURING-VSKIN-OVER-52:-998542 SOC_THERM-UNDER-THRESHOLD:1 SOC_THERM-VSKIN-DIFF-DURING-SOC_THERM-OVER-THRESHOLD:-996561 SOC_THERM-VSKIN-DIFF-DURING-VSKIN-OVER-52:-996561 STATS-UPDATOR:0 TPU_35S:0 VIRTUAL-SKIN:29868.7 VIRTUAL-SKIN-LEGACY:30372.2 VIRTUAL-SKIN-MODEL:29954.6 VIRTUAL-SKIN-MODEL-LEGACY-DIFF:-442.83 VIRTUAL-SKIN-ODPM-MODEL:29246.9 VIRTUAL-SKIN-SPEAKER-MODEL:29380.1 VSKIN-SKIN-UNDER-52:1 btmspkr_therm:29390 charging_therm:32284 disp_therm:29524 north_therm:31327 quiet_therm:31104 rfpa_therm:31327 soc_therm:33308 usb_pwr_therm:29390 
12-02 01:49:16.378 10230 10232 I pixel-thermal: VIRTUAL-SKIN-CPU-HIGH:29.8687 raw data: VIRTUAL-SKIN:29868.7 VIRTUAL-SKIN-CPU-HIGH:29868.7 
12-02 01:49:16.378 10230 10232 I pixel-thermal: usb_pwr_therm:29.39 raw data: usb_pwr_therm:29390 
12-02 01:49:16.378 10230 10232 I pixel-thermal: VIRTUAL-USB-UI:0 raw data: VIRTUAL-USB-UI:0 
12-02 01:49:16.378 10230 10232 I pixel-thermal: VIRTUAL-USB-THROTTLING:0 raw data: VIRTUAL-USB-THROTTLING:0 
12-02 01:49:16.378 10230 10232 I pixel-thermal: cellular-emergency:29.8687 raw data: cellular-emergency:29868.7 
12-02 01:49:16.400  1602  1684 W ActivityTaskManager: Activity top resumed state loss timeout for ActivityRecord{8841099 u0 com.securelegion/.SplashActivity t-1 f}}
12-02 01:49:17.376  2526  2882 D SatelliteController: iisInCarrierRoamingNbIotNtn: satellite is disabled
12-02 01:49:17.816  1367  1367 D AOC     : F1:MSG: controller.cc, 275: AudioOutCtrl: cmd ID: 0x00d3, tag: 0xd1 [cntr = 7531]
12-02 01:49:17.816  1088  1759 I AHal::Tas25xxHealth: GetImpedances: speaker [0] impedance: 5.96129 Ohms
12-02 01:49:17.816  1367  1367 D AOC     : F1:Prot: get left re: 0x2fb0b9
12-02 01:49:17.816  1367  1367 D AOC     : F1:MSG: controller.cc, 919: AudioOutCtrl: ipc: audio_output_tu, cmd ID: 0x00d3, tag: 0x87, rc: 0
12-02 01:49:17.817  1367  1367 D AOC     : F1:MSG: controller.cc, 275: AudioOutCtrl: cmd ID: 0x00d3, tag: 0xd2 [cntr = 7532]
12-02 01:49:17.817  1367  1367 D AOC     : F1:Prot: get right re: 0x380d7e
12-02 01:49:17.817  1088  1759 I AHal::Tas25xxHealth: GetImpedances: speaker [1] impedance: 7.00659 Ohms
12-02 01:49:17.818  1367  1367 D AOC     : F1:MSG: controller.cc, 919: AudioOutCtrl: ipc: audio_output_tu, cmd ID: 0x00d3, tag: 0x89, rc: 0
12-02 01:49:17.818  1088  1759 I AHal::Tas25xxHealth: GetTemperatures: speaker [0] temperature: 26.9913 Celsius
12-02 01:49:17.819  1367  1367 D AOC     : F1:MSG: controller.cc, 275: AudioOutCtrl: cmd ID: 0x00d3, tag: 0xd3 [cntr = 7533]
12-02 01:49:17.819  1367  1367 D AOC     : F1:Prot: get left temp: 0xd7ee25
12-02 01:49:17.819  1367  1367 D AOC     : F1:MSG: controller.cc, 919: AudioOutCtrl: ipc: audio_output_tu, cmd ID: 0x00d3, tag: 0x8a, rc: 0
12-02 01:49:17.819  1367  1367 D AOC     : F1:MSG: controller.cc, 275: AudioOutCtrl: cmd ID: 0x00d3, tag: 0xd4 [cntr = 7534]
12-02 01:49:17.819  1367  1367 D AOC     : F1:Prot: get right temp: 0xd7e4f0
12-02 01:49:17.819  1088  1759 I AHal::Tas25xxHealth: GetTemperatures: speaker [1] temperature: 26.9868 Celsius
12-02 01:49:17.820  1367  1367 D AOC     : F1:MSG: controller.cc, 919: AudioOutCtrl: ipc: audio_output_tu, cmd ID: 0x00d3, tag: 0x8b, rc: 0
12-02 01:49:18.267  1602  2623 I ActivityManager: PendingStartActivityUids startActivity to updateOomAdj delay:1867ms, uid:10223
12-02 01:49:18.449  1135  1231 I WifiHAL : Creating message to get link statistics; iface = 47
12-02 01:49:18.496  1313  1317 I WPKTRT  : process_address_event: 2601:500:8985:4c10:58d2:cbff:fe04:47fd added to wlan0
12-02 01:49:18.498  1313  1317 I WPKTRT  : process_address_event: 2601:500:8985:4c10:df4f:6c1a:f0fb:f410 added to wlan0
12-02 01:49:18.499  1313  1317 I WPKTRT  : process_address_event: 2601:500:8985:4c10:3fe6:8312:ffa2:f856 added to wlan0
12-02 01:49:18.500  2380  2659 W AlarmManager: Unrecognized alarm listener com.android.networkstack.android.net.ip.IpClientLinkObserver$Dhcp6PdPreferredPrefixAlarmListener@d900a82
12-02 01:49:18.503  2380  2659 D ApfFilter: (wlan0): Ignoring RA RA fe80::1e9e:ccff:fe09:57eb -> ff02::1 180s 2601:500:8985:4c10::/64 309444s/309444s DNS 180s 2001:558:feed::1 2001:558:feed::2 RIO 180s ::/0  which matches RA fe80::1e9e:ccff:fe09:57eb -> ff02::1 180s 2601:500:8985:4c10::/64 309444s/309444s DNS 180s 2001:558:feed::1 2001:558:feed::2 RIO 180s ::/0 
12-02 01:49:18.545  1135  1231 I WifiHAL : index: 0 per_rate_size 32, data_rem_len 1152
12-02 01:49:18.545  1135  1231 I WifiHAL : index: 1 per_rate_size 32, data_rem_len 1120
12-02 01:49:18.545  1135  1231 I WifiHAL : index: 2 per_rate_size 32, data_rem_len 1088
12-02 01:49:18.545  1135  1231 I WifiHAL : index: 3 per_rate_size 32, data_rem_len 1056
12-02 01:49:18.545  1135  1231 I WifiHAL : index: 4 per_rate_size 32, data_rem_len 1024
12-02 01:49:18.545  1135  1231 I WifiHAL : index: 5 per_rate_size 32, data_rem_len 992
12-02 01:49:18.545  1135  1231 I WifiHAL : index: 6 per_rate_size 32, data_rem_len 960
12-02 01:49:18.545  1135  1231 I WifiHAL : index: 7 per_rate_size 32, data_rem_len 928
12-02 01:49:18.545  1135  1231 I WifiHAL : index: 8 per_rate_size 32, data_rem_len 896
12-02 01:49:18.545  1135  1231 I WifiHAL : index: 9 per_rate_size 32, data_rem_len 864
12-02 01:49:18.545  1135  1231 I WifiHAL : index: 10 per_rate_size 32, data_rem_len 832
12-02 01:49:18.545  1135  1231 I WifiHAL : index: 11 per_rate_size 32, data_rem_len 800
12-02 01:49:18.545  1135  1231 I WifiHAL : index: 12 per_rate_size 32, data_rem_len 768
12-02 01:49:18.545  1135  1231 I WifiHAL : index: 13 per_rate_size 32, data_rem_len 736
12-02 01:49:18.545  1135  1231 I WifiHAL : index: 14 per_rate_size 32, data_rem_len 704
12-02 01:49:18.545  1135  1231 I WifiHAL : index: 15 per_rate_size 32, data_rem_len 672
12-02 01:49:18.545  1135  1231 I WifiHAL : index: 16 per_rate_size 32, data_rem_len 640
12-02 01:49:18.545  1135  1231 I WifiHAL : index: 17 per_rate_size 32, data_rem_len 608
12-02 01:49:18.545  1135  1231 I WifiHAL : index: 18 per_rate_size 32, data_rem_len 576
12-02 01:49:18.545  1135  1231 I WifiHAL : index: 19 per_rate_size 32, data_rem_len 544
12-02 01:49:18.545  1135  1231 I WifiHAL : index: 20 per_rate_size 32, data_rem_len 512
12-02 01:49:18.545  1135  1231 I WifiHAL : index: 21 per_rate_size 32, data_rem_len 480
12-02 01:49:18.545  1135  1231 I WifiHAL : index: 22 per_rate_size 32, data_rem_len 448
12-02 01:49:18.545  1135  1231 I WifiHAL : index: 23 per_rate_size 32, data_rem_len 416
12-02 01:49:18.545  1135  1231 I WifiHAL : index: 24 per_rate_size 32, data_rem_len 384
12-02 01:49:18.545  1135  1231 I WifiHAL : index: 25 per_rate_size 32, data_rem_len 352
12-02 01:49:18.545  1135  1231 I WifiHAL : index: 26 per_rate_size 32, data_rem_len 320
12-02 01:49:18.545  1135  1231 I WifiHAL : index: 27 per_rate_size 32, data_rem_len 288
12-02 01:49:18.545  1135  1231 I WifiHAL : index: 28 per_rate_size 32, data_rem_len 256
12-02 01:49:18.545  1135  1231 I WifiHAL : index: 29 per_rate_size 32, data_rem_len 224
12-02 01:49:18.545  1135  1231 I WifiHAL : index: 30 per_rate_size 32, data_rem_len 192
12-02 01:49:18.545  1135  1231 I WifiHAL : index: 31 per_rate_size 32, data_rem_len 160
12-02 01:49:18.545  1135  1231 I WifiHAL : index: 32 per_rate_size 32, data_rem_len 128
12-02 01:49:18.545  1135  1231 I WifiHAL : index: 33 per_rate_size 32, data_rem_len 96
12-02 01:49:18.545  1135  1231 I WifiHAL : index: 34 per_rate_size 32, data_rem_len 64
12-02 01:49:18.545  1135  1231 I WifiHAL : index: 35 per_rate_size 32, data_rem_len 32
12-02 01:49:18.547  1135  1231 I WifiHAL : Getting cached scan results, iface handle = 0xb400007d56c604d0
12-02 01:49:18.547  1135  1231 E WifiHAL : Creating message to get cached scan results
12-02 01:49:18.553  1135  1231 I WifiHAL : In GetCachedScanResultsCommand::handleResponse
12-02 01:49:18.587  1602  2188 D ConnectivityService: NetReassign [no changes] [c 1] [a 0] [i 4]
12-02 01:49:18.917  1141  1786 D StreamHalAidl: [out|ioHandle:13] standby
12-02 01:49:18.917  1141  1786 D StreamHalAidl: [out|ioHandle:13] pause
12-02 01:49:18.917  1088  1783 I AHal::Stream: Stop: stop stream primary-playback
12-02 01:49:18.918  1088  1783 I AHal::TinyalsaDriverOperations: Stop: pcm_close card_index 0 device 1
12-02 01:49:18.918  1367  1367 D AOC     : F1:MSG: controller.cc, 275: AudioOutCtrl: cmd ID: 0x00c9, tag: 0xad [cntr = 7535]
12-02 01:49:18.919  1367  1367 D AOC     : F1:MSG: controller.cc, 919: AudioOutCtrl: ipc: audio_output_co, cmd ID: 0x00c9, tag: 0xad, rc: 0
12-02 01:49:18.926  1367  1367 D AOC     : H0:Mixer AMixSPKR Input 1 RB overflow. Resyncing.
12-02 01:49:18.947  1088  1783 I AHal::Router: Deactivate: deactivate 400001
12-02 01:49:18.948  1088  1783 I AHal::Router: InvalidateLocked: new graph #1190 Edges(0):
12-02 01:49:18.948  1088  1783 I AHal::Router: InvalidateLocked: ============ apply graph #1190 [Tue Dec  2 01:49:18 2025] start ============
12-02 01:49:18.948  1088  1783 I AHal::Waves: UpdateActiveDevices: removing speaker
12-02 01:49:18.948  1088  1783 I AHal::DeviceInterface: Disconnect: disconnect primary-playback-0 -> speaker
12-02 01:49:18.949  1088  1783 I AHal::AudioRoutePathController: ResetPath: primary-playback-0 -> speaker: true
12-02 01:49:18.950  1367  1367 D AOC     : F1:MSG: controller.cc, 275: AudioOutCtrl: cmd ID: 0x010f, tag: 0xae [cntr = 7536]
12-02 01:49:18.950  1088  1783 I AHal::AudioRoutePathController: ResetPath: speaker: true
12-02 01:49:18.950  1367  1367 D AOC     : F1:Unregistered Source 1 [Primary] from Sink 0 [Speaker]
12-02 01:49:18.950  1088  1783 I AHal::Speaker: Disable: speaker
12-02 01:49:18.950  1367  1367 D AOC     : F1:AT Map:0 (LL:0), 0 EPs active, Power: Yes, Config: No
12-02 01:49:18.950  1088  1783 I AHal::AudioRoutePathController: ResetPath: hostless-ulC spk-vi: true
12-02 01:49:18.950  1088  1783 I AHal::TinyalsaDriverOperations: Stop: pcm_close card_index 0 device 15
12-02 01:49:18.951  1088  1783 I AHal::AdaptedRouteControl: Update: update route from adapted-speaker to null
12-02 01:49:18.951  1367  1367 D AOC     : F1:Mixer 0 configuration changed: (0)
12-02 01:49:18.951  1088  1783 I AHal::AudioRoutePathController: ResetPath: adapted-speaker: true
12-02 01:49:18.951  1367  1367 D AOC     : F1:Sink 0 Configuration changed: ULL (disabled)
12-02 01:49:18.951  1088  1783 I AHal::Router: LogTransferring: Transferring (1):
12-02 01:49:18.951  1088  1783 I AHal::Router: LogTransferring:   primary-playback-0 -> speaker => (null)
12-02 01:49:18.951  1367  1367 D AOC     : F1:[SPKR] protection library mips: 0
12-02 01:49:18.951  1367  1367 D AOC     : F1:[Idle Tracker] long no idle:[0] average between idle:[0.161999ms] max no idle:[11.380657ms]
12-02 01:49:18.951  1088  1783 I AHal::PlaybackThermalThrottleByTemperature: Update Temperature: kOnce to kIdle
12-02 01:49:18.951  1088  1783 I AHal::VoiceCall: Update: reset echo reference device
12-02 01:49:18.951  1088  1757 I AHal::BatteryAdaptiveAudio: ProcessPlaybackTunerControl: update playback tuner with Bypassed
12-02 01:49:18.951  1088  1783 I AHal::Router: InvalidateLocked: ============ apply graph #1190 end ============
12-02 01:49:18.951  1088  1759 I AHal::Tas25xxCodec: amp is turned off, skip to provide health data
12-02 01:49:18.951  1367  1367 D AOC     : F1:MSG: controller.cc, 919: AudioOutCtrl: ipc: audio_output_co, cmd ID: 0x010f, tag: 0xae, rc: 0
12-02 01:49:18.951  1088  1783 I ASvc::PeriodicWorker: SetLinkedConfigIds: update linked configs []
12-02 01:49:18.951  1367  1367 D AOC     : H0:Mixer AMixSPKR: 480 samples (0000/0000) (OFF SC) multi out OFF
12-02 01:49:18.951  1088  1783 D BTAudioSessionAidl: UpdateSourceMetadata - SessionType=LE_AUDIO_HARDWARE_OFFLOAD_ENCODING_DATAPATH has NO session
12-02 01:49:18.951  1088  1783 D BTAudioSessionAidl: UpdateSinkMetadata - SessionType=LE_AUDIO_HARDWARE_OFFLOAD_DECODING_DATAPATH has NO session
12-02 01:49:18.952  1141  1786 D StreamHalAidl: [out|ioHandle:13] flush
12-02 01:49:18.952  1088  1783 I ASvc::CommandWorker: cw-primary-playback: Command{flush: Void{}} in StreamOutPausedState
12-02 01:49:18.952  1088  1783 I ASvc::StreamOutSyncStates: FlushDataQueue: flush 0 bytes in data queue
12-02 01:49:18.952  1367  1367 D AOC     : H0:Mixer configuration updated
12-02 01:49:18.952  1088  1783 I ASvc::CommandWorker: cw-primary-playback: Command{standby: Void{}} in StreamOutIdleState
12-02 01:49:18.953  1367  1367 D AOC     : H0:[Idle Tracker] long no idle:[0] average between idle:[5.658584ms] max no idle:[6.185303ms]
12-02 01:49:20.022  1367  1367 D AOC     : A3:MSG: lsm6dsv_device.cc, 732: USF: Lsm6dsvDevice: Sensor 4: Enabled 0, odr_index 0, period_ns 0.
12-02 01:49:20.023  1367  1367 D AOC     : A3:MSG: lsm6dsv_fifo.cc, 755: USF: Lsm6dsvFifo: ODR: XL/G/T/TS: 240/60/15/30 WM: 1 Intr: 240.
12-02 01:49:20.023  1367  1367 D AOC     : A3:MSG: lsm6dsv_device.cc, 252: USF: Lsm6dsvDevice: Config sampling too slow. Took 926961ns.
12-02 01:49:20.023  1367  1367 D AOC     : A3:MSG: lsm6dsv_device.cc, 641: USF: Lsm6dsvDevice: Fifo was disabled for 926961ns.
12-02 01:49:20.024  1367  1367 D AOC     : A3:MSG: usf_sensor.cc, 1792: USF: Received stop sampling request for LSM6DSV Stationary Detect (active:-1).
12-02 01:49:20.024  1367  1367 D AOC     : A3:MSG: usf_sensor.cc, 2354: USF: Sampling configuration 14239 not found.
12-02 01:49:20.024  1367  1367 D AOC     : A3:MSG: usf_sensor_client.cc, 173: USF: Received kErrNotFound when disabling one shot sensor.
12-02 01:49:20.025  1367  1367 D AOC     : A3:MSG: usf_sensor.cc, 1784: USF: Received start sampling request for LSM6DSV Motion Detect (active:1).
12-02 01:49:20.025  1367  1367 D AOC     : A3:MSG: lsm6dsv_device.cc, 732: USF: Lsm6dsvDevice: Sensor 3: Enabled 1, odr_index 1, period_ns 500000000.
12-02 01:49:20.026  1367  1367 D AOC     : A3:MSG: lsm6dsv_fifo.cc, 755: USF: Lsm6dsvFifo: ODR: XL/G/T/TS: 240/60/15/30 WM: 1 Intr: 240.
12-02 01:49:20.027  1367  1367 D AOC     : A3:MSG: lsm6dsv_device.cc, 641: USF: Lsm6dsvDevice: Fifo was disabled for 759481ns.
12-02 01:49:20.028  1367  1367 D AOC     : A3:MSG: motion_state_sensor.cc, 328: USF: MoSt: MotionDetect sampling started with sampling ID 14242.
12-02 01:49:20.034  1367  1367 D AOC     : A3:MSG: usf_sensor.cc, 1784: USF: Received start sampling request for LSM6DSV Motion Detect (active:2).
12-02 01:49:20.036  1367  1367 D AOC     : A3:MSG: usf_sensor.cc, 1792: USF: Received stop sampling request for LSM6DSV FreeFall Detect (active:0).
12-02 01:49:20.037  1367  1367 D AOC     : A3:MSG: lsm6dsv_device.cc, 732: USF: Lsm6dsvDevice: Sensor 5: Enabled 0, odr_index 0, period_ns 0.
12-02 01:49:20.038  1367  1367 D AOC     : A3:MSG: lsm6dsv_fifo.cc, 755: USF: Lsm6dsvFifo: ODR: XL/G/T/TS: 240/60/15/30 WM: 1 Intr: 240.
12-02 01:49:20.038  1367  1367 D AOC     : A3:MSG: lsm6dsv_device.cc, 641: USF: Lsm6dsvDevice: Fifo was disabled for 529500ns.
12-02 01:49:20.043  1093  1127 I CHRE    : @ 157755.750: Received a sampling status update for one shot sensor LSM6DSV Motion Detect
12-02 01:49:21.464  1313  1317 I WPKTRT  : process_address_event: 2601:500:8985:4c10:58d2:cbff:fe04:47fd added to wlan0
12-02 01:49:21.464  1313  1317 I WPKTRT  : process_address_event: 2601:500:8985:4c10:df4f:6c1a:f0fb:f410 added to wlan0
12-02 01:49:21.464  1313  1317 I WPKTRT  : process_address_event: 2601:500:8985:4c10:3fe6:8312:ffa2:f856 added to wlan0
12-02 01:49:21.468  2380  2659 W AlarmManager: Unrecognized alarm listener com.android.networkstack.android.net.ip.IpClientLinkObserver$Dhcp6PdPreferredPrefixAlarmListener@d900a82
12-02 01:49:21.471  2380  2659 D ApfFilter: (wlan0): Ignoring RA RA fe80::1e9e:ccff:fe09:57eb -> ff02::1 180s 2601:500:8985:4c10::/64 309444s/309444s DNS 180s 2001:558:feed::1 2001:558:feed::2 RIO 180s ::/0  which matches RA fe80::1e9e:ccff:fe09:57eb -> ff02::1 180s 2601:500:8985:4c10::/64 309444s/309444s DNS 180s 2001:558:feed::1 2001:558:feed::2 RIO 180s ::/0 
12-02 01:49:21.585  1135  1231 I WifiHAL : Creating message to get link statistics; iface = 47
12-02 01:49:21.619  1365  1365 W TracingMuxer: type=1400 audit(0.0:51454): avc:  denied  { write } for  name="traced_producer" dev="tmpfs" ino=1355 scontext=u:r:gxp_logging:s0 tcontext=u:object_r:traced_producer_socket:s0 tclass=sock_file permissive=0
12-02 01:49:21.644  1135  1231 I WifiHAL : index: 0 per_rate_size 32, data_rem_len 1152
12-02 01:49:21.644  1135  1231 I WifiHAL : index: 1 per_rate_size 32, data_rem_len 1120
12-02 01:49:21.644  1135  1231 I WifiHAL : index: 2 per_rate_size 32, data_rem_len 1088
12-02 01:49:21.644  1135  1231 I WifiHAL : index: 3 per_rate_size 32, data_rem_len 1056
12-02 01:49:21.644  1135  1231 I WifiHAL : index: 4 per_rate_size 32, data_rem_len 1024
12-02 01:49:21.644  1135  1231 I WifiHAL : index: 5 per_rate_size 32, data_rem_len 992
12-02 01:49:21.644  1135  1231 I WifiHAL : index: 6 per_rate_size 32, data_rem_len 960
12-02 01:49:21.644  1135  1231 I WifiHAL : index: 7 per_rate_size 32, data_rem_len 928
12-02 01:49:21.644  1135  1231 I WifiHAL : index: 8 per_rate_size 32, data_rem_len 896
12-02 01:49:21.644  1135  1231 I WifiHAL : index: 9 per_rate_size 32, data_rem_len 864
12-02 01:49:21.644  1135  1231 I WifiHAL : index: 10 per_rate_size 32, data_rem_len 832
12-02 01:49:21.644  1135  1231 I WifiHAL : index: 11 per_rate_size 32, data_rem_len 800
12-02 01:49:21.644  1135  1231 I WifiHAL : index: 12 per_rate_size 32, data_rem_len 768
12-02 01:49:21.644  1135  1231 I WifiHAL : index: 13 per_rate_size 32, data_rem_len 736
12-02 01:49:21.644  1135  1231 I WifiHAL : index: 14 per_rate_size 32, data_rem_len 704
12-02 01:49:21.644  1135  1231 I WifiHAL : index: 15 per_rate_size 32, data_rem_len 672
12-02 01:49:21.644  1135  1231 I WifiHAL : index: 16 per_rate_size 32, data_rem_len 640
12-02 01:49:21.644  1135  1231 I WifiHAL : index: 17 per_rate_size 32, data_rem_len 608
12-02 01:49:21.644  1135  1231 I WifiHAL : index: 18 per_rate_size 32, data_rem_len 576
12-02 01:49:21.644  1135  1231 I WifiHAL : index: 19 per_rate_size 32, data_rem_len 544
12-02 01:49:21.644  1135  1231 I WifiHAL : index: 20 per_rate_size 32, data_rem_len 512
12-02 01:49:21.644  1135  1231 I WifiHAL : index: 21 per_rate_size 32, data_rem_len 480
12-02 01:49:21.644  1135  1231 I WifiHAL : index: 22 per_rate_size 32, data_rem_len 448
12-02 01:49:21.644  1135  1231 I WifiHAL : index: 23 per_rate_size 32, data_rem_len 416
12-02 01:49:21.644  1135  1231 I WifiHAL : index: 24 per_rate_size 32, data_rem_len 384
12-02 01:49:21.644  1135  1231 I WifiHAL : index: 25 per_rate_size 32, data_rem_len 352
12-02 01:49:21.645  1135  1231 I WifiHAL : index: 26 per_rate_size 32, data_rem_len 320
12-02 01:49:21.645  1135  1231 I WifiHAL : index: 27 per_rate_size 32, data_rem_len 288
12-02 01:49:21.645  1135  1231 I WifiHAL : index: 28 per_rate_size 32, data_rem_len 256
12-02 01:49:21.645  1135  1231 I WifiHAL : index: 29 per_rate_size 32, data_rem_len 224
12-02 01:49:21.645  1135  1231 I WifiHAL : index: 30 per_rate_size 32, data_rem_len 192
12-02 01:49:21.645  1135  1231 I WifiHAL : index: 31 per_rate_size 32, data_rem_len 160
12-02 01:49:21.645  1135  1231 I WifiHAL : index: 32 per_rate_size 32, data_rem_len 128
12-02 01:49:21.645  1135  1231 I WifiHAL : index: 33 per_rate_size 32, data_rem_len 96
12-02 01:49:21.645  1135  1231 I WifiHAL : index: 34 per_rate_size 32, data_rem_len 64
12-02 01:49:21.645  1135  1231 I WifiHAL : index: 35 per_rate_size 32, data_rem_len 32
12-02 01:49:21.646  1135  1231 I WifiHAL : Getting cached scan results, iface handle = 0xb400007d56c604d0
12-02 01:49:21.646  1135  1231 E WifiHAL : Creating message to get cached scan results
12-02 01:49:21.652  1135  1231 I WifiHAL : In GetCachedScanResultsCommand::handleResponse
12-02 01:49:21.691  1602  2188 D ConnectivityService: NetReassign [no changes] [c 0] [a 1] [i 3]
12-02 01:49:22.496  2526  2882 D SatelliteController: iisInCarrierRoamingNbIotNtn: satellite is disabled
12-02 01:49:23.309  2380  2659 D ApfFilter: (wlan0): Adding RA fe80::ce8:e1cc:44b3:b9d1 -> ff02::1 0s RIO 1800s fd00:678b:5785::/64 
12-02 01:49:23.323  1135  1231 E WifiHAL : Setting APF program, halHandle = 0xb400007d56c604d0
12-02 01:49:23.323  1135  1231 E WifiHAL : Set apf filter for iface = wlan0
12-02 01:49:23.323  1135  1231 I WifiHAL : createRequest: APF set program request
12-02 01:49:23.323  1135  1231 I WifiHAL : mProgramLen : 1809
12-02 01:49:23.389 10230 10232 I pixel-thermal: VIRTUAL-SKIN-MODEL: model_input: [31416.00 31238.00 32151.00 29413.00 29435.00 29635.00 31305.00 32796.00 ]
12-02 01:49:23.390 10230 10232 I native  : I0000 00:00:1764658163.390017   10232 thermal_tflite_wrapper.cc:261] ThermalTfliteInvoke
12-02 01:49:23.390 10230 10232 I pixel-thermal: VIRTUAL-SKIN-MODEL: model_output: [29929.8 ]
12-02 01:49:23.390 10230 10232 I pixel-thermal: VIRTUAL-SKIN-MODEL: predicted_value: [29929.8 ]
12-02 01:49:23.390 10230 10232 I pixel-thermal: VIRTUAL-SKIN-CPU-MID:29.8931 raw data: VIRTUAL-SKIN:29893.1 VIRTUAL-SKIN-CPU-MID:29893.1 VIRTUAL-SKIN-LEGACY:30382.3 VIRTUAL-SKIN-LEGACY-MODEL-DIFF:452.541 VIRTUAL-SKIN-LEGACY-SHUTDOWN:0 VIRTUAL-SKIN-MODEL:29929.8 VIRTUAL-SKIN-MODEL-CLAMPED:29929.8 VIRTUAL-SKIN-MODEL-LEGACY-DIFF:-452.541 VIRTUAL-SKIN-MODEL-UPDATED:29893.1 VIRTUAL-SKIN-MODEL-UPPER-CLAMPED:29929.8 VIRTUAL-SKIN-SUB-0:29313.1 VIRTUAL-SKIN-SUB-1:30237.3 VIRTUAL-SKIN-SUB-2:30086.3 VIRTUAL-SKIN-SUB-3:30382.3 VIRTUAL-SKIN-SUB-4:30141.8 VT_LEGACY_WEIGHT:0 VT_MODEL_WEIGHT:1 battery:29500 btmspkr_therm:29435 charging_therm:32151 disp_therm:29635 north_therm:31305 quiet_therm:31238 rfpa_therm:31416 soc_therm:32796 usb_pwr_therm:29413 
12-02 01:49:23.397 10230 10232 I pixel-thermal: disp_therm:29.635 raw data: disp_therm:29635 
12-02 01:49:23.397 10230 10232 I pixel-thermal: VIRTUAL-SKIN-SOC:29.8931 raw data: VIRTUAL-SKIN:29893.1 VIRTUAL-SKIN-SOC:29893.1 
12-02 01:49:23.397 10230 10232 I pixel-thermal: VIRTUAL-SKIN-DISPLAY:29.8931 raw data: VIRTUAL-SKIN:29893.1 VIRTUAL-SKIN-DISPLAY:29893.1 
12-02 01:49:23.397 10230 10232 I pixel-thermal: CPU_THROTTLE_SEVERE:0 raw data: CPU_THROTTLE_SEVERE:0 
12-02 01:49:23.397 10230 10232 I pixel-thermal: VIRTUAL-SKIN:29.8931 raw data: VIRTUAL-SKIN:29893.1 
12-02 01:49:23.397 10230 10232 I pixel-thermal: btmspkr_therm:29.435 raw data: btmspkr_therm:29435 
12-02 01:49:23.397 10230 10232 I pixel-thermal: VIRTUAL-SKIN-HINT:29.8931 raw data: VIRTUAL-SKIN:29893.1 VIRTUAL-SKIN-HINT:29893.1 
12-02 01:49:23.397 10230 10232 I pixel-thermal: VIRTUAL-SKIN-CPU-LIGHT-ODPM:29.8931 raw data: VIRTUAL-SKIN:29893.1 VIRTUAL-SKIN-CPU-LIGHT-ODPM:29893.1 
12-02 01:49:23.397 10230 10232 I pixel-thermal: VIRTUAL-SKIN-CPU-ODPM:29.8931 raw data: VIRTUAL-SKIN:29893.1 VIRTUAL-SKIN-CPU-ODPM:29893.1 
12-02 01:49:23.397 10230 10232 I pixel-thermal: VIRTUAL-SKIN-ODPM-MODEL: model_input: [31416.00 31238.00 32151.00 29413.00 29435.00 29635.00 31305.00 32796.00 29500.00 270.31 5.12 40.47 32.77 5.50 19.29 ]
12-02 01:49:23.398 10230 10232 I native  : I0000 00:00:1764658163.398015   10232 thermal_tflite_wrapper.cc:261] ThermalTfliteInvoke
12-02 01:49:23.398 10230 10232 I pixel-thermal: VIRTUAL-SKIN-ODPM-MODEL: model_output: [29301.6 ]
