12-02 01:49:12.417  2380  2659 D ApfFilter: (wlan0): Ignoring RA RA fe80::1e9e:ccff:fe09:57eb -> ff02::1 180s 2601:500:8985:4c10::/64 309444s/309444s DNS 180s 2001:558:feed::1 2001:558:feed::2 RIO 180s ::/0  which matches RA fe80::1e9e:ccff:fe09:57eb -> ff02::1 180s 2601:500:8985:4c10::/64 309444s/309444s DNS 180s 2001:558:feed::1 2001:558:feed::2 RIO 180s ::/0 
12-02 01:49:12.433  1367  1367 D AOC     : A3:MSG: lsm6dsv_device.cc, 732: USF: Lsm6dsvDevice: Sensor 4: Enabled 0, odr_index 0, period_ns 0.
12-02 01:49:12.433  1367  1367 D AOC     : A3:MSG: lsm6dsv_fifo.cc, 755: USF: Lsm6dsvFifo: ODR: XL/G/T/TS: 240/60/15/30 WM: 1 Intr: 240.
12-02 01:49:12.434  1367  1367 D AOC     : A3:MSG: lsm6dsv_device.cc, 252: USF: Lsm6dsvDevice: Config sampling too slow. Took 990072ns.
12-02 01:49:12.435  1367  1367 D AOC     : A3:MSG: lsm6dsv_device.cc, 641: USF: Lsm6dsvDevice: Fifo was disabled for 990072ns.
12-02 01:49:12.435  1367  1367 D AOC     : A3:MSG: usf_sensor.cc, 1792: USF: Received stop sampling request for LSM6DSV Stationary Detect (active:-1).
12-02 01:49:12.436  1367  1367 D AOC     : A3:MSG: usf_sensor.cc, 2354: USF: Sampling configuration 14234 not found.
12-02 01:49:12.436  1367  1367 D AOC     : A3:MSG: usf_sensor_client.cc, 173: USF: Received kErrNotFound when disabling one shot sensor.
12-02 01:49:12.437  1367  1367 D AOC     : A3:MSG: usf_sensor.cc, 1784: USF: Received start sampling request for LSM6DSV Motion Detect (active:1).
12-02 01:49:12.437  1367  1367 D AOC     : A3:MSG: lsm6dsv_device.cc, 732: USF: Lsm6dsvDevice: Sensor 3: Enabled 1, odr_index 1, period_ns 500000000.
12-02 01:49:12.438  1367  1367 D AOC     : A3:MSG: lsm6dsv_fifo.cc, 755: USF: Lsm6dsvFifo: ODR: XL/G/T/TS: 240/60/15/30 WM: 1 Intr: 240.
12-02 01:49:12.439  1367  1367 D AOC     : A3:MSG: lsm6dsv_device.cc, 641: USF: Lsm6dsvDevice: Fifo was disabled for 779460ns.
12-02 01:49:12.440  1367  1367 D AOC     : A3:MSG: motion_state_sensor.cc, 328: USF: MoSt: MotionDetect sampling started with sampling ID 14237.
12-02 01:49:12.448  1367  1367 D AOC     : A3:MSG: usf_sensor.cc, 1784: USF: Received start sampling request for LSM6DSV Motion Detect (active:2).
12-02 01:49:12.449  1367  1367 D AOC     : A3:MSG: usf_sensor.cc, 1792: USF: Received stop sampling request for LSM6DSV FreeFall Detect (active:0).
12-02 01:49:12.450  1367  1367 D AOC     : A3:MSG: lsm6dsv_device.cc, 732: USF: Lsm6dsvDevice: Sensor 5: Enabled 0, odr_index 0, period_ns 0.
12-02 01:49:12.450  1367  1367 D AOC     : A3:MSG: lsm6dsv_fifo.cc, 755: USF: Lsm6dsvFifo: ODR: XL/G/T/TS: 240/60/15/30 WM: 1 Intr: 240.
12-02 01:49:12.451  1367  1367 D AOC     : A3:MSG: lsm6dsv_device.cc, 252: USF: Lsm6dsvDevice: Config sampling too slow. Took 598307ns.
12-02 01:49:12.451  1367  1367 D AOC     : A3:MSG: lsm6dsv_device.cc, 641: USF: Lsm6dsvDevice: Fifo was disabled for 598307ns.
12-02 01:49:12.460  1093  1127 I CHRE    : @ 157748.163: Received a sampling status update for one shot sensor LSM6DSV Motion Detect
12-02 01:49:13.538  2526  2882 D SatelliteController: iisInCarrierRoamingNbIotNtn: satellite is disabled
12-02 01:49:13.702  1093  1127 D CHRE.HAL: Received a nanoapp message from 0x476f6f676c001022 endpoint 0x8042: Type 0x3 size 8 
12-02 01:49:13.703  1110  1824 I suez-nanoapp-clients: Barometric peak detected: magnitude = 0.207014 hPa (bucket: 5), duration = 239.000000 ms (bucket: 21).
12-02 01:49:13.704  1110  1824 I suez-nanoapp-clients: Vendor atom [id = 100047] reported.
12-02 01:49:13.704  1093  1127 I CHRE    : @ 157749.414: [ip] Peak detected: magnitude = 0.207014 hpa, duration = 239.000000 ms
12-02 01:49:13.705  1093  1127 D CHRE.HAL: Received a nanoapp message from 0x476f6f676c001022 endpoint 0x8042: Type 0x3 size 8 
12-02 01:49:13.705  1110  1824 I suez-nanoapp-clients: Barometric peak detected: magnitude = 0.198715 hPa (bucket: 5), duration = 279.000000 ms (bucket: 24).
12-02 01:49:13.705  1110  1824 I suez-nanoapp-clients: Vendor atom [id = 100047] reported.
12-02 01:49:13.706  1093  1127 I CHRE    : @ 157749.416: [ip] Peak detected: magnitude = 0.198715 hpa, duration = 279.000000 ms
12-02 01:49:15.322  1135  1135 I WifiHAL : Creating message to get link statistics; iface = 47
12-02 01:49:15.408  1135  1135 I WifiHAL : index: 0 per_rate_size 32, data_rem_len 1152
12-02 01:49:15.408  1135  1135 I WifiHAL : index: 1 per_rate_size 32, data_rem_len 1120
12-02 01:49:15.408  1135  1135 I WifiHAL : index: 2 per_rate_size 32, data_rem_len 1088
12-02 01:49:15.408  1135  1135 I WifiHAL : index: 3 per_rate_size 32, data_rem_len 1056
12-02 01:49:15.408  1135  1135 I WifiHAL : index: 4 per_rate_size 32, data_rem_len 1024
12-02 01:49:15.408  1135  1135 I WifiHAL : index: 5 per_rate_size 32, data_rem_len 992
12-02 01:49:15.408  1135  1135 I WifiHAL : index: 6 per_rate_size 32, data_rem_len 960
12-02 01:49:15.408  1135  1135 I WifiHAL : index: 7 per_rate_size 32, data_rem_len 928
12-02 01:49:15.408  1135  1135 I WifiHAL : index: 8 per_rate_size 32, data_rem_len 896
12-02 01:49:15.408  1135  1135 I WifiHAL : index: 9 per_rate_size 32, data_rem_len 864
12-02 01:49:15.408  1135  1135 I WifiHAL : index: 10 per_rate_size 32, data_rem_len 832
12-02 01:49:15.408  1135  1135 I WifiHAL : index: 11 per_rate_size 32, data_rem_len 800
12-02 01:49:15.408  1135  1135 I WifiHAL : index: 12 per_rate_size 32, data_rem_len 768
12-02 01:49:15.408  1135  1135 I WifiHAL : index: 13 per_rate_size 32, data_rem_len 736
12-02 01:49:15.408  1135  1135 I WifiHAL : index: 14 per_rate_size 32, data_rem_len 704
12-02 01:49:15.408  1135  1135 I WifiHAL : index: 15 per_rate_size 32, data_rem_len 672
12-02 01:49:15.408  1135  1135 I WifiHAL : index: 16 per_rate_size 32, data_rem_len 640
12-02 01:49:15.408  1135  1135 I WifiHAL : index: 17 per_rate_size 32, data_rem_len 608
12-02 01:49:15.408  1135  1135 I WifiHAL : index: 18 per_rate_size 32, data_rem_len 576
12-02 01:49:15.408  1135  1135 I WifiHAL : index: 19 per_rate_size 32, data_rem_len 544
12-02 01:49:15.408  1135  1135 I WifiHAL : index: 20 per_rate_size 32, data_rem_len 512
12-02 01:49:15.408  1135  1135 I WifiHAL : index: 21 per_rate_size 32, data_rem_len 480
12-02 01:49:15.408  1135  1135 I WifiHAL : index: 22 per_rate_size 32, data_rem_len 448
12-02 01:49:15.408  1135  1135 I WifiHAL : index: 23 per_rate_size 32, data_rem_len 416
12-02 01:49:15.408  1135  1135 I WifiHAL : index: 24 per_rate_size 32, data_rem_len 384
12-02 01:49:15.408  1135  1135 I WifiHAL : index: 25 per_rate_size 32, data_rem_len 352
12-02 01:49:15.408  1135  1135 I WifiHAL : index: 26 per_rate_size 32, data_rem_len 320
12-02 01:49:15.408  1135  1135 I WifiHAL : index: 27 per_rate_size 32, data_rem_len 288
12-02 01:49:15.408  1135  1135 I WifiHAL : index: 28 per_rate_size 32, data_rem_len 256
12-02 01:49:15.408  1135  1135 I WifiHAL : index: 29 per_rate_size 32, data_rem_len 224
12-02 01:49:15.408  1135  1135 I WifiHAL : index: 30 per_rate_size 32, data_rem_len 192
12-02 01:49:15.408  1135  1135 I WifiHAL : index: 31 per_rate_size 32, data_rem_len 160
12-02 01:49:15.408  1135  1135 I WifiHAL : index: 32 per_rate_size 32, data_rem_len 128
12-02 01:49:15.408  1135  1135 I WifiHAL : index: 33 per_rate_size 32, data_rem_len 96
12-02 01:49:15.408  1135  1135 I WifiHAL : index: 34 per_rate_size 32, data_rem_len 64
12-02 01:49:15.408  1135  1135 I WifiHAL : index: 35 per_rate_size 32, data_rem_len 32
12-02 01:49:15.410  1135  1231 I WifiHAL : Getting cached scan results, iface handle = 0xb400007d56c604d0
12-02 01:49:15.410  1135  1231 E WifiHAL : Creating message to get cached scan results
12-02 01:49:15.416  1135  1231 I WifiHAL : In GetCachedScanResultsCommand::handleResponse
12-02 01:49:15.452  1602  2188 D ConnectivityService: NetReassign [no changes] [c 0] [a 1] [i 3]
12-02 01:49:15.482  1313  1317 I WPKTRT  : process_address_event: 2601:500:8985:4c10:58d2:cbff:fe04:47fd added to wlan0
12-02 01:49:15.482  1313  1317 I WPKTRT  : process_address_event: 2601:500:8985:4c10:df4f:6c1a:f0fb:f410 added to wlan0
12-02 01:49:15.482  1313  1317 I WPKTRT  : process_address_event: 2601:500:8985:4c10:3fe6:8312:ffa2:f856 added to wlan0
12-02 01:49:15.486  2380  2659 W AlarmManager: Unrecognized alarm listener com.android.networkstack.android.net.ip.IpClientLinkObserver$Dhcp6PdPreferredPrefixAlarmListener@d900a82
12-02 01:49:15.487  2380  2659 D ApfFilter: (wlan0): Ignoring RA RA fe80::1e9e:ccff:fe09:57eb -> ff02::1 180s 2601:500:8985:4c10::/64 309444s/309444s DNS 180s 2001:558:feed::1 2001:558:feed::2 RIO 180s ::/0  which matches RA fe80::1e9e:ccff:fe09:57eb -> ff02::1 180s 2601:500:8985:4c10::/64 309444s/309444s DNS 180s 2001:558:feed::1 2001:558:feed::2 RIO 180s ::/0 
12-02 01:49:15.537  2431  2626 D TemperatureStateSource: sequence=15753 actualDelay=10001
12-02 01:49:15.539  2431  2626 D TemperatureStateSource: Reading temperature: sequence=15754
12-02 01:49:15.545 10230 10230 I pixel-thermal: CPU_THROTTLE_SEVERE:0 raw data: CPU_THROTTLE_SEVERE:0 
12-02 01:49:15.545 10230 10230 I pixel-thermal: VIRTUAL-SKIN:29.8687 raw data: VIRTUAL-SKIN:29868.7 VIRTUAL-SKIN-LEGACY:30372.2 VIRTUAL-SKIN-LEGACY-MODEL-DIFF:442.83 VIRTUAL-SKIN-LEGACY-SHUTDOWN:0 VIRTUAL-SKIN-MODEL:29929.4 VIRTUAL-SKIN-MODEL-CLAMPED:29929.4 VIRTUAL-SKIN-MODEL-LEGACY-DIFF:-442.83 VIRTUAL-SKIN-MODEL-UPDATED:29868.7 VIRTUAL-SKIN-MODEL-UPPER-CLAMPED:29929.4 VIRTUAL-SKIN-SUB-0:29366.1 VIRTUAL-SKIN-SUB-1:30194.9 VIRTUAL-SKIN-SUB-2:30114.4 VIRTUAL-SKIN-SUB-3:30372.2 VIRTUAL-SKIN-SUB-4:30138 VT_LEGACY_WEIGHT:0 VT_MODEL_WEIGHT:1 battery:29500 btmspkr_therm:29390 charging_therm:32284 disp_therm:29524 north_therm:31327 quiet_therm:31104 rfpa_therm:31327 soc_therm:33308 usb_pwr_therm:29390 
12-02 01:49:15.546  2431  2626 D TemperatureStateSource: getDeviceTemperatures: sequence=15754 deviceTemperatureType=3 temperatureSource=0 temperatures=[29.8687]
12-02 01:49:15.546  2431  2626 D BusinessScope: Enqueuing the block
12-02 01:49:15.547  2431  2626 D TemperatureStateSource: sequence=15754 waitTime=10000
12-02 01:49:15.547  2431  2691 D BusinessScope: Start running the #31967 block
12-02 01:49:15.549 10230 10230 I pixel-thermal: CPU_THROTTLE_SEVERE:0 raw data: CPU_THROTTLE_SEVERE:0 
12-02 01:49:15.549 10230 10230 I pixel-thermal: VIRTUAL-SKIN:29.8687 raw data: VIRTUAL-SKIN:29868.7 
12-02 01:49:15.549  2431  2691 I TemperatureStateSource: temperature was set
12-02 01:49:15.551  2431  2691 D BusinessScope: Enqueuing the block
12-02 01:49:15.551  2431  2691 D ImpulseStateSource: Notify clients: 15981
12-02 01:49:15.551  2431  2691 D BusinessScope: Finish running the #31967 block
12-02 01:49:15.551  2431  2691 D BusinessScope: Start running the #31968 block
12-02 01:49:15.551  2431  2691 D ImpulseConnection: bindService: com.google.android.apps.turbo
12-02 01:49:15.556  1602  2234 D BackgroundInstallControlService: Package event received: 0
12-02 01:49:15.568  1602  3976 D ActivityManager: sync unfroze 6894 com.google.android.apps.turbo for 6
12-02 01:49:15.570  1602  2234 D BackgroundInstallControlService: Package event received: 0
12-02 01:49:15.584  2431  2431 D ImpulseConnection: onServiceConnected: ComponentInfo{com.google.android.apps.turbo/com.google.android.apps.turbo.adaptiveplatform.impulse.ImpulseClientService} service is null false
12-02 01:49:15.584  1602  3976 W ProcessStats: Tracking association SourceState{c621158 com.google.android.pixelsystemservice/10257 ImpFg #89685} whose proc state 5 is better than process ProcessState{e9332bd com.google.android.apps.turbo/10177 pkg=com.google.android.apps.turbo} proc state 14 (6 skipped)
12-02 01:49:15.586  2431  2594 D BusinessScope: Finish running the #31968 block
12-02 01:49:15.707  1367  1367 D AOC     : A3:MSG: lsm6dsv_device.cc, 732: USF: Lsm6dsvDevice: Sensor 3: Enabled 0, odr_index 0, period_ns 0.
12-02 01:49:15.707  1367  1367 D AOC     : A3:MSG: lsm6dsv_fifo.cc, 755: USF: Lsm6dsvFifo: ODR: XL/G/T/TS: 240/60/15/30 WM: 1 Intr: 240.
12-02 01:49:15.710  1367  1367 D AOC     : A3:MSG: lsm6dsv_device.cc, 252: USF: Lsm6dsvDevice: Config sampling too slow. Took 1087362ns.
12-02 01:49:15.710  1367  1367 D AOC     : A3:MSG: lsm6dsv_device.cc, 641: USF: Lsm6dsvDevice: Fifo was disabled for 1087362ns.
12-02 01:49:15.711  1367  1367 D AOC     : A3:MSG: usf_sensor.cc, 1792: USF: Received stop sampling request for LSM6DSV Motion Detect (active:-1).
12-02 01:49:15.711  1367  1367 D AOC     : A3:MSG: usf_sensor.cc, 2354: USF: Sampling configuration 14237 not found.
12-02 01:49:15.711  1367  1367 D AOC     : A3:MSG: usf_sensor_client.cc, 173: USF: Received kErrNotFound when disabling one shot sensor.
12-02 01:49:15.711  1367  1367 D AOC     : A3:MSG: usf_sensor.cc, 1784: USF: Received start sampling request for LSM6DSV Stationary Detect (active:1).
12-02 01:49:15.711  1367  1367 D AOC     : A3:MSG: lsm6dsv_device.cc, 732: USF: Lsm6dsvDevice: Sensor 4: Enabled 1, odr_index 1, period_ns 500000000.
12-02 01:49:15.711  1367  1367 D AOC     : A3:MSG: lsm6dsv_fifo.cc, 755: USF: Lsm6dsvFifo: ODR: XL/G/T/TS: 240/60/15/30 WM: 1 Intr: 240.
12-02 01:49:15.711  1367  1367 D AOC     : A3:MSG: lsm6dsv_device.cc, 641: USF: Lsm6dsvDevice: Fifo was disabled for 956014ns.
12-02 01:49:15.712  1367  1367 D AOC     : A3:MSG: motion_state_sensor.cc, 328: USF: MoSt: StationaryDetect sampling started with sampling ID 14239.
12-02 01:49:15.715  1367  1367 D AOC     : A3:MSG: usf_sensor.cc, 1784: USF: Received start sampling request for LSM6DSV FreeFall Detect (active:1).
12-02 01:49:15.716  1367  1367 D AOC     : A3:MSG: lsm6dsv_device.cc, 732: USF: Lsm6dsvDevice: Sensor 5: Enabled 1, odr_index 2, period_ns 500000000.
12-02 01:49:15.716  1367  1367 D AOC     : A3:MSG: lsm6dsv_fifo.cc, 755: USF: Lsm6dsvFifo: ODR: XL/G/T/TS: 240/60/15/30 WM: 1 Intr: 240.
12-02 01:49:15.717  1367  1367 D AOC     : A3:MSG: lsm6dsv_device.cc, 641: USF: Lsm6dsvDevice: Fifo was disabled for 659139ns.
12-02 01:49:15.721  1367  1367 D AOC     : A3:MSG: usf_sensor.cc, 1784: USF: Received start sampling request for LSM6DSV Stationary Detect (active:2).
12-02 01:49:15.723  1093  1127 I CHRE    : @ 157751.435: Received a sampling status update for one shot sensor LSM6DSV FreeFall Detect
12-02 01:49:15.723  1093  1127 I CHRE    : @ 157751.436: Received a sampling status update for one shot sensor LSM6DSV Stationary Detect
12-02 01:49:15.772  2275  2281 I deeptouch: I0000 00:00:1764658155.772655    2281 tf_lite_classifier.cc:413] Event stream classified as kNone
12-02 01:49:15.788  1602  3976 V WindowManager: DesktopModeLaunchParamsModifier: phase= 0 task=null activity=null display-from-option=0 display-id=0 task-display-area-windowing-mode=1 suggested-display-area=DefaultTaskDisplayArea@145796719 task null, skipping
12-02 01:49:15.788  1602  3976 V WindowManager: TaskLaunchParamsModifier:phase=0 task=null activity=null display-from-option=0 display-id=0 task-display-area-windowing-mode=1 suggested-display-area=DefaultTaskDisplayArea@145796719
12-02 01:49:15.789  1602  2026 W AS.PlaybackActivityMon: No piid assigned for invalid/internal port id 36
12-02 01:49:15.789  1088  1177 D AHal::UseCase: SetActiveTracks: update primary-playback active tracks(1)
12-02 01:49:15.789  1088  1177 I StHal::SoundTriggerHal: ProcessStreamMetadata: active usage tracks: 0
12-02 01:49:15.789  1602  3976 V GrammaticalInflectionUtils: AttributionSource: android.content.AttributionSource@b962e7f does not have READ_SYSTEM_GRAMMATICAL_GENDER permission.
12-02 01:49:15.789  1088  1177 D BTAudioSessionAidl: UpdateSourceMetadata - SessionType=LE_AUDIO_HARDWARE_OFFLOAD_ENCODING_DATAPATH has NO session
12-02 01:49:15.789  1088  1177 D BTAudioSessionAidl: GetSupportedLatencyModes - SessionType=LE_AUDIO_HARDWARE_OFFLOAD_ENCODING_DATAPATH has NO session
12-02 01:49:15.789  1088  1177 D BTAudioSessionAidl: SetLatencyMode - SessionType=LE_AUDIO_HARDWARE_OFFLOAD_ENCODING_DATAPATH has NO session
12-02 01:49:15.789  1088  1177 D BTAudioSessionAidl: GetSupportedLatencyModes - SessionType=A2DP_HARDWARE_OFFLOAD_ENCODING_DATAPATH has NO session
12-02 01:49:15.789  1088  1177 D BTAudioSessionAidl: SetLatencyMode - SessionType=A2DP_HARDWARE_OFFLOAD_ENCODING_DATAPATH has NO session
12-02 01:49:15.789  1602  3976 W OptProp : Cannot read opt property android.window.PROPERTY_COMPAT_ALLOW_RESIZEABLE_ACTIVITY_OVERRIDES
12-02 01:49:15.789  1602  3976 W OptProp : Cannot read opt property android.window.PROPERTY_COMPAT_ALLOW_MIN_ASPECT_RATIO_OVERRIDE
12-02 01:49:15.790  1088  1783 I ASvc::CommandWorker: cw-primary-playback: Command{start: Void{}} in StreamOutStandbyState
12-02 01:49:15.790  1602  3976 V WindowManager: DesktopModeLaunchParamsModifier: phase= 0 task=null activity=ActivityRecord{8841099 u0 com.securelegion/.SplashActivity display-from-option=0 display-id=0 task-display-area-windowing-mode=1 suggested-display-area=DefaultTaskDisplayArea@145796719 task null, skipping
12-02 01:49:15.790  1602  3976 V WindowManager: TaskLaunchParamsModifier:phase=0 task=null activity=ActivityRecord{8841099 u0 com.securelegion/.SplashActivity t-1} display-from-option=0 display-id=0 task-display-area-windowing-mode=1 suggested-display-area=DefaultTaskDisplayArea@145796719
12-02 01:49:15.790  1602  3976 V WindowManager: DesktopModeLaunchParamsModifier: phase= 3 task=null activity=ActivityRecord{8841099 u0 com.securelegion/.SplashActivity t-1} display-from-option=0 display-id=0 task-display-area-windowing-mode=1 suggested-display-area=DefaultTaskDisplayArea@145796719 task null, skipping
12-02 01:49:15.790  1088  1783 I ASvc::CommandWorker: cw-primary-playback: Command{burst: 0} in StreamOutIdleState
12-02 01:49:15.790  1088  1783 I ASvc::CommandWorker: StartStreamAndActivateRoute: try to start primary-playback, counter 5
12-02 01:49:15.790  1088  1783 I AHal::Router: Activate: activate 400001 without a scoped lock
12-02 01:49:15.790  1602  3976 V WindowManager: TaskLaunchParamsModifier:phase=3 task=null activity=ActivityRecord{8841099 u0 com.securelegion/.SplashActivity t-1} display-from-option=0 display-id=0 task-display-area-windowing-mode=1 suggested-display-area=DefaultTaskDisplayArea@145796719 inherit-from-source=fullscreen non-freeform-task-display-area display-area=DefaultTaskDisplayArea@145796719 default-portrait freeform-size-mismatch=Rect(276, 716 - 804, 1796)
12-02 01:49:15.790  1088  1783 I AHal::Router: InvalidateLocked: new graph #1189 Edges(1):
12-02 01:49:15.790  1088  1783 I AHal::Router:   [direction: 0, use case: primary-playback, id: 0, use case extras: [aec: false, ns: false], use case attributes: [active track: true][sample_rate: 48000][channel layout: AudioChannelLayout{layoutMask: 3}][format: AudioFormatDescription{type: PCM, pcm: FLOAT_32_BIT, encoding: }], device: speaker, sibling device: , handle: 0xb400007cb5e6ad90, device extras: [source: SYS_RESERVED_INVALID, voice call: false, st aec: false, hac: false, sr: 48000, ch: AudioChannelLayout{layoutMask: 3}, f: AudioFormatDescription{type: PCM, pcm: FLOAT_32_BIT, encoding: }, hifi: 0], config id: [u: 400001, d:100001], priority: 0000]
12-02 01:49:15.790  1088  1783 I AHal::Router: InvalidateLocked: ============ apply graph #1189 [Tue Dec  2 01:49:15 2025] start ============
12-02 01:49:15.790  1088  1783 I AHal::Router: LogTransferring: Transferring (1):
12-02 01:49:15.790  1088  1783 I AHal::Router: LogTransferring:   (null) => primary-playback-0 -> speaker
12-02 01:49:15.790  1088  1783 I AHal::Router: Configure: config device primary-playback-0 -> speaker
12-02 01:49:15.791  1088  1783 I AHal::Router: UpdateDeviceInterfaceSettings: commit device-speaker
12-02 01:49:15.791  1088  1783 I AHal::PlaybackThermalThrottleByTemperature: Update Temperature: kIdle to kOnce
12-02 01:49:15.791  1088  1783 I AHal::VoiceCall: Update: set echo reference on speaker for primary-playback
12-02 01:49:15.791  1088  1783 I AHal::Speaker: Enable: speaker
12-02 01:49:15.791  1088  1783 D audio_route: Apply path: hostless-ulC spk-vi
12-02 01:49:15.792  1088  1783 I AHal::AudioRoutePathController: ApplyPath: hostless-ulC spk-vi: true
12-02 01:49:15.792  1088  1783 D AHal::TinyalsaDriverOperations: OpenAndPrepareLocked: open pcmC0D15c with [channel: 2, rate: 48000, period_size: 480, period_count: 2, format: 0, start_threshold: 0, stop_threshold: 24000, silence_threshold: 0, silence_size: 0, avail_min: 0]
12-02 01:49:15.793  1602  3976 V WindowManager: DesktopModeLaunchParamsModifier: phase= 3 task=Task{47f2068 #820 type=standard A=10367:com.securelegion} activity=ActivityRecord{8841099 u0 com.securelegion/.SplashActivity t-1} display-from-option=0 display-id=0 task-display-area-windowing-mode=1 suggested-display-area=DefaultTaskDisplayArea@145796719 not entering desktop mode, skipping
12-02 01:49:15.793  1602  3976 V WindowManager: TaskLaunchParamsModifier:phase=3 task=Task{47f2068 #820 type=standard A=10367:com.securelegion} activity=ActivityRecord{8841099 u0 com.securelegion/.SplashActivity t-1} display-from-option=0 display-id=0 task-display-area-windowing-mode=1 suggested-display-area=DefaultTaskDisplayArea@145796719 inherit-from-source=fullscreen non-freeform-task-display-area display-area=DefaultTaskDisplayArea@145796719 default-portrait freeform-size-mismatch=Rect(276, 716 - 804, 1796)
12-02 01:49:15.794  1088  1757 I AHal::BatteryAdaptiveAudio: ProcessPlaybackTunerControl: update playback tuner with Disabled
12-02 01:49:15.794  1602  3976 W OptProp : Cannot read opt property android.window.PROPERTY_COMPAT_ALLOW_ORIENTATION_OVERRIDE
12-02 01:49:15.795  2286  2320 V ShellStartingWindow: RSO:Start tracking for task=820
12-02 01:49:15.796  1602  3976 I ActivityTaskManager: START u0 {act=android.intent.action.MAIN cat=[android.intent.category.LAUNCHER] flg=0x10200000 xflg=0x4 cmp=com.securelegion/.SplashActivity bnds=[795,2168][1050,2449]} with LAUNCH_SINGLE_TASK from uid 10223 (com.google.android.apps.nexuslauncher) (sr=66193940) (BAL_ALLOW_VISIBLE_WINDOW) result code=0
12-02 01:49:15.796  2286  2320 V WindowManagerShell: Transition requested (#1200): android.os.BinderProxy@755a24b TransitionRequestInfo { type = OPEN, triggerTask = TaskInfo{userId=0 taskId=820 effectiveUid=10367 displayId=0 isRunning=true baseIntent=Intent { act=android.intent.action.MAIN cat=[android.intent.category.LAUNCHER] flg=0x10200000 cmp=com.securelegion/.SplashActivity } baseActivity=ComponentInfo{com.securelegion/com.securelegion.SplashActivity} topActivity=ComponentInfo{com.securelegion/com.securelegion.SplashActivity} origActivity=null realActivity=ComponentInfo{com.securelegion/com.securelegion.SplashActivity} numActivities=1 lastActiveTime=157742650 supportsMultiWindow=true resizeMode=1 isResizeable=true minWidth=-1 minHeight=-1 defaultMinSize=220 token=WCT{android.os.BinderProxy@312c541} topActivityType=1 pictureInPictureParams=null shouldDockBigOverlays=false launchIntoPipHostTaskId=-1 lastParentTaskIdBeforePip=-1 displayCutoutSafeInsets=Rect(0, 152 - 0, 0) topActivityInfo=ActivityInfo{85dfae6 com.securelegion.SplashActivity} launchCookies=[android.os.BinderProxy@65a1827] positionInParent=Point(0, 0) parentTaskId=-1 isFocused=false isVisible=false isVisibleRequested=false isTopActivityNoDisplay=false isSleeping=false locusId=null displayAreaFeatureId=1 isTopActivityTransparent=false isActivityStackTransparent=false lastNonFullscreenBounds=Rect(276, 716 - 804, 1796) capturedLink=null capturedLinkTimestamp=0 requestedVisibleTypes=-9 topActivityRequestOpenInBrowserEducationTimestamp=0 appCompatTaskInfo=AppCompatTaskInfo { topActivityInSizeCompat=false eligibleForLetterboxEducation= false isLetterboxEducationEnabled= false isLetterboxDoubleTapEnabled= false eligibleForUserAspectRatioButton= false topActivityBoundsLetterboxed= false isFromLetterboxDoubleTap= false topActivityLetterboxVerticalPosition= -1 topActivityLetterboxHorizontalPosition= -1 topActivityLetterboxWidth=-1 topActivityLetterboxHeight=-1 topActivityAppBounds=Rect(0, 0 - 1080, 2424) isUserFullscreenOverrideEnabled=false isSystemFullscreenOverrideEnabled=false hasMinAspectRatioOverride=false topActivityLetterboxBounds=null cameraCompatTaskInfo=CameraCompatTaskInfo { freeformCameraCompatMode=inactiveundefined} topNonResizableActivityAspectRatio=-1.0} topActivityMainWindowFrame=null isAppBubble=false}, pipChange = null, remoteTransition = RemoteTransition { remoteTransition = android.window.IRemoteTransition$Stub$Proxy@ce25ad4, appThread = android.app.IApplicationThread$Stub$Proxy@805747d, debugName = QuickstepLaunch }, displayChange = null, flags = 0, debugId = 1200 }
12-02 01:49:15.796  2286  2320 D ShellSplitScreen: logExit: no-op, mLoggerSessionId is null
12-02 01:49:15.796  2286  2320 V WindowManagerShell: RemoteTransition directly requested for (#1200) android.os.BinderProxy@755a24b: RemoteTransition { remoteTransition = android.window.IRemoteTransition$Stub$Proxy@ce25ad4, appThread = android.app.IApplicationThread$Stub$Proxy@805747d, debugName = QuickstepLaunch }
12-02 01:49:15.796  2286  2320 V WindowManagerShell: Transition (#1200): request handled by DefaultMixedHandler
12-02 01:49:15.796  1602  1684 V GrammaticalInflectionUtils: AttributionSource: android.content.AttributionSource@b962e7f does not have READ_SYSTEM_GRAMMATICAL_GENDER permission.
12-02 01:49:15.797 30340 30340 D StatsLog: LAUNCHER_APP_LAUNCH_TAP
12-02 01:49:15.797 30340 30340 D StatsLog: LAUNCHER_HOTSEAT_RANKED
12-02 01:49:15.797  2286  2381 W ShellStartingWindow: Get attribute fail, return default: Drawable com.securelegion:drawable/splash_icon_transparent with resource ID #0x7f080185
12-02 01:49:15.798   679  1073 I libbinder.BpBinder: onLastStrongRef automatically unlinking death recipients: 
12-02 01:49:15.799 30340 30365 D QuickstepModelDelegate: notifyAppTargetEvent action=1 launchLocation=all-apps
12-02 01:49:15.800 30340 30340 D BaseActivity: Launcher flags updated: [state_started|state_resumed|state_deferred_resumed|state_window_focused] -[state_user_active]
12-02 01:49:15.800 30340 30340 D BaseActivity: Launcher flags updated: [state_started|state_window_focused] -[state_resumed|state_deferred_resumed]
12-02 01:49:15.800 30340 30340 W SplitSelectStateCtor: Missing session instanceIds
12-02 01:49:15.800 30340 30340 D StatsLog: LAUNCHER_SPLIT_SELECTION_EXIT_INTERRUPTED
12-02 01:49:15.800 10230 10230 I pixel-thermal: VIRTUAL-USB-UI:0 raw data: USB-MINUS-CHARGER:-2894 VIRTUAL-USB-UI:0 charging_therm:32284 usb_pwr_therm:29390 
12-02 01:49:15.800 10230 10230 I pixel-thermal: VIRTUAL-USB-THROTTLING:0 raw data: USB-MINUS-CHARGER:-2894 VIRTUAL-USB-THROTTLING:0 usb_pwr_therm:29390 
12-02 01:49:15.800 10230 10230 I pixel-thermal: VIRTUAL-SKIN-CHARGE-WLC:30.4534 raw data: VIRTUAL-SKIN-CHARGE-WLC:30453.4 charging_therm:32284 soc_therm:33308 usb_pwr_therm:29390 
12-02 01:49:15.800 10230 10230 I pixel-thermal: quiet_therm:31.104 raw data: quiet_therm:31104 
12-02 01:49:15.800 10230 10230 I pixel-thermal: VIRTUAL-SKIN-CHARGE:29.8998 raw data: VIRTUAL-SKIN-CHARGE:29899.8 VIRTUAL-SKIN-CHARGE-SUB-0:29513 VIRTUAL-SKIN-CHARGE-SUB-1:29899.8 btmspkr_therm:29390 charging_therm:32284 disp_therm:29524 north_therm:31327 quiet_therm:31104 rfpa_therm:31327 soc_therm:33308 usb_pwr_therm:29390 
12-02 01:49:15.800 10230 10230 I pixel-thermal: usb_pwr_therm:29.39 raw data: usb_pwr_therm:29390 
12-02 01:49:15.800 10230 10230 I pixel-thermal: VIRTUAL-SKIN-SPEAKER-MODEL: model_input: [29500.00 29390.00 32284.00 29524.00 31327.00 31104.00 31327.00 33308.00 29390.00 ]
12-02 01:49:15.800 10230 10230 I native  : I0000 00:00:1764658155.800677   10230 thermal_tflite_wrapper.cc:261] ThermalTfliteInvoke
12-02 01:49:15.800 10230 10230 I pixel-thermal: VIRTUAL-SKIN-SPEAKER-MODEL: model_output: [29380.1 ]
12-02 01:49:15.800 10230 10230 I pixel-thermal: VIRTUAL-SKIN-SPEAKER-MODEL: predicted_value: [29380.1 ]
12-02 01:49:15.800 10230 10230 I pixel-thermal: cellular-emergency:29.8687 raw data: VIRTUAL-SKIN:29868.7 cellular-emergency:29868.7 
12-02 01:49:15.800 10230 10230 I pixel-thermal: VIRTUAL-SKIN-SPEAKER:29.3801 raw data: VIRTUAL-SKIN-SPEAKER:29380.1 VIRTUAL-SKIN-SPEAKER-MODEL:29380.1 
12-02 01:49:15.800 10230 10230 I pixel-thermal: VIRTUAL-SKIN-ODPM-MODEL: model_input: [31327.00 31104.00 32284.00 29390.00 29390.00 29524.00 31327.00 33308.00 29500.00 280.24 5.14 23.85 32.39 5.51 19.37 ]
12-02 01:49:15.800 10230 10230 I native  : I0000 00:00:1764658155.800766   10230 thermal_tflite_wrapper.cc:261] ThermalTfliteInvoke
12-02 01:49:15.800 10230 10230 I pixel-thermal: VIRTUAL-SKIN-ODPM-MODEL: model_output: [29246.9 ]
12-02 01:49:15.800 10230 10230 I pixel-thermal: VIRTUAL-SKIN-ODPM-MODEL: predicted_value: [29246.9 ]
12-02 01:49:15.800 10230 10230 I pixel-thermal: btmspkr_therm:29.39 raw data: btmspkr_therm:29390 
12-02 01:49:15.800 10230 10230 I pixel-thermal: CPU_THROTTLE_SEVERE:0 raw data: CPU_THROTTLE_SEVERE:0 
12-02 01:49:15.800 10230 10230 I pixel-thermal: VIRTUAL-SKIN:29.8687 raw data: VIRTUAL-SKIN:29868.7 
12-02 01:49:15.800 10230 10230 I pixel-thermal: CPU_THROTTLE_SEVERE:0 raw data: CPU_THROTTLE_SEVERE:0 
12-02 01:49:15.800 10230 10230 I pixel-thermal: VIRTUAL-SKIN-DISPLAY:29.8687 raw data: VIRTUAL-SKIN:29868.7 VIRTUAL-SKIN-DISPLAY:29868.7 
12-02 01:49:15.801  1602  3976 V WindowManager: Defer transition id=1200 for TaskFragmentTransaction=android.os.Binder@a32bd03
12-02 01:49:15.802  1602  3976 V WindowManager: deferTransitionReady deferReadyDepth=1 stack=com.android.server.wm.TransitionController.deferTransitionReady:1014 com.android.server.wm.TaskFragmentOrganizerController$TaskFragmentOrganizerState.dispatchTransaction:508 com.android.server.wm.TaskFragmentOrganizerController.dispatchPendingEvents:1250 com.android.server.wm.TaskFragmentOrganizerController.dispatchPendingEvents:1219 com.android.server.wm.RootWindowContainer.performSurfacePlacementNoTrace:808 
12-02 01:49:15.802  1602  2234 D BackgroundInstallControlService: Package event received: 0
12-02 01:49:15.802  1602 10739 V WindowManager: Continue transition id=1200 for TaskFragmentTransaction=android.os.Binder@a32bd03
12-02 01:49:15.802 10230 10230 I pixel-thermal: soc:2 raw data: soc:2 
12-02 01:49:15.802  1602 10739 V WindowManager: continueTransitionReady deferReadyDepth=0 stack=com.android.server.wm.TransitionController.continueTransitionReady:1023 com.android.server.wm.TaskFragmentOrganizerController$TaskFragmentOrganizerState.onTransactionFinished:537 com.android.server.wm.TaskFragmentOrganizerController.onTransactionHandled:731 android.window.ITaskFragmentOrganizerController$Stub.onTransact:225 android.os.Binder.execTransactInternal:1441 
12-02 01:49:15.802 10230 10230 I pixel-thermal: rfpa_therm:31.327 raw data: rfpa_therm:31327 
12-02 01:49:15.802 10230 10230 I pixel-thermal: battery:29.5 raw data: battery:29500 
12-02 01:49:15.802 10230 10230 I pixel-thermal: BCL_AUDIO_BAACL:0 raw data: BCL_AUDIO_BAACL:0 battery:29500 soc:2 
12-02 01:49:15.803 10230 10230 I pixel-thermal: north_therm:31.327 raw data: north_therm:31327 
12-02 01:49:15.803 10230 10230 I pixel-thermal: charging_therm:32.284 raw data: charging_therm:32284 
12-02 01:49:15.803 10230 10230 I pixel-thermal: disp_therm:29.524 raw data: disp_therm:29524 
12-02 01:49:15.803 10230 10230 I pixel-thermal: soc_therm:33.308 raw data: soc_therm:33308 
12-02 01:49:15.803  1088  1744 I AHal::Waves::CustomAction: operator(): update link law source: 1 value: 29.3801, 29.3801
12-02 01:49:15.810  1066  1066 D Zygote  : Forked child process 7674
12-02 01:49:15.811  1602  1695 I ActivityManager: Start proc 7674:com.securelegion/u0a367 for next-top-activity {com.securelegion/com.securelegion.SplashActivity}
12-02 01:49:15.812  1088  1783 I AHal::AdaptedRouteControl: Update: update route from null to adapted-speaker
12-02 01:49:15.812  1088  1783 D audio_route: Apply path: adapted-speaker
12-02 01:49:15.812  1088  1783 I AHal::AudioRoutePathController: ApplyPath: adapted-speaker: true
12-02 01:49:15.812  1088  1783 I AHal::Tas25xxCodec: SetDriverOpMode: mode is 3
12-02 01:49:15.813  1088  1783 D AHal::Tas25xxCodec: SetDriverOpMode: success
12-02 01:49:15.813  1088  1783 I AHal::Tas25xxCodec: TurnOnSpeakerProtection
12-02 01:49:15.813  1088  1783 I AHal::Tas25xxCodec: SetLibraryMode: mode is 2
12-02 01:49:15.813  1367  1367 D AOC     : F1:MSG: controller.cc, 275: AudioOutCtrl: cmd ID: 0x00d2, tag: 0xce [cntr = 7524]
12-02 01:49:15.814  1088  1783 D audio_route: Apply path: speaker
12-02 01:49:15.814  7674  7674 W zygote64: Activation of cgroup controller +memory failed in path /sys/fs/cgroup/apps/uid_10367: Invalid argument
12-02 01:49:15.814  1088  1783 I AHal::AudioRoutePathController: ApplyPath: speaker: true
12-02 01:49:15.814  1088  1783 D audio_route: Apply path: primary-playback-0 -> speaker
12-02 01:49:15.814  1367  1367 D AOC     : F1:Prot: paramID = 20010f0e, index = 3854, size = 4, ch = 2
12-02 01:49:15.814  1367  1367 D AOC     : F1:Prot: op mode value: 3
12-02 01:49:15.815  1088  1783 I AHal::AudioRoutePathController: ApplyPath: primary-playback-0 -> speaker: true
12-02 01:49:15.815  1088  1783 I AHal::DeviceInterface: Connect: connect primary-playback-0 -> speaker
12-02 01:49:15.815  1088  1783 I AHal::Waves: UpdateActiveDevices: adding speaker
12-02 01:49:15.815  1088  1783 I AHal::Waves: UpdateTuning: Wake up Waves DSP for speaker
12-02 01:49:15.815  1088  1783 I AHal::Waves::CustomAction: GetData: Custom Data: {2,0,1,0,}
12-02 01:49:15.815  1088  1783 I AHal::Waves: UpdateTuning: successfully set link law data 1 29.3801 29.3801
12-02 01:49:15.815  1367  1367 D AOC     : F1:MSG: controller.cc, 919: AudioOutCtrl: ipc: audio_output_tu, cmd ID: 0x00d2, tag: 0xbd, rc: 0
12-02 01:49:15.815  1367  1367 D AOC     : F1:MSG: controller.cc, 275: AudioOutCtrl: cmd ID: 0x00d1, tag: 0xcf [cntr = 7525]
12-02 01:49:15.815  1367  1367 D AOC     : F1:Prot: set library_mode_: 2, algo_enabled_: 1
12-02 01:49:15.815  1367  1367 D AOC     : F1:MSG: controller.cc, 919: AudioOutCtrl: ipc: audio_output_tu, cmd ID: 0x00d1, tag: 0xbe, rc: 0
12-02 01:49:15.815  1367  1367 D AOC     : F1:MSG: controller.cc, 275: AudioOutCtrl: cmd ID: 0x010f, tag: 0xa9 [cntr = 7526]
12-02 01:49:15.816  1367  1367 D AOC     : F1:Source 1 [Primary] mastered by sink 0 [Speaker]
12-02 01:49:15.816  1367  1367 D AOC     : F1:AT Map:2 (LL:0), 1 EPs active, Power: Yes, Config: No
12-02 01:49:15.816  1367  1367 D AOC     : F1:Mixer 0 configuration changed: (2)
12-02 01:49:15.816  1367  1367 D AOC     : F1:Sink 0 Configuration changed: ULL (enabled)
12-02 01:49:15.816  1367  1367 D AOC     : F1:AHWSinkSPKR started: 48 samples (32-bit,2 ch,48 kHz) block 384 ts_en 0
12-02 01:49:15.817  1367  1367 D AOC     : F1:[SPKR] protection library mips: 160
12-02 01:49:15.817  1367  1367 D AOC     : F1:[AHWSinkSPKR] DL resync B: 0, A:0. wo: 0, target offset: 3264 (align 0) -> ro:0
12-02 01:49:15.817  1367  1367 D AOC     : F1:Speaker TDM Started with Clk: 6144 KHz, FS: 48 KHz, Slots: 4 (4 ch used) DMA:1+2
12-02 01:49:15.817  1367  1367 D AOC     : F1:[Idle Tracker] long no idle:[0] average between idle:[0.161990ms] max no idle:[11.380657ms]
12-02 01:49:15.817  1367  1367 D AOC     : F1:MSG: controller.cc, 919: AudioOutCtrl: ipc: audio_output_co, cmd ID: 0x010f, tag: 0xa9, rc: 0
12-02 01:49:15.817  7674  7674 I Zygote  : Process 7674 crated for com.securelegion
12-02 01:49:15.817  7674  7674 I om.securelegion: Using CollectorTypeCMC GC.
12-02 01:49:15.818  1367  1367 D AOC     : F1:MSG: mix_creator.cc, 179: [AHWSinkSPKR] HF overrun. RP(0x80203100) not 3840 bytes behind WP(0x80202f80)
12-02 01:49:15.818  1367  1367 D AOC     : F1:MSG: controller.cc, 275: AudioOutCtrl: cmd ID: 0x00d5, tag: 0xd0 [cntr = 7527]
12-02 01:49:15.818  1367  1367 D AOC     : H0:Mixer AMixSPKR: 480 samples (0002/0002) (ON SC) multi out OFF
12-02 01:49:15.818  1088  1783 I AHal::AocPlaybackTuningAdapter: WriteReadTuningBuffer: updated tuning with size 12724
12-02 01:49:15.818  1367  1367 D AOC     : H0:	 1: 0x406319c8
12-02 01:49:15.818  1088  1783 D AHal::Waves: UpdateTuning: update Device: speaker, InstanceId: 1, IsInitialize: false, NeedToUpdate: true, Parameters{is_bypass:false, MaxVolume: 0.0362078, ScreenOrientation: 0}, is_any_active_track_on_sink: true
12-02 01:49:15.818  1088  1783 I AHal::Router: InvalidateLocked: ============ apply graph #1189 end ============
12-02 01:49:15.818  1088  1783 I ASvc::PeriodicWorker: SetLinkedConfigIds: update linked configs [100001]
12-02 01:49:15.818  1367  1367 D AOC     : H0:AMixSPKR PostProcessing Config: WAVES
12-02 01:49:15.818  1088  1783 D BTAudioSessionAidl: UpdateSourceMetadata - SessionType=LE_AUDIO_HARDWARE_OFFLOAD_ENCODING_DATAPATH has NO session
12-02 01:49:15.818  1088  1783 D BTAudioSessionAidl: UpdateSinkMetadata - SessionType=LE_AUDIO_HARDWARE_OFFLOAD_DECODING_DATAPATH has NO session
12-02 01:49:15.818  1367  1367 D AOC     : H0:Mixer configuration updated
12-02 01:49:15.818  1088  1783 I AHal::Stream: Start: start stream primary-playback
12-02 01:49:15.818  1088  1783 D AHal::TinyalsaDriverOperations: OpenAndPrepareLocked: open pcmC0D1p with [channel: 2, rate: 48000, period_size: 480, period_count: 4, format: 9, start_threshold: 0, stop_threshold: 18446744073709551615, silence_threshold: 0, silence_size: 0, avail_min: 0]
12-02 01:49:15.818  1367  1367 D AOC     : H0:[Idle Tracker] long no idle:[0] average between idle:[5.658646ms] max no idle:[6.185303ms]
12-02 01:49:15.818  1367  1367 D AOC     : H0:Mixer state changed
12-02 01:49:15.819  1367  1367 D AOC     : H0:MSG: controller.cc, 919: AudOutCtrlH0: ipc: C-AO-H0, cmd ID: 0x00d5, tag: 0x4f, rc: 0
12-02 01:49:15.819  1367  1367 D AOC     : F1:MSG: controller.cc, 919: AudioOutCtrl: ipc: audio_output_tu, cmd ID: 0x00d5, tag: 0x4f, rc: 0
12-02 01:49:15.820  7674  7674 E om.securelegion: Not starting debugger since process cannot load the jdwp agent.
12-02 01:49:15.822  7674  7674 D nativeloader: Load libframework-connectivity-tiramisu-jni.so using APEX ns com_android_tethering for caller /apex/com.android.tethering/javalib/framework-connectivity-t.jar: ok
12-02 01:49:15.822  1602  1681 V WindowManager: Sent Transition (#1200) createdAt=12-02 01:49:15.790 via request=TransitionRequestInfo { type = OPEN, triggerTask = TaskInfo{userId=0 taskId=820 effectiveUid=10367 displayId=0 isRunning=true baseIntent=Intent { act=android.intent.action.MAIN cat=[android.intent.category.LAUNCHER] flg=0x10200000 cmp=com.securelegion/.SplashActivity } baseActivity=ComponentInfo{com.securelegion/com.securelegion.SplashActivity} topActivity=ComponentInfo{com.securelegion/com.securelegion.SplashActivity} origActivity=null realActivity=ComponentInfo{com.securelegion/com.securelegion.SplashActivity} numActivities=1 lastActiveTime=157742650 supportsMultiWindow=true resizeMode=1 isResizeable=true minWidth=-1 minHeight=-1 defaultMinSize=220 token=WCT{RemoteToken{5cbefd6 Task{47f2068 #820 type=standard A=10367:com.securelegion}}} topActivityType=1 pictureInPictureParams=null shouldDockBigOverlays=false launchIntoPipHostTaskId=-1 lastParentTaskIdBeforePip=-1 displayCutoutSafeInsets=Rect(0, 152 - 0, 0) topActivityInfo=ActivityInfo{6c8257 com.securelegion.SplashActivity} launchCookies=[android.os.BinderProxy@4343144] positionInParent=Point(0, 0) parentTaskId=-1 isFocused=false isVisible=false isVisibleRequested=false isTopActivityNoDisplay=false isSleeping=false locusId=null displayAreaFeatureId=1 isTopActivityTransparent=false isActivityStackTransparent=false lastNonFullscreenBounds=Rect(276, 716 - 804, 1796) capturedLink=null capturedLinkTimestamp=0 requestedVisibleTypes=-9 topActivityRequestOpenInBrowserEducationTimestamp=0 appCompatTaskInfo=AppCompatTaskInfo { topActivityInSizeCompat=false eligibleForLetterboxEducation= false isLetterboxEducationEnabled= false isLetterboxDoubleTapEnabled= false eligibleForUserAspectRatioButton= false topActivityBoundsLetterboxed= false isFromLetterboxDoubleTap= false topActivityLetterboxVerticalPosition= -1 topActivityLetterboxHorizontalPosition= -1 topActivityLetterboxWidth=-1 topActivityLetterboxHeight=-1 topActivityAppBounds=Rect(0, 0 - 1080, 2424) isUserFullscreenOverrideEnabled=false isSystemFullscreenOverrideEnabled=false hasMinAspectRatioOverride=false topActivityLetterboxBounds=null cameraCompatTaskInfo=CameraCompatTaskInfo { freeformCameraCompatMode=inactiveundefined} topNonResizableActivityAspectRatio=-1.0} topActivityMainWindowFrame=null isAppBubble=false}, pipChange = null, remoteTransition = RemoteTransition { remoteTransition = android.window.IRemoteTransition$Stub$Proxy@fd3e22d, appThread = android.app.IApplicationThread$Stub$Proxy@7ef3362, debugName = QuickstepLaunch }, displayChange = null, flags = 0, debugId = 1200 }
12-02 01:49:15.822  1602  1681 V WindowManager:     startWCT=WindowContainerTransaction { changes= {} hops= [] errorCallbackToken=null taskFragmentOrganizer=null }
12-02 01:49:15.822  2286  3109 V WindowManagerShell: onTransitionReady(transaction=6880537648910)
12-02 01:49:15.822  1602  1681 V WindowManager:     info={id=1200 t=OPEN f=0x0 trk=0 r=[0@Point(0, 0)] c=[
12-02 01:49:15.822  1602  1681 V WindowManager:         {WCT{RemoteToken{5cbefd6 Task{47f2068 #820 type=standard A=10367:com.securelegion}}} m=OPEN f=NONE leash=Surface(name=Task=820)/@0x7920d0a sb=Rect(0, 0 - 1080, 2424) eb=Rect(0, 0 - 1080, 2424) epz=Point(1080, 2424) d=0 taskParent=-1 winMode=1},
12-02 01:49:15.822  1602  1681 V WindowManager:         {WCT{RemoteToken{709b87 Task{4da40b2 #1 type=home}}} m=TO_BACK f=SHOW_WALLPAPER leash=Surface(name=Task=1)/@0xeefd868 sb=Rect(0, 0 - 1080, 2424) eb=Rect(0, 0 - 1080, 2424) epz=Point(1080, 2424) d=0 taskParent=-1 winMode=1},
12-02 01:49:15.822  1602  1681 V WindowManager:         {m=TO_BACK f=IS_WALLPAPER leash=Surface(name=WallpaperWindowToken{a7351ee})/@0x939e5a9 sb=Rect(0, 0 - 1080, 2424) eb=Rect(0, 0 - 1080, 2424) epz=Point(1080, 2424) d=0}
12-02 01:49:15.822  1602  1681 V WindowManager:     ]}
12-02 01:49:15.823  2286  2320 V WindowManagerShell: onTransitionReady (#1200) android.os.BinderProxy@755a24b: {id=1200 t=OPEN f=0x0 trk=0 r=[0@Point(0, 0)] c=[
12-02 01:49:15.823  2286  2320 V WindowManagerShell:         {m=OPEN f=NONE leash=Surface(name=Task=820)/@0x96a0922 sb=Rect(0, 0 - 1080, 2424) eb=Rect(0, 0 - 1080, 2424) epz=Point(1080, 2424) d=0 taskParent=-1 winMode=1},
12-02 01:49:15.823  2286  2320 V WindowManagerShell:         {m=TO_BACK f=SHOW_WALLPAPER leash=Surface(name=Task=1)/@0x33a6fb3 sb=Rect(0, 0 - 1080, 2424) eb=Rect(0, 0 - 1080, 2424) epz=Point(1080, 2424) d=0 taskParent=-1 winMode=1},
12-02 01:49:15.823  2286  2320 V WindowManagerShell:         {m=TO_BACK f=IS_WALLPAPER leash=Surface(name=WallpaperWindowToken{a7351ee})/@0x55c4970 sb=Rect(0, 0 - 1080, 2424) eb=Rect(0, 0 - 1080, 2424) epz=Point(1080, 2424) d=0}
12-02 01:49:15.823  2286  2320 V WindowManagerShell:     ]}
12-02 01:49:15.823  2286  2320 V WindowManagerShell: Playing animation for (#1200) android.os.BinderProxy@755a24b@0
12-02 01:49:15.823  2286  2320 V WindowManagerShell:  try firstHandler com.android.wm.shell.transition.DefaultMixedHandler@8ecc7ca
12-02 01:49:15.823  2286  2320 V WindowManagerShell: Mixed transition for opening an intent with a remote transition and PIP or Desktop #1200
12-02 01:49:15.823  2286  2320 V WindowManagerShell: tryAnimateOpenIntentWithRemoteAndPipOrDesktop
12-02 01:49:15.823  2286  2320 V WindowManagerShell:  Delegate animation for (#1200) to RemoteTransition { remoteTransition = android.window.IRemoteTransition$Stub$Proxy@ce25ad4, appThread = android.app.IApplicationThread$Stub$Proxy@805747d, debugName = QuickstepLaunch }
12-02 01:49:15.823  2286  2320 V WindowManagerShell:  animated by firstHandler
12-02 01:49:15.826  1602  2234 D BackgroundInstallControlService: Package event received: 0
12-02 01:49:15.830  7674  7674 D nativeloader: Configuring clns-9 for other apk /data/app/~~sfkp2jLUSHu4cV62p0Egaw==/com.securelegion-WNrjoO1s2ScZ3p_fIs4o3Q==/base.apk. target_sdk_version=36, uses_libraries=, library_path=/data/app/~~sfkp2jLUSHu4cV62p0Egaw==/com.securelegion-WNrjoO1s2ScZ3p_fIs4o3Q==/lib/arm64:/data/app/~~sfkp2jLUSHu4cV62p0Egaw==/com.securelegion-WNrjoO1s2ScZ3p_fIs4o3Q==/base.apk!/lib/arm64-v8a, permitted_path=/data:/mnt/expand:/data/user/0/com.securelegion
12-02 01:49:15.832  2286  2320 V ShellStartingWindow: RSO:Transaction applied for task=820
12-02 01:49:15.833  7674  7674 V GraphicsEnvironment: Currently set values for:
12-02 01:49:15.834  7674  7674 V GraphicsEnvironment:   angle_gl_driver_selection_pkgs=[com.android.angle, com.google.android.apps.tachyon]
12-02 01:49:15.834  7674  7674 V GraphicsEnvironment:   angle_gl_driver_selection_values=[angle, native]
12-02 01:49:15.834  7674  7674 V GraphicsEnvironment: com.securelegion is not listed in per-application setting
12-02 01:49:15.834  7674  7674 V GraphicsEnvironment: ANGLE allowlist from config: 
12-02 01:49:15.834  7674  7674 V GraphicsEnvironment: com.securelegion is not listed in ANGLE allowlist or settings, returning default
12-02 01:49:15.834  7674  7674 V GraphicsEnvironment: Neither updatable production driver nor prerelease driver is supported.
12-02 01:49:15.835  7674  7674 E FeatureFlagsImplExport: android.os.flagging.AconfigStorageReadException: ERROR_PACKAGE_NOT_FOUND: package com.android.org.conscrypt.net.flags cannot be found on the device
12-02 01:49:15.835 30340 30340 D BaseActivity: Launcher flags updated: [state_started] -[state_window_focused]
12-02 01:49:15.842  1367  1367 D AOC     : F1:MSG: controller.cc, 275: AudioOutCtrl: cmd ID: 0x00ce, tag: 0xaa [cntr = 7528]
12-02 01:49:15.842  1367  1367 D AOC     : F1:MSG: controller_audio_output.cc, 1971: audio_playback1 set default threshold 11520
12-02 01:49:15.842  7674  7687 E ashmem  : Pinning is deprecated since Android Q. Please use trim or other methods.
12-02 01:49:15.843  1367  1367 D AOC     : F1:RAW Endpoint Data Format: 32-bit floating point (XTensa Optimized)
12-02 01:49:15.843  1367  1367 D AOC     : F1:MSG: controller.cc, 919: AudioOutCtrl: ipc: audio_output_co, cmd ID: 0x0132, tag: 0xe0, rc: 0
12-02 01:49:15.843  1367  1367 D AOC     : F1:MSG: controller.cc, 275: AudioOutCtrl: cmd ID: 0x012a, tag: 0xab [cntr = 7529]
12-02 01:49:15.843  7674  7674 D nativeloader: Load /data/app/~~sfkp2jLUSHu4cV62p0Egaw==/com.securelegion-WNrjoO1s2ScZ3p_fIs4o3Q==/lib/arm64/libgojni.so using class loader ns clns-9 (caller=/data/app/~~sfkp2jLUSHu4cV62p0Egaw==/com.securelegion-WNrjoO1s2ScZ3p_fIs4o3Q==/base.apk): ok
12-02 01:49:15.843  1367  1367 D AOC     : F1:MSG: controller_audio_output.cc, 2110: audio_playback1 set threshold 11520 of 15360
12-02 01:49:15.843  1367  1367 D AOC     : F1:MSG: controller.cc, 919: AudioOutCtrl: ipc: audio_output_co, cmd ID: 0x012a, tag: 0xab, rc: 0
12-02 01:49:15.844  1367  1367 D AOC     : F1:MSG: controller.cc, 275: AudioOutCtrl: cmd ID: 0x00c9, tag: 0xac [cntr = 7530]
12-02 01:49:15.844  1367  1367 D AOC     : F1:MSG: controller.cc, 919: AudioOutCtrl: ipc: audio_output_co, cmd ID: 0x00c9, tag: 0xac, rc: 0
12-02 01:49:15.846  1367  1367 E AOC     : F1:ERR: audio_entrypoint.cc, 143: Primary, ZeroEP 480 frames, count: 1
12-02 01:49:15.852  7674  7674 D nativeloader: Load /data/app/~~sfkp2jLUSHu4cV62p0Egaw==/com.securelegion-WNrjoO1s2ScZ3p_fIs4o3Q==/lib/arm64/libsecurelegion.so using class loader ns clns-9 (caller=/data/app/~~sfkp2jLUSHu4cV62p0Egaw==/com.securelegion-WNrjoO1s2ScZ3p_fIs4o3Q==/base.apk): ok
12-02 01:49:15.852  7674  7674 I SecureLegion-Rust: securelegion::ffi::android: SecureLegion native library loaded
12-02 01:49:15.852  7674  7674 I SecureLegion-Rust: securelegion::ffi::android: Starting bootstrap event listener from explicit call...
12-02 01:49:15.852  7674  7698 I SecureLegion-Rust: securelegion::network::tor: Starting bootstrap event listener...
12-02 01:49:15.853  7674  7698 I SecureLegion-Rust: securelegion::network::tor: Event listener: Waiting for control port to become ready...
12-02 01:49:15.854  1602  2234 D BackgroundInstallControlService: Package event received: 0
12-02 01:49:15.854  1602  2234 D BackgroundInstallControlService: Package event received: 0
12-02 01:49:15.855  7674  7699 D nativeloader: Load /data/app/~~sfkp2jLUSHu4cV62p0Egaw==/com.securelegion-WNrjoO1s2ScZ3p_fIs4o3Q==/lib/arm64/libtor.so using class loader ns clns-9 (caller=/data/app/~~sfkp2jLUSHu4cV62p0Egaw==/com.securelegion-WNrjoO1s2ScZ3p_fIs4o3Q==/base.apk): ok
12-02 01:49:15.855  7674  7700 I DisplayManager: Choreographer implicitly registered for the refresh rate.
12-02 01:49:15.856  7674  7700 D vulkan  : searching for layers in '/data/app/~~sfkp2jLUSHu4cV62p0Egaw==/com.securelegion-WNrjoO1s2ScZ3p_fIs4o3Q==/lib/arm64'
12-02 01:49:15.856  7674  7700 D vulkan  : searching for layers in '/data/app/~~sfkp2jLUSHu4cV62p0Egaw==/com.securelegion-WNrjoO1s2ScZ3p_fIs4o3Q==/base.apk!/lib/arm64-v8a'
12-02 01:49:15.860  7674  7674 D CompatChangeReporter: Compat change id reported: 377864165; UID 10367; state: ENABLED
12-02 01:49:15.860  7674  7674 D DesktopExperienceFlags: Toggle override initialized to: false
12-02 01:49:15.860  7674  7674 D DesktopModeFlags: Toggle override initialized to: OVERRIDE_UNSET
12-02 01:49:15.878  7674  7674 I HWUI    : Using FreeType backend (prop=Auto)
12-02 01:49:15.886  7674  7674 I ContentCaptureHelper: Setting logging level to OFF
12-02 01:49:15.896  7674  7735 E Tor-api : The fieldID is NULL
12-02 01:49:15.896  7674  7735 E Tor-api : The fieldID is NULL
12-02 01:49:15.896  7674  7735 E Tor-api : The long is 0
12-02 01:49:15.896  7674  7735 E Tor-api : ConfigurationFree: The Tor configuration is NULL!
12-02 01:49:15.896  7674  7735 E AndroidRuntime: FATAL EXCEPTION: tor
12-02 01:49:15.896  7674  7735 E AndroidRuntime: Process: com.securelegion, PID: 7674
12-02 01:49:15.896  7674  7735 E AndroidRuntime: java.lang.NoSuchFieldError: no "J" field "torConfiguration" in class "Lorg/torproject/jni/TorService;" or its superclasses
12-02 01:49:15.896  7674  7735 E AndroidRuntime: 	at org.torproject.jni.TorService.mainConfigurationFree(Native Method)
12-02 01:49:15.896  7674  7735 E AndroidRuntime: 	at org.torproject.jni.TorService.c(Unknown Source:0)
12-02 01:49:15.896  7674  7735 E AndroidRuntime: 	at mg.c.a(Unknown Source:504)
