12-02 01:49:57.010  1367  1367 D AOC     : A3:MSG: motion_state_sensor.cc, 328: USF: MoSt: MotionDetect sampling started with sampling ID 14247.
12-02 01:49:57.018  1367  1367 D AOC     : A3:MSG: usf_sensor.cc, 1784: USF: Received start sampling request for LSM6DSV Motion Detect (active:2).
12-02 01:49:57.019  1367  1367 D AOC     : A3:MSG: usf_sensor.cc, 1792: USF: Received stop sampling request for LSM6DSV FreeFall Detect (active:0).
12-02 01:49:57.019  1367  1367 D AOC     : A3:MSG: lsm6dsv_device.cc, 732: USF: Lsm6dsvDevice: Sensor 5: Enabled 0, odr_index 0, period_ns 0.
12-02 01:49:57.020  1367  1367 D AOC     : A3:MSG: lsm6dsv_fifo.cc, 755: USF: Lsm6dsvFifo: ODR: XL/G/T/TS: 240/60/15/30 WM: 1 Intr: 240.
12-02 01:49:57.020  1367  1367 D AOC     : A3:MSG: lsm6dsv_device.cc, 252: USF: Lsm6dsvDevice: Config sampling too slow. Took 580729ns.
12-02 01:49:57.020  1367  1367 D AOC     : A3:MSG: lsm6dsv_device.cc, 641: USF: Lsm6dsvDevice: Fifo was disabled for 580729ns.
12-02 01:49:57.024  1093  1127 I CHRE    : @ 157792.732: Received a sampling status update for one shot sensor LSM6DSV Motion Detect
12-02 01:49:57.305  1602 10979 W ActivityTaskManager: callingPackage for (uid=2000, pid=7829) has no WPC
12-02 01:49:57.306  1602 10979 V WindowManager: DesktopModeLaunchParamsModifier: phase= 0 task=null activity=null display-area-from-current-params=null display-area-from-default-fallback=DefaultTaskDisplayArea@145796719 display-id=0 task-display-area-windowing-mode=1 suggested-display-area=DefaultTaskDisplayArea@145796719 task null, skipping
12-02 01:49:57.306  1602 10979 V WindowManager: TaskLaunchParamsModifier:phase=0 task=null activity=null display-area-from-current-params=null display-area-from-default-fallback=DefaultTaskDisplayArea@145796719 display-id=0 task-display-area-windowing-mode=1 suggested-display-area=DefaultTaskDisplayArea@145796719
12-02 01:49:57.308  1602 10979 V GrammaticalInflectionUtils: AttributionSource: android.content.AttributionSource@b962e7f does not have READ_SYSTEM_GRAMMATICAL_GENDER permission.
12-02 01:49:57.308  1602 10979 W OptProp : Cannot read opt property android.window.PROPERTY_COMPAT_ALLOW_RESIZEABLE_ACTIVITY_OVERRIDES
12-02 01:49:57.309  1602 10979 W OptProp : Cannot read opt property android.window.PROPERTY_COMPAT_ALLOW_MIN_ASPECT_RATIO_OVERRIDE
12-02 01:49:57.310  1602 10979 V WindowManager: DesktopModeLaunchParamsModifier: phase= 0 task=null activity=ActivityRecord{208147140 u0 com.securelegion/.SplashActivity display-area-from-current-params=null display-area-from-default-fallback=DefaultTaskDisplayArea@145796719 display-id=0 task-display-area-windowing-mode=1 suggested-display-area=DefaultTaskDisplayArea@145796719 task null, skipping
12-02 01:49:57.310  1602 10979 V WindowManager: TaskLaunchParamsModifier:phase=0 task=null activity=ActivityRecord{208147140 u0 com.securelegion/.SplashActivity t-1} display-area-from-current-params=null display-area-from-default-fallback=DefaultTaskDisplayArea@145796719 display-id=0 task-display-area-windowing-mode=1 suggested-display-area=DefaultTaskDisplayArea@145796719
12-02 01:49:57.310  1602 10979 V WindowManager: DesktopModeLaunchParamsModifier: phase= 3 task=null activity=ActivityRecord{208147140 u0 com.securelegion/.SplashActivity t-1} display-area-from-current-params=null display-area-from-default-fallback=DefaultTaskDisplayArea@145796719 display-id=0 task-display-area-windowing-mode=1 suggested-display-area=DefaultTaskDisplayArea@145796719 task null, skipping
12-02 01:49:57.311  1602 10979 V WindowManager: TaskLaunchParamsModifier:phase=3 task=null activity=ActivityRecord{208147140 u0 com.securelegion/.SplashActivity t-1} display-area-from-current-params=null display-area-from-default-fallback=DefaultTaskDisplayArea@145796719 display-id=0 task-display-area-windowing-mode=1 suggested-display-area=DefaultTaskDisplayArea@145796719 non-freeform-task-display-area display-area=DefaultTaskDisplayArea@145796719 default-portrait freeform-size-mismatch=Rect(276, 716 - 804, 1796)
12-02 01:49:57.316  1602 10979 V WindowManager: DesktopModeLaunchParamsModifier: phase= 3 task=Task{59fe5ad #821 type=standard A=10367:com.securelegion} activity=ActivityRecord{208147140 u0 com.securelegion/.SplashActivity t-1} display-from-task=0 display-id=0 task-display-area-windowing-mode=1 suggested-display-area=DefaultTaskDisplayArea@145796719 not entering desktop mode, skipping
12-02 01:49:57.317  1602 10979 V WindowManager: TaskLaunchParamsModifier:phase=3 task=Task{59fe5ad #821 type=standard A=10367:com.securelegion} activity=ActivityRecord{208147140 u0 com.securelegion/.SplashActivity t-1} display-from-task=0 display-id=0 task-display-area-windowing-mode=1 suggested-display-area=DefaultTaskDisplayArea@145796719 inherit-from-task=fullscreen non-freeform-task-display-area display-area=DefaultTaskDisplayArea@145796719 default-portrait freeform-size-mismatch=Rect(276, 716 - 804, 1796)
12-02 01:49:57.317  1602 10979 W OptProp : Cannot read opt property android.window.PROPERTY_COMPAT_ALLOW_ORIENTATION_OVERRIDE
12-02 01:49:57.318   679  1073 I libbinder.BpBinder: onLastStrongRef automatically unlinking death recipients: 
12-02 01:49:57.319  2286  2320 V ShellStartingWindow: RSO:Start tracking for task=821
12-02 01:49:57.320  1602 10979 I ActivityTaskManager: START u0 {flg=0x10000000 xflg=0x5 cmp=com.securelegion/.SplashActivity} with LAUNCH_SINGLE_TASK from uid 2000 (com.android.shell) (BAL_ALLOW_PERMISSION) result code=0
12-02 01:49:57.320 30340 30340 D BaseActivity: Launcher flags updated: [state_started|state_resumed|state_deferred_resumed|state_window_focused] -[state_user_active]
12-02 01:49:57.320  2286  2320 V WindowManagerShell: Transition requested (#1202): android.os.BinderProxy@264eaf6 TransitionRequestInfo { type = OPEN, triggerTask = TaskInfo{userId=0 taskId=821 effectiveUid=10367 displayId=0 isRunning=true baseIntent=Intent { flg=0x10000000 cmp=com.securelegion/.SplashActivity } baseActivity=ComponentInfo{com.securelegion/com.securelegion.SplashActivity} topActivity=ComponentInfo{com.securelegion/com.securelegion.SplashActivity} origActivity=null realActivity=ComponentInfo{com.securelegion/com.securelegion.SplashActivity} numActivities=1 lastActiveTime=157784174 supportsMultiWindow=true resizeMode=1 isResizeable=true minWidth=-1 minHeight=-1 defaultMinSize=220 token=WCT{android.os.BinderProxy@4d32ef7} topActivityType=1 pictureInPictureParams=null shouldDockBigOverlays=false launchIntoPipHostTaskId=-1 lastParentTaskIdBeforePip=-1 displayCutoutSafeInsets=Rect(0, 152 - 0, 0) topActivityInfo=ActivityInfo{447164 com.securelegion.SplashActivity} launchCookies=[] positionInParent=Point(0, 0) parentTaskId=-1 isFocused=false isVisible=false isVisibleRequested=false isTopActivityNoDisplay=false isSleeping=false locusId=null displayAreaFeatureId=1 isTopActivityTransparent=false isActivityStackTransparent=false lastNonFullscreenBounds=Rect(276, 716 - 804, 1796) capturedLink=null capturedLinkTimestamp=0 requestedVisibleTypes=-9 topActivityRequestOpenInBrowserEducationTimestamp=0 appCompatTaskInfo=AppCompatTaskInfo { topActivityInSizeCompat=false eligibleForLetterboxEducation= false isLetterboxEducationEnabled= false isLetterboxDoubleTapEnabled= false eligibleForUserAspectRatioButton= false topActivityBoundsLetterboxed= false isFromLetterboxDoubleTap= false topActivityLetterboxVerticalPosition= -1 topActivityLetterboxHorizontalPosition= -1 topActivityLetterboxWidth=-1 topActivityLetterboxHeight=-1 topActivityAppBounds=Rect(0, 0 - 1080, 2424) isUserFullscreenOverrideEnabled=false isSystemFullscreenOverrideEnabled=false hasMinAspectRatioOverride=false topActivityLetterboxBounds=null cameraCompatTaskInfo=CameraCompatTaskInfo { freeformCameraCompatMode=inactiveundefined} topNonResizableActivityAspectRatio=-1.0} topActivityMainWindowFrame=null isAppBubble=false}, pipChange = null, remoteTransition = null, displayChange = null, flags = 0, debugId = 1202 }
12-02 01:49:57.321  2286  2320 D ShellSplitScreen: logExit: no-op, mLoggerSessionId is null
12-02 01:49:57.321 30340 30340 D BaseActivity: Launcher flags updated: [state_started|state_window_focused] -[state_resumed|state_deferred_resumed]
12-02 01:49:57.321 30340 30340 W SplitSelectStateCtor: Missing session instanceIds
12-02 01:49:57.321 30340 30340 D StatsLog: LAUNCHER_SPLIT_SELECTION_EXIT_INTERRUPTED
12-02 01:49:57.321  2286  2381 W ShellStartingWindow: Get attribute fail, return default: Drawable com.securelegion:drawable/splash_icon_transparent with resource ID #0x7f080185
12-02 01:49:57.321  1602  1684 V GrammaticalInflectionUtils: AttributionSource: android.content.AttributionSource@b962e7f does not have READ_SYSTEM_GRAMMATICAL_GENDER permission.
12-02 01:49:57.322  1602  2234 D BackgroundInstallControlService: Package event received: 0
12-02 01:49:57.322  1602  2027 V WindowManager: Defer transition id=1202 for TaskFragmentTransaction=android.os.Binder@1022fa9
12-02 01:49:57.323  1602  2027 V WindowManager: deferTransitionReady deferReadyDepth=1 stack=com.android.server.wm.TransitionController.deferTransitionReady:1014 com.android.server.wm.TaskFragmentOrganizerController$TaskFragmentOrganizerState.dispatchTransaction:508 com.android.server.wm.TaskFragmentOrganizerController.dispatchPendingEvents:1250 com.android.server.wm.TaskFragmentOrganizerController.dispatchPendingEvents:1219 com.android.server.wm.RootWindowContainer.performSurfacePlacementNoTrace:808 
12-02 01:49:57.326  1602  7516 V WindowManager: Continue transition id=1202 for TaskFragmentTransaction=android.os.Binder@1022fa9
12-02 01:49:57.326  1602  7516 V WindowManager: continueTransitionReady deferReadyDepth=0 stack=com.android.server.wm.TransitionController.continueTransitionReady:1023 com.android.server.wm.TaskFragmentOrganizerController$TaskFragmentOrganizerState.onTransactionFinished:537 com.android.server.wm.TaskFragmentOrganizerController.onTransactionHandled:731 android.window.ITaskFragmentOrganizerController$Stub.onTransact:225 android.os.Binder.execTransactInternal:1441 
12-02 01:49:57.333  1066  1066 D Zygote  : Forked child process 7833
12-02 01:49:57.334  1602  1695 I ActivityManager: Start proc 7833:com.securelegion/u0a367 for next-top-activity {com.securelegion/com.securelegion.SplashActivity}
12-02 01:49:57.337  7833  7833 W zygote64: Activation of cgroup controller +memory failed in path /sys/fs/cgroup/apps/uid_10367: Invalid argument
12-02 01:49:57.338  2286  3101 V WindowManagerShell: onTransitionReady(transaction=6880537648939)
12-02 01:49:57.338  2286  2320 V WindowManagerShell: onTransitionReady (#1202) android.os.BinderProxy@264eaf6: {id=1202 t=OPEN f=0x0 trk=0 r=[0@Point(0, 0)] c=[
12-02 01:49:57.338  2286  2320 V WindowManagerShell:         {m=OPEN f=NONE leash=Surface(name=Task=821)/@0xc02663d sb=Rect(0, 0 - 1080, 2424) eb=Rect(0, 0 - 1080, 2424) epz=Point(1080, 2424) d=0 taskParent=-1 winMode=1},
12-02 01:49:57.338  2286  2320 V WindowManagerShell:         {m=TO_BACK f=SHOW_WALLPAPER leash=Surface(name=Task=1)/@0x85a4e32 sb=Rect(0, 0 - 1080, 2424) eb=Rect(0, 0 - 1080, 2424) epz=Point(1080, 2424) d=0 taskParent=-1 winMode=1},
12-02 01:49:57.338  2286  2320 V WindowManagerShell:         {m=TO_BACK f=IS_WALLPAPER leash=Surface(name=WallpaperWindowToken{a7351ee})/@0xef2b783 sb=Rect(0, 0 - 1080, 2424) eb=Rect(0, 0 - 1080, 2424) epz=Point(1080, 2424) d=0}
12-02 01:49:57.338  2286  2320 V WindowManagerShell:     ]}
12-02 01:49:57.338  1602  1681 V WindowManager: Sent Transition (#1202) createdAt=12-02 01:49:57.309 via request=TransitionRequestInfo { type = OPEN, triggerTask = TaskInfo{userId=0 taskId=821 effectiveUid=10367 displayId=0 isRunning=true baseIntent=Intent { flg=0x10000000 cmp=com.securelegion/.SplashActivity } baseActivity=ComponentInfo{com.securelegion/com.securelegion.SplashActivity} topActivity=ComponentInfo{com.securelegion/com.securelegion.SplashActivity} origActivity=null realActivity=ComponentInfo{com.securelegion/com.securelegion.SplashActivity} numActivities=1 lastActiveTime=157784174 supportsMultiWindow=true resizeMode=1 isResizeable=true minWidth=-1 minHeight=-1 defaultMinSize=220 token=WCT{RemoteToken{2695519 Task{59fe5ad #821 type=standard A=10367:com.securelegion}}} topActivityType=1 pictureInPictureParams=null shouldDockBigOverlays=false launchIntoPipHostTaskId=-1 lastParentTaskIdBeforePip=-1 displayCutoutSafeInsets=Rect(0, 152 - 0, 0) topActivityInfo=ActivityInfo{91d09de com.securelegion.SplashActivity} launchCookies=[] positionInParent=Point(0, 0) parentTaskId=-1 isFocused=false isVisible=false isVisibleRequested=false isTopActivityNoDisplay=false isSleeping=false locusId=null displayAreaFeatureId=1 isTopActivityTransparent=false isActivityStackTransparent=false lastNonFullscreenBounds=Rect(276, 716 - 804, 1796) capturedLink=null capturedLinkTimestamp=0 requestedVisibleTypes=-9 topActivityRequestOpenInBrowserEducationTimestamp=0 appCompatTaskInfo=AppCompatTaskInfo { topActivityInSizeCompat=false eligibleForLetterboxEducation= false isLetterboxEducationEnabled= false isLetterboxDoubleTapEnabled= false eligibleForUserAspectRatioButton= false topActivityBoundsLetterboxed= false isFromLetterboxDoubleTap= false topActivityLetterboxVerticalPosition= -1 topActivityLetterboxHorizontalPosition= -1 topActivityLetterboxWidth=-1 topActivityLetterboxHeight=-1 topActivityAppBounds=Rect(0, 0 - 1080, 2424) isUserFullscreenOverrideEnabled=false isSystemFullscreenOverrideEnabled=false hasMinAspectRatioOverride=false topActivityLetterboxBounds=null cameraCompatTaskInfo=CameraCompatTaskInfo { freeformCameraCompatMode=inactiveundefined} topNonResizableActivityAspectRatio=-1.0} topActivityMainWindowFrame=null isAppBubble=false}, pipChange = null, remoteTransition = null, displayChange = null, flags = 0, debugId = 1202 }
12-02 01:49:57.338  1602  1681 V WindowManager:     startWCT=WindowContainerTransaction { changes= {} hops= [] errorCallbackToken=null taskFragmentOrganizer=null }
12-02 01:49:57.338  1602  1681 V WindowManager:     info={id=1202 t=OPEN f=0x0 trk=0 r=[0@Point(0, 0)] c=[
12-02 01:49:57.338  1602  1681 V WindowManager:         {WCT{RemoteToken{2695519 Task{59fe5ad #821 type=standard A=10367:com.securelegion}}} m=OPEN f=NONE leash=Surface(name=Task=821)/@0x60206c7 sb=Rect(0, 0 - 1080, 2424) eb=Rect(0, 0 - 1080, 2424) epz=Point(1080, 2424) d=0 taskParent=-1 winMode=1},
12-02 01:49:57.338  1602  1681 V WindowManager:         {WCT{RemoteToken{709b87 Task{4da40b2 #1 type=home}}} m=TO_BACK f=SHOW_WALLPAPER leash=Surface(name=Task=1)/@0xeefd868 sb=Rect(0, 0 - 1080, 2424) eb=Rect(0, 0 - 1080, 2424) epz=Point(1080, 2424) d=0 taskParent=-1 winMode=1},
12-02 01:49:57.338  1602  1681 V WindowManager:         {m=TO_BACK f=IS_WALLPAPER leash=Surface(name=WallpaperWindowToken{a7351ee})/@0x939e5a9 sb=Rect(0, 0 - 1080, 2424) eb=Rect(0, 0 - 1080, 2424) epz=Point(1080, 2424) d=0}
12-02 01:49:57.338  1602  1681 V WindowManager:     ]}
12-02 01:49:57.338  2286  2320 V WindowManagerShell: Playing animation for (#1202) android.os.BinderProxy@264eaf6@0
12-02 01:49:57.338  2286  2320 V ShellRecents: RecentsTransitionHandler.startAnimation: no controller found
12-02 01:49:57.338  2286  2320 V WindowManagerShell: Transition doesn't have explicit remote, search filters for match for {id=1202 t=OPEN f=0x0 trk=0 r=[0@Point(0, 0)] c=[{m=OPEN f=NONE leash=Surface(name=Task=821)/@0xc02663d sb=Rect(0, 0 - 1080, 2424) eb=Rect(0, 0 - 1080, 2424) epz=Point(1080, 2424) d=0 taskParent=-1 winMode=1},{m=TO_BACK f=SHOW_WALLPAPER leash=Surface(name=Task=1)/@0x85a4e32 sb=Rect(0, 0 - 1080, 2424) eb=Rect(0, 0 - 1080, 2424) epz=Point(1080, 2424) d=0 taskParent=-1 winMode=1},{m=TO_BACK f=IS_WALLPAPER leash=Surface(name=WallpaperWindowToken{a7351ee})/@0xef2b783 sb=Rect(0, 0 - 1080, 2424) eb=Rect(0, 0 - 1080, 2424) epz=Point(1080, 2424) d=0}]}
12-02 01:49:57.338  2286  2320 V WindowManagerShell:  Checking filter Pair{{types=[] flags=0x0] notFlags=0x0 checks=[{atype=undefined independent=true modes=[CLOSE,TO_BACK] flags=IN_TASK_WITH_EMBEDDED_ACTIVITY mustBeTask=false order=ANY topActivity=null launchCookie=null taskFragmentToken=android.os.BinderProxy@8f07c7f windowingMode=undefined}]} RemoteTransition { remoteTransition = android.window.IRemoteTransition$Stub$Proxy@d8de44c, appThread = android.app.IApplicationThread$Stub$Proxy@fc18c95, debugName = overlayBackTransition }}
12-02 01:49:57.338  2286  2320 V WindowManagerShell:  Checking filter Pair{{types=[] flags=0x0] notFlags=0x0 checks=[{atype=dream independent=true modes=[OPEN,TO_FRONT] flags=NONE mustBeTask=false order=ANY topActivity=null launchCookie=null windowingMode=undefined},{atype=home independent=true modes=[CLOSE,TO_BACK] flags=NONE mustBeTask=false order=ANY topActivity=null launchCookie=null windowingMode=undefined}]} RemoteTransition { remoteTransition = android.window.IRemoteTransition$Stub$Proxy@e7c71aa, appThread = android.app.IApplicationThread$Stub$Proxy@91a619b, debugName = LauncherToDream }}
12-02 01:49:57.338  2286  2320 V WindowManagerShell:  Checking filter Pair{{types=[] flags=0x0] notFlags=0x100 checks=[{atype=home independent=true modes=[OPEN,TO_FRONT] flags=NONE mustBeTask=false order=TOP topActivity=ComponentInfo{com.google.android.apps.nexuslauncher/com.google.android.apps.nexuslauncher.NexusLauncherActivity} launchCookie=null windowingMode=undefined},{atype=standard independent=true modes=[CLOSE,TO_BACK] flags=NONE mustBeTask=false order=ANY topActivity=null launchCookie=null windowingMode=undefined},{NOT atype=undefined independent=true modes=[] flags=NONE mustBeTask=true order=ANY topActivity=null launchCookie=null customAnim=true windowingMode=undefined}]} RemoteTransition { remoteTransition = android.window.IRemoteTransition$Stub$Proxy@2daf938, appThread = android.app.IApplicationThread$Stub$Proxy@87b5d11, debugName = QuickstepLaunchHome }}
12-02 01:49:57.338  2286  2320 V WindowManagerShell:  Delegate animation for (#1202) to null
12-02 01:49:57.338  2286  2320 V WindowManagerShell: start default transition animation, info = {id=1202 t=OPEN f=0x0 trk=0 r=[0@Point(0, 0)] c=[{m=OPEN f=NONE leash=Surface(name=Task=821)/@0xc02663d sb=Rect(0, 0 - 1080, 2424) eb=Rect(0, 0 - 1080, 2424) epz=Point(1080, 2424) d=0 taskParent=-1 winMode=1},{m=TO_BACK f=SHOW_WALLPAPER leash=Surface(name=Task=1)/@0x85a4e32 sb=Rect(0, 0 - 1080, 2424) eb=Rect(0, 0 - 1080, 2424) epz=Point(1080, 2424) d=0 taskParent=-1 winMode=1},{m=TO_BACK f=IS_WALLPAPER leash=Surface(name=WallpaperWindowToken{a7351ee})/@0xef2b783 sb=Rect(0, 0 - 1080, 2424) eb=Rect(0, 0 - 1080, 2424) epz=Point(1080, 2424) d=0}]}
12-02 01:49:57.340  7833  7833 I Zygote  : Process 7833 crated for com.securelegion
12-02 01:49:57.341  7833  7833 I om.securelegion: Using CollectorTypeCMC GC.
12-02 01:49:57.341  2286  2320 V WindowManagerShell: loadAnimation: anim=android.view.animation.AnimationSet@49f48df animAttr=0x13 type=OPEN isEntrance=false
12-02 01:49:57.341  2286  2320 V WindowManagerShell: loadAnimation: anim=android.view.animation.AnimationSet@15993fb animAttr=0x12 type=OPEN isEntrance=true
12-02 01:49:57.341  2286  2320 V WindowManagerShell:  animated by com.android.wm.shell.transition.DefaultTransitionHandler@af0ad9d
12-02 01:49:57.343  7833  7833 E om.securelegion: Not starting debugger since process cannot load the jdwp agent.
12-02 01:49:57.345  7833  7833 D nativeloader: Load libframework-connectivity-tiramisu-jni.so using APEX ns com_android_tethering for caller /apex/com.android.tethering/javalib/framework-connectivity-t.jar: ok
12-02 01:49:57.346 30340 30340 D BaseActivity: Launcher flags updated: [state_started] -[state_window_focused]
12-02 01:49:57.349  1602  2234 D BackgroundInstallControlService: Package event received: 0
12-02 01:49:57.353  7833  7833 D nativeloader: Configuring clns-9 for other apk /data/app/~~sfkp2jLUSHu4cV62p0Egaw==/com.securelegion-WNrjoO1s2ScZ3p_fIs4o3Q==/base.apk. target_sdk_version=36, uses_libraries=, library_path=/data/app/~~sfkp2jLUSHu4cV62p0Egaw==/com.securelegion-WNrjoO1s2ScZ3p_fIs4o3Q==/lib/arm64:/data/app/~~sfkp2jLUSHu4cV62p0Egaw==/com.securelegion-WNrjoO1s2ScZ3p_fIs4o3Q==/base.apk!/lib/arm64-v8a, permitted_path=/data:/mnt/expand:/data/user/0/com.securelegion
12-02 01:49:57.355  7833  7833 V GraphicsEnvironment: Currently set values for:
12-02 01:49:57.355  7833  7833 V GraphicsEnvironment:   angle_gl_driver_selection_pkgs=[com.android.angle, com.google.android.apps.tachyon]
12-02 01:49:57.355  7833  7833 V GraphicsEnvironment:   angle_gl_driver_selection_values=[angle, native]
12-02 01:49:57.355  7833  7833 V GraphicsEnvironment: com.securelegion is not listed in per-application setting
12-02 01:49:57.355  7833  7833 V GraphicsEnvironment: ANGLE allowlist from config: 
12-02 01:49:57.355  7833  7833 V GraphicsEnvironment: com.securelegion is not listed in ANGLE allowlist or settings, returning default
12-02 01:49:57.355  7833  7833 V GraphicsEnvironment: Neither updatable production driver nor prerelease driver is supported.
12-02 01:49:57.356  7833  7833 E FeatureFlagsImplExport: android.os.flagging.AconfigStorageReadException: ERROR_PACKAGE_NOT_FOUND: package com.android.org.conscrypt.net.flags cannot be found on the device
12-02 01:49:57.358  2286  2320 V ShellStartingWindow: RSO:Transaction applied for task=821
12-02 01:49:57.360  1602  2048 D ActivityManager: sync unfroze 7242 com.google.android.apps.turbo:aab for 6
12-02 01:49:57.364  7833  7846 E ashmem  : Pinning is deprecated since Android Q. Please use trim or other methods.
12-02 01:49:57.364  7833  7833 D nativeloader: Load /data/app/~~sfkp2jLUSHu4cV62p0Egaw==/com.securelegion-WNrjoO1s2ScZ3p_fIs4o3Q==/lib/arm64/libgojni.so using class loader ns clns-9 (caller=/data/app/~~sfkp2jLUSHu4cV62p0Egaw==/com.securelegion-WNrjoO1s2ScZ3p_fIs4o3Q==/base.apk): ok
12-02 01:49:57.366  7242  7242 D ActivityThread: Package [com.securelegion] reported as REPLACED, but missing application info. Assuming REMOVED.
12-02 01:49:57.367  7242  7242 D ActivityThread: Package [com.securelegion] reported as REPLACED, but missing application info. Assuming REMOVED.
12-02 01:49:57.367  7242  7242 D ActivityThread: Package [com.securelegion] reported as REPLACED, but missing application info. Assuming REMOVED.
12-02 01:49:57.367  7242  7242 D ActivityThread: Package [com.securelegion] reported as REPLACED, but missing application info. Assuming REMOVED.
12-02 01:49:57.370  1602  2027 W ProcessStats: Tracking association SourceState{bc5be8d system/1000 ImpBg #89722} whose proc state 6 is better than process ProcessState{7075714 com.google.android.apps.turbo:aab/10177 pkg=com.google.android.apps.turbo} proc state 15 (2 skipped)
12-02 01:49:57.371  7833  7833 D nativeloader: Load /data/app/~~sfkp2jLUSHu4cV62p0Egaw==/com.securelegion-WNrjoO1s2ScZ3p_fIs4o3Q==/lib/arm64/libsecurelegion.so using class loader ns clns-9 (caller=/data/app/~~sfkp2jLUSHu4cV62p0Egaw==/com.securelegion-WNrjoO1s2ScZ3p_fIs4o3Q==/base.apk): ok
12-02 01:49:57.371  7833  7833 I SecureLegion-Rust: securelegion::ffi::android: SecureLegion native library loaded
12-02 01:49:57.371  7833  7833 I SecureLegion-Rust: securelegion::ffi::android: Starting bootstrap event listener from explicit call...
12-02 01:49:57.372  7833  7859 I SecureLegion-Rust: securelegion::network::tor: Starting bootstrap event listener...
12-02 01:49:57.372  7833  7859 I SecureLegion-Rust: securelegion::network::tor: Event listener: Waiting for control port to become ready...
12-02 01:49:57.374  1602  2234 D BackgroundInstallControlService: Package event received: 0
12-02 01:49:57.374  1602  2234 D BackgroundInstallControlService: Package event received: 0
12-02 01:49:57.374  7833  7860 D nativeloader: Load /data/app/~~sfkp2jLUSHu4cV62p0Egaw==/com.securelegion-WNrjoO1s2ScZ3p_fIs4o3Q==/lib/arm64/libtor.so using class loader ns clns-9 (caller=/data/app/~~sfkp2jLUSHu4cV62p0Egaw==/com.securelegion-WNrjoO1s2ScZ3p_fIs4o3Q==/base.apk): ok
12-02 01:49:57.376  7833  7861 I DisplayManager: Choreographer implicitly registered for the refresh rate.
12-02 01:49:57.377  7833  7861 D vulkan  : searching for layers in '/data/app/~~sfkp2jLUSHu4cV62p0Egaw==/com.securelegion-WNrjoO1s2ScZ3p_fIs4o3Q==/lib/arm64'
12-02 01:49:57.377  7833  7861 D vulkan  : searching for layers in '/data/app/~~sfkp2jLUSHu4cV62p0Egaw==/com.securelegion-WNrjoO1s2ScZ3p_fIs4o3Q==/base.apk!/lib/arm64-v8a'
12-02 01:49:57.383  7833  7833 D CompatChangeReporter: Compat change id reported: 377864165; UID 10367; state: ENABLED
12-02 01:49:57.383  7833  7833 D DesktopExperienceFlags: Toggle override initialized to: false
12-02 01:49:57.383  7833  7833 D DesktopModeFlags: Toggle override initialized to: OVERRIDE_UNSET
12-02 01:49:57.391  7242  7273 W Turbo.InferAppBucketsJob: Models given by config: 1
12-02 01:49:57.400  7833  7833 I HWUI    : Using FreeType backend (prop=Auto)
12-02 01:49:57.409  7833  7833 I ContentCaptureHelper: Setting logging level to OFF
12-02 01:49:57.418  7833  7833 D WindowOnBackDispatcher: setTopOnBackInvokedCallback (unwrapped): android.app.Activity$$ExternalSyntheticLambda0@cde43ab
12-02 01:49:57.418  1602  2623 D CoreBackPreview: Window{d6502d2 u0 com.securelegion/com.securelegion.SplashActivity}: Setting back callback OnBackInvokedCallbackInfo{mCallback=android.window.IOnBackInvokedCallback$Stub$Proxy@b89e100, mPriority=-1, mIsAnimationCallback=false, mOverrideBehavior=0}
12-02 01:49:57.432  7242  7273 W Turbo.ModelFactory: current model: 13
12-02 01:49:57.439  7833  7883 E Tor-api : The fieldID is NULL
12-02 01:49:57.440  2286  2320 V ShellStartingWindow: RSO:Receive removal info for task=821
12-02 01:49:57.440  7833  7883 E Tor-api : The fieldID is NULL
12-02 01:49:57.440  7833  7883 E Tor-api : The long is 0
12-02 01:49:57.440  7833  7883 E Tor-api : ConfigurationFree: The Tor configuration is NULL!
12-02 01:49:57.440  7833  7883 E AndroidRuntime: FATAL EXCEPTION: tor
12-02 01:49:57.440  7833  7883 E AndroidRuntime: Process: com.securelegion, PID: 7833
12-02 01:49:57.440  7833  7883 E AndroidRuntime: java.lang.NoSuchFieldError: no "J" field "torConfiguration" in class "Lorg/torproject/jni/TorService;" or its superclasses
12-02 01:49:57.440  7833  7883 E AndroidRuntime: 	at org.torproject.jni.TorService.mainConfigurationFree(Native Method)
12-02 01:49:57.440  7833  7883 E AndroidRuntime: 	at org.torproject.jni.TorService.c(Unknown Source:0)
12-02 01:49:57.440  7833  7883 E AndroidRuntime: 	at mg.c.a(Unknown Source:504)
12-02 01:49:57.440  7833  7883 E AndroidRuntime: 	at mg.c.run(Unknown Source:44)
12-02 01:49:57.445  1602  1681 I ActivityTaskManager: Displayed com.securelegion/.SplashActivity for user 0: +136ms
12-02 01:49:57.446  1602  2027 W ActivityTaskManager:   Force finishing activity com.securelegion/.SplashActivity
12-02 01:49:57.446  1602  2027 W TransitionChain: Combining AR.finish-force-crash into #1203(CLOSE|R|0x10) from finishTopCrash
12-02 01:49:57.447  2286  2320 V WindowManagerShell: Transition requested (#1203): android.os.BinderProxy@3e58ad TransitionRequestInfo { type = CLOSE, triggerTask = TaskInfo{userId=0 taskId=821 effectiveUid=10367 displayId=0 isRunning=true baseIntent=Intent { flg=0x10000000 cmp=com.securelegion/.SplashActivity } baseActivity=ComponentInfo{com.securelegion/com.securelegion.SplashActivity} topActivity=ComponentInfo{com.securelegion/com.securelegion.SplashActivity} origActivity=null realActivity=ComponentInfo{com.securelegion/com.securelegion.SplashActivity} numActivities=1 lastActiveTime=157784227 supportsMultiWindow=true resizeMode=1 isResizeable=true minWidth=-1 minHeight=-1 defaultMinSize=220 token=WCT{android.os.BinderProxy@4d32ef7} topActivityType=1 pictureInPictureParams=null shouldDockBigOverlays=false launchIntoPipHostTaskId=-1 lastParentTaskIdBeforePip=-1 displayCutoutSafeInsets=Rect(0, 0 - 0, 0) topActivityInfo=ActivityInfo{c5ea7e2 com.securelegion.SplashActivity} launchCookies=[] positionInParent=Point(0, 0) parentTaskId=-1 isFocused=true isVisible=true isVisibleRequested=true isTopActivityNoDisplay=false isSleeping=false locusId=null displayAreaFeatureId=1 isTopActivityTransparent=false isActivityStackTransparent=false lastNonFullscreenBounds=Rect(276, 716 - 804, 1796) capturedLink=null capturedLinkTimestamp=0 requestedVisibleTypes=-9 topActivityRequestOpenInBrowserEducationTimestamp=0 appCompatTaskInfo=AppCompatTaskInfo { topActivityInSizeCompat=false eligibleForLetterboxEducation= false isLetterboxEducationEnabled= false isLetterboxDoubleTapEnabled= false eligibleForUserAspectRatioButton= false topActivityBoundsLetterboxed= false isFromLetterboxDoubleTap= false topActivityLetterboxVerticalPosition= -1 topActivityLetterboxHorizontalPosition= -1 topActivityLetterboxWidth=-1 topActivityLetterboxHeight=-1 topActivityAppBounds=Rect(0, 0 - 1080, 2424) isUserFullscreenOverrideEnabled=false isSystemFullscreenOverrideEnabled=false hasMinAspectRatioOverride=false topActivityLetterboxBounds=null cameraCompatTaskInfo=CameraCompatTaskInfo { freeformCameraCompatMode=inactiveundefined} topNonResizableActivityAspectRatio=-1.0} topActivityMainWindowFrame=null isAppBubble=false}, pipChange = null, remoteTransition = null, displayChange = null, flags = 16, debugId = 1203 }
12-02 01:49:57.447  7833  7870 D nativeloader: Load /data/app/~~sfkp2jLUSHu4cV62p0Egaw==/com.securelegion-WNrjoO1s2ScZ3p_fIs4o3Q==/lib/arm64/libjnidispatch.so using class loader ns clns-9 (caller=/data/app/~~sfkp2jLUSHu4cV62p0Egaw==/com.securelegion-WNrjoO1s2ScZ3p_fIs4o3Q==/base.apk): ok
12-02 01:49:57.448  1602  2027 V WindowManager: Defer transition id=1203 for TaskFragmentTransaction=android.os.Binder@99aaa5e
12-02 01:49:57.448  7833  7870 I Process : Sending signal. PID: 7833 SIG: 9
12-02 01:49:57.448  1602  2027 V WindowManager: deferTransitionReady deferReadyDepth=1 stack=com.android.server.wm.TransitionController.deferTransitionReady:1014 com.android.server.wm.TaskFragmentOrganizerController$TaskFragmentOrganizerState.dispatchTransaction:508 com.android.server.wm.TaskFragmentOrganizerController.dispatchPendingEvents:1250 com.android.server.wm.TaskFragmentOrganizerController.dispatchPendingEvents:1219 com.android.server.wm.RootWindowContainer.performSurfacePlacementNoTrace:808 
12-02 01:49:57.449  1602 10979 V WindowManager: Continue transition id=1203 for TaskFragmentTransaction=android.os.Binder@99aaa5e
12-02 01:49:57.449  1602 10979 V WindowManager: continueTransitionReady deferReadyDepth=0 stack=com.android.server.wm.TransitionController.continueTransitionReady:1023 com.android.server.wm.TaskFragmentOrganizerController$TaskFragmentOrganizerState.onTransactionFinished:537 com.android.server.wm.TaskFragmentOrganizerController.onTransactionHandled:731 android.window.ITaskFragmentOrganizerController$Stub.onTransact:225 android.os.Binder.execTransactInternal:1441 
12-02 01:49:57.449   679   746 I libbinder.BpBinder: onLastStrongRef automatically unlinking death recipients: 
12-02 01:49:57.464  1602  2068 W InputDispatcher: channel 'd6502d2 com.securelegion/com.securelegion.SplashActivity' ~ Consumer closed input channel or an error occurred.  events=0xd
12-02 01:49:57.464  1602  2068 E InputDispatcher: channel 'd6502d2 com.securelegion/com.securelegion.SplashActivity' ~ Channel is unrecoverably broken and will be disposed!
12-02 01:49:57.464  1602  2068 I WindowManager: WINDOW DIED Window{d6502d2 u0 com.securelegion/com.securelegion.SplashActivity}
12-02 01:49:57.467  1602  2027 I ActivityManager: Process com.securelegion (pid 7833) has died: fg  TOP 
12-02 01:49:57.467  1602  1656 I WindowManager: WIN DEATH: Window{d6502d2 u0 com.securelegion/com.securelegion.SplashActivity EXITING}
12-02 01:49:57.467   793   793 W powerhal-libperfmgr: sched_setattr failed for thread 7873, err=3
12-02 01:49:57.467   793   793 W powerhal-libperfmgr: sched_setattr failed for thread 7874, err=3
12-02 01:49:57.467   793   793 W powerhal-libperfmgr: sched_setattr failed for thread 7833, err=3
12-02 01:49:57.467   793   793 W powerhal-libperfmgr: sched_setattr failed for thread 7861, err=3
12-02 01:49:57.467  1602  1696 I libprocessgroup: Removed cgroup /sys/fs/cgroup/apps/uid_10367/pid_7833
12-02 01:49:57.467  1066  1066 I Zygote  : Process 7833 exited due to signal 9 (Killed)
12-02 01:49:57.468  1602  2027 W ActivityManager: Scheduling restart of crashed service com.securelegion/org.torproject.jni.TorService in 19800000ms for start-requested
12-02 01:49:57.468  1602  2027 W TransitionChain: Combining appDied into #1203(CLOSE|R|0x10) from finishTopCrash
12-02 01:49:57.471  1602  2188 D InetDiagMessage: Destroyed 0 sockets, proto=IPPROTO_TCP, family=AF_INET, states=14
12-02 01:49:57.472 30340 30340 D BaseActivity: Launcher flags updated: [state_started|state_resumed|state_user_active] +[state_resumed|state_user_active]
12-02 01:49:57.472  1602  2188 D InetDiagMessage: Destroyed 0 sockets, proto=IPPROTO_TCP, family=AF_INET6, states=14
12-02 01:49:57.472  1602  2188 D InetDiagMessage: Destroyed live tcp sockets for uids={10367} in 2ms
12-02 01:49:57.472 30340 30340 D BaseActivity: Launcher flags updated: [state_started|state_resumed|state_deferred_resumed|state_user_active] +[state_deferred_resumed]
12-02 01:49:57.472 30340 30340 D StatsLog: LAUNCHER_ONRESUME
12-02 01:49:57.473  1602  2188 D InetDiagMessage: Destroyed 0 sockets, proto=IPPROTO_TCP, family=AF_INET, states=14
12-02 01:49:57.475  1602  2188 D InetDiagMessage: Destroyed 0 sockets, proto=IPPROTO_TCP, family=AF_INET6, states=14
12-02 01:49:57.475  1602  2188 D InetDiagMessage: Destroyed live tcp sockets for uids={20367} in 3ms
12-02 01:49:57.475  1602  1684 W ActivityManager: setHasOverlayUi called on unknown pid: 7833
12-02 01:49:57.476  1602  1681 V WindowManager: Sent Transition (#1203) createdAt=12-02 01:49:57.446 via request=TransitionRequestInfo { type = CLOSE, triggerTask = TaskInfo{userId=0 taskId=821 effectiveUid=10367 displayId=0 isRunning=true baseIntent=Intent { flg=0x10000000 cmp=com.securelegion/.SplashActivity } baseActivity=ComponentInfo{com.securelegion/com.securelegion.SplashActivity} topActivity=ComponentInfo{com.securelegion/com.securelegion.SplashActivity} origActivity=null realActivity=ComponentInfo{com.securelegion/com.securelegion.SplashActivity} numActivities=1 lastActiveTime=157784227 supportsMultiWindow=true resizeMode=1 isResizeable=true minWidth=-1 minHeight=-1 defaultMinSize=220 token=WCT{RemoteToken{2695519 Task{59fe5ad #821 type=standard A=10367:com.securelegion}}} topActivityType=1 pictureInPictureParams=null shouldDockBigOverlays=false launchIntoPipHostTaskId=-1 lastParentTaskIdBeforePip=-1 displayCutoutSafeInsets=Rect(0, 0 - 0, 0) topActivityInfo=ActivityInfo{91d09de com.securelegion.SplashActivity} launchCookies=[] positionInParent=Point(0, 0) parentTaskId=-1 isFocused=true isVisible=true isVisibleRequested=true isTopActivityNoDisplay=false isSleeping=false locusId=null displayAreaFeatureId=1 isTopActivityTransparent=false isActivityStackTransparent=false lastNonFullscreenBounds=Rect(276, 716 - 804, 1796) capturedLink=null capturedLinkTimestamp=0 requestedVisibleTypes=-9 topActivityRequestOpenInBrowserEducationTimestamp=0 appCompatTaskInfo=AppCompatTaskInfo { topActivityInSizeCompat=false eligibleForLetterboxEducation= false isLetterboxEducationEnabled= false isLetterboxDoubleTapEnabled= false eligibleForUserAspectRatioButton= false topActivityBoundsLetterboxed= false isFromLetterboxDoubleTap= false topActivityLetterboxVerticalPosition= -1 topActivityLetterboxHorizontalPosition= -1 topActivityLetterboxWidth=-1 topActivityLetterboxHeight=-1 topActivityAppBounds=Rect(0, 0 - 1080, 2424) isUserFullscreenOverrideEnabled=false isSystemFullscreenOverrideEnabled=false hasMinAspectRatioOverride=false topActivityLetterboxBounds=null cameraCompatTaskInfo=CameraCompatTaskInfo { freeformCameraCompatMode=inactiveundefined} topNonResizableActivityAspectRatio=-1.0} topActivityMainWindowFrame=null isAppBubble=false}, pipChange = null, remoteTransition = null, displayChange = null, flags = 16, debugId = 1203 }
12-02 01:49:57.476  1602  1681 V WindowManager:     startWCT=WindowContainerTransaction { changes= {} hops= [] errorCallbackToken=null taskFragmentOrganizer=null }
12-02 01:49:57.476  1602  2234 D BackgroundInstallControlService: Package event received: 0
12-02 01:49:57.476  1602  1681 V WindowManager:     info={id=1203 t=CLOSE f=0x10 trk=0 r=[0@Point(0, 0)] c=[
12-02 01:49:57.476  1602  1681 V WindowManager:         {WCT{RemoteToken{709b87 Task{4da40b2 #1 type=home}}} m=TO_FRONT f=SHOW_WALLPAPER|MOVE_TO_TOP leash=Surface(name=Task=1)/@0xeefd868 sb=Rect(0, 0 - 1080, 2424) eb=Rect(0, 0 - 1080, 2424) epz=Point(1080, 2424) d=0 taskParent=-1 winMode=1},
12-02 01:49:57.476  1602  1681 V WindowManager:         {WCT{RemoteToken{2695519 Task{59fe5ad #821 type=standard A=10367:com.securelegion}}} m=CLOSE f=NONE leash=Surface(name=Task=821)/@0x60206c7 sb=Rect(0, 0 - 1080, 2424) eb=Rect(0, 0 - 1080, 2424) epz=Point(1080, 2424) d=0 taskParent=-1 winMode=1},
12-02 01:49:57.476  1602  1681 V WindowManager:         {m=TO_FRONT f=IS_WALLPAPER leash=Surface(name=WallpaperWindowToken{a7351ee})/@0x939e5a9 sb=Rect(0, 0 - 1080, 2424) eb=Rect(0, 0 - 1080, 2424) epz=Point(1080, 2424) d=0}
12-02 01:49:57.476  1602  1681 V WindowManager:     ]}
12-02 01:49:57.477  1602  2234 D BackgroundInstallControlService: Package event received: 0
12-02 01:49:57.477  2286  2303 V WindowManagerShell: onTransitionReady(transaction=6880537648952)
12-02 01:49:57.477  1602  2234 D BackgroundInstallControlService: Package event received: 0
12-02 01:49:57.477  2286  2320 V WindowManagerShell: onTransitionReady (#1203) android.os.BinderProxy@3e58ad: {id=1203 t=CLOSE f=0x10 trk=0 r=[0@Point(0, 0)] c=[
12-02 01:49:57.477  2286  2320 V WindowManagerShell:         {m=TO_FRONT f=SHOW_WALLPAPER|MOVE_TO_TOP leash=Surface(name=Task=1)/@0x8b0e630 sb=Rect(0, 0 - 1080, 2424) eb=Rect(0, 0 - 1080, 2424) epz=Point(1080, 2424) d=0 taskParent=-1 winMode=1},
12-02 01:49:57.477  2286  2320 V WindowManagerShell:         {m=CLOSE f=NONE leash=Surface(name=Task=821)/@0x294d2a9 sb=Rect(0, 0 - 1080, 2424) eb=Rect(0, 0 - 1080, 2424) epz=Point(1080, 2424) d=0 taskParent=-1 winMode=1},
12-02 01:49:57.477  2286  2320 V WindowManagerShell:         {m=TO_FRONT f=IS_WALLPAPER leash=Surface(name=WallpaperWindowToken{a7351ee})/@0x943602e sb=Rect(0, 0 - 1080, 2424) eb=Rect(0, 0 - 1080, 2424) epz=Point(1080, 2424) d=0}
12-02 01:49:57.477  2286  2320 V WindowManagerShell:     ]}
12-02 01:49:57.478  2286  2320 V WindowManagerShell: Transition (#1203) android.os.BinderProxy@3e58ad@0 ready while (#1202) android.os.BinderProxy@264eaf6@0 is still animating. Notify the animating transition in case they can be merged
12-02 01:49:57.479  2286  2320 V WindowManagerShell: Transition animation finished (aborted=false), notifying core (#1202) android.os.BinderProxy@264eaf6@0
12-02 01:49:57.480  1602  2257 W ParceledListSlice: Element #8 is 18132 bytes.
12-02 01:49:57.480  1602  2257 W ParceledListSlice: Element #9 is 18132 bytes.
12-02 01:49:57.481  1602  1681 V WindowManager: Finish Transition (#1202): created at 12-02 01:49:57.309 collect-started=0.189ms request-sent=10.303ms started=11.586ms ready=26.199ms sent=27.3ms commit=20.899ms finished=171.219ms
12-02 01:49:57.481 30340 30340 I NotificationListener: Handling notification state refresh for com.google.android.gm#0
12-02 01:49:57.481 30340 30340 I NotificationListener: Handling notification state refresh for com.android.vending#0
12-02 01:49:57.481 30340 30340 I NotificationListener: Handling notification state refresh for com.android.vending#0
12-02 01:49:57.481  2286  2320 V WindowManagerShell: Playing animation for (#1203) android.os.BinderProxy@3e58ad@0
12-02 01:49:57.481 30340 30340 I NotificationListener: Handling notification state refresh for com.google.android.gms#0
12-02 01:49:57.481 30340 30340 I NotificationListener: Handling notification state refresh for com.google.android.gms#0
12-02 01:49:57.481  2286  2320 V ShellRecents: RecentsTransitionHandler.startAnimation: no controller found
12-02 01:49:57.481  2286  2320 V WindowManagerShell: Transition doesn't have explicit remote, search filters for match for {id=1203 t=CLOSE f=0x10 trk=0 r=[0@Point(0, 0)] c=[{m=TO_FRONT f=SHOW_WALLPAPER|MOVE_TO_TOP leash=Surface(name=Task=1)/@0x8b0e630 sb=Rect(0, 0 - 1080, 2424) eb=Rect(0, 0 - 1080, 2424) epz=Point(1080, 2424) d=0 taskParent=-1 winMode=1},{m=CLOSE f=NONE leash=Surface(name=Task=821)/@0x294d2a9 sb=Rect(0, 0 - 1080, 2424) eb=Rect(0, 0 - 1080, 2424) epz=Point(1080, 2424) d=0 taskParent=-1 winMode=1},{m=TO_FRONT f=IS_WALLPAPER leash=Surface(name=WallpaperWindowToken{a7351ee})/@0x943602e sb=Rect(0, 0 - 1080, 2424) eb=Rect(0, 0 - 1080, 2424) epz=Point(1080, 2424) d=0}]}
12-02 01:49:57.481  2286  2320 V WindowManagerShell:  Checking filter Pair{{types=[] flags=0x0] notFlags=0x0 checks=[{atype=undefined independent=true modes=[CLOSE,TO_BACK] flags=IN_TASK_WITH_EMBEDDED_ACTIVITY mustBeTask=false order=ANY topActivity=null launchCookie=null taskFragmentToken=android.os.BinderProxy@8f07c7f windowingMode=undefined}]} RemoteTransition { remoteTransition = android.window.IRemoteTransition$Stub$Proxy@d8de44c, appThread = android.app.IApplicationThread$Stub$Proxy@fc18c95, debugName = overlayBackTransition }}
12-02 01:49:57.481  2286  2320 V WindowManagerShell:  Checking filter Pair{{types=[] flags=0x0] notFlags=0x0 checks=[{atype=dream independent=true modes=[OPEN,TO_FRONT] flags=NONE mustBeTask=false order=ANY topActivity=null launchCookie=null windowingMode=undefined},{atype=home independent=true modes=[CLOSE,TO_BACK] flags=NONE mustBeTask=false order=ANY topActivity=null launchCookie=null windowingMode=undefined}]} RemoteTransition { remoteTransition = android.window.IRemoteTransition$Stub$Proxy@e7c71aa, appThread = android.app.IApplicationThread$Stub$Proxy@91a619b, debugName = LauncherToDream }}
12-02 01:49:57.482  2286  2320 V WindowManagerShell:  Checking filter Pair{{types=[] flags=0x0] notFlags=0x100 checks=[{atype=home independent=true modes=[OPEN,TO_FRONT] flags=NONE mustBeTask=false order=TOP topActivity=ComponentInfo{com.google.android.apps.nexuslauncher/com.google.android.apps.nexuslauncher.NexusLauncherActivity} launchCookie=null windowingMode=undefined},{atype=standard independent=true modes=[CLOSE,TO_BACK] flags=NONE mustBeTask=false order=ANY topActivity=null launchCookie=null windowingMode=undefined},{NOT atype=undefined independent=true modes=[] flags=NONE mustBeTask=true order=ANY topActivity=null launchCookie=null customAnim=true windowingMode=undefined}]} RemoteTransition { remoteTransition = android.window.IRemoteTransition$Stub$Proxy@2daf938, appThread = android.app.IApplicationThread$Stub$Proxy@87b5d11, debugName = QuickstepLaunchHome }}
12-02 01:49:57.482  2286  2320 D RemoteTransitionHandler: Found filterPair{{types=[] flags=0x0] notFlags=0x100 checks=[{atype=home independent=true modes=[OPEN,TO_FRONT] flags=NONE mustBeTask=false order=TOP topActivity=ComponentInfo{com.google.android.apps.nexuslauncher/com.google.android.apps.nexuslauncher.NexusLauncherActivity} launchCookie=null windowingMode=undefined},{atype=standard independent=true modes=[CLOSE,TO_BACK] flags=NONE mustBeTask=false order=ANY topActivity=null launchCookie=null windowingMode=undefined},{NOT atype=undefined independent=true modes=[] flags=NONE mustBeTask=true order=ANY topActivity=null launchCookie=null customAnim=true windowingMode=undefined}]} RemoteTransition { remoteTransition = android.window.IRemoteTransition$Stub$Proxy@2daf938, appThread = android.app.IApplicationThread$Stub$Proxy@87b5d11, debugName = QuickstepLaunchHome }}
12-02 01:49:57.482  2286  2320 V WindowManagerShell:  Delegate animation for (#1203) to RemoteTransition { remoteTransition = android.window.IRemoteTransition$Stub$Proxy@2daf938, appThread = android.app.IApplicationThread$Stub$Proxy@87b5d11, debugName = QuickstepLaunchHome }
12-02 01:49:57.482 30340 30365 D QuickstepModelDelegate: notifyAppTargetEvent action=1 launchLocation=
12-02 01:49:57.485  2286  2320 V WindowManagerShell:  animated by com.android.wm.shell.transition.RemoteTransitionHandler@cd1a804
12-02 01:49:57.487 30340 30340 D b/311077782: LauncherAnimationRunner.setAnimation
12-02 01:49:57.487  3621  4073 I AiAiEcho: (REDACTED) Predicting[%d]: %s
12-02 01:49:57.487  3621  4073 I AiAiEcho: (REDACTED) EchoTargets: %s
12-02 01:49:57.487  3621  4073 I AiAiEcho: Filtered by AiAi flag check: %s
12-02 01:49:57.488  3621  4073 I AiAiEcho: #remoteViewsTwiddler: feature disabled.
12-02 01:49:57.488  1602  1684 V WindowManager: Unknown focus tokens, dropping reportFocusChanged
12-02 01:49:57.488  3621  4073 I AiAiEcho: (REDACTED) #postPredictionTargets: Sending updates to UISurface %s with targets# %s (types=[%s])
12-02 01:49:57.504  1313  1317 I WPKTRT  : process_address_event: 2601:500:8985:4c10:58d2:cbff:fe04:47fd added to wlan0
12-02 01:49:57.504  1313  1317 I WPKTRT  : process_address_event: 2601:500:8985:4c10:df4f:6c1a:f0fb:f410 added to wlan0
12-02 01:49:57.505  1313  1317 I WPKTRT  : process_address_event: 2601:500:8985:4c10:3fe6:8312:ffa2:f856 added to wlan0
12-02 01:49:57.505  2380  2659 W AlarmManager: Unrecognized alarm listener com.android.networkstack.android.net.ip.IpClientLinkObserver$Dhcp6PdPreferredPrefixAlarmListener@d900a82
12-02 01:49:57.505  2380  2659 D ApfFilter: (wlan0): Ignoring RA RA fe80::1e9e:ccff:fe09:57eb -> ff02::1 180s 2601:500:8985:4c10::/64 309444s/309444s DNS 180s 2001:558:feed::1 2001:558:feed::2 RIO 180s ::/0  which matches RA fe80::1e9e:ccff:fe09:57eb -> ff02::1 180s 2601:500:8985:4c10::/64 309444s/309444s DNS 180s 2001:558:feed::1 2001:558:feed::2 RIO 180s ::/0 
12-02 01:49:57.510 30340 30340 D ImeBackDispatcher: switch root view (mImeCallbacks.size=0)
12-02 01:49:57.510 30340 30340 D BaseActivity: Launcher flags updated: [state_started|state_resumed|state_deferred_resumed|state_window_focused|state_user_active] +[state_window_focused]
12-02 01:49:57.512  1602  2078 I ImeTracker: com.google.android.apps.nexuslauncher:8267b6ef: onRequestHide at ORIGIN_SERVER reason HIDE_SAME_WINDOW_FOCUSED_WITHOUT_EDITOR fromUser false
12-02 01:49:57.513 30340 30340 D InsetsController: hide(ime())
12-02 01:49:57.513 30340 30340 I ImeTracker: com.google.android.apps.nexuslauncher:8267b6ef: onCancelled at PHASE_CLIENT_ALREADY_HIDDEN
12-02 01:49:57.514  3590  3590 I GoogleInputMethodService: GoogleInputMethodService.onFinishInput():2097 
12-02 01:49:57.515  3590  3590 I Module  : DeviceLockedStatusModuleProvider$Module.updateDeviceLockedStatus():103 repeatCheckTimes = 0, locked = false
12-02 01:49:57.515  3590  3590 I GoogleInputMethodService: GoogleInputMethodService.onStartInput():1347 onStartInput(EditorInfo{EditorInfo{packageName=com.google.android.apps.nexuslauncher, inputType=0, inputTypeString=NULL, enableLearning=false, autoCorrection=false, autoComplete=false, imeOptions=0, privateImeOptions=null, actionName=UNSPECIFIED, actionLabel=null, initialSelStart=-1, initialSelEnd=-1, initialCapsMode=0, label=null, fieldId=0, fieldName=null, extras=null, hintText=null, hintLocales=[]}}, false)
12-02 01:49:57.516  3590  3590 I Module  : DeviceLockedStatusModuleProvider$Module.updateDeviceLockedStatus():103 repeatCheckTimes = 1, locked = false
12-02 01:49:57.516  1602 10739 W PackageConfigPersister: App-specific configuration not found for packageName: com.google.android.apps.nexuslauncher and userId: 0
12-02 01:49:57.542  7242  7273 W Turbo.ModelFactory: current model: 14
12-02 01:49:57.559  7242  7254 W .apps.turbo:aab: Reducing the number of considered missed Gc histogram windows from 361 to 100
12-02 01:49:57.626 10230 10232 I pixel-thermal: soc_therm:31.728 raw data: soc_therm:31728 
12-02 01:49:57.647  7242  7273 W Turbo.AppStandbyBucketManager: Successfully pushed app buckets to the platform using model 13
12-02 01:49:57.650  1602  3728 D ActivityManager: sync unfroze 856 com.android.settings for 7
12-02 01:49:57.654   856  2104 D CommandContentProvider: callerPackage: com.google.android.apps.turbo
12-02 01:49:57.657   856  2104 D BatteryUsageContentProvider: getQueryBatteryEventTypes from uri: content://com.android.settings.battery.usage.provider/BatteryEvent?timestamp=1764654567390&batteryEventType=1
12-02 01:49:57.657   856  2104 D BatteryUsageContentProvider: getQueryTimestamp from uri: content://com.android.settings.battery.usage.provider/BatteryEvent?timestamp=1764654567390&batteryEventType=1
12-02 01:49:57.659   856  2104 W BatteryUsageContentProvider: getBatteryEvents() in 2/ms
12-02 01:49:57.811  2286  2320 V WindowManagerShell: Transition animation finished (aborted=false), notifying core (#1203) android.os.BinderProxy@3e58ad@0
12-02 01:49:57.817  1602  1681 V WindowManager: Finish Transition (#1203): created at 12-02 01:49:57.446 collect-started=0.066ms request-sent=0.187ms started=2.664ms ready=25.284ms sent=27.581ms commit=18.407ms finished=370.734ms
12-02 01:49:57.818  1602 10739 E libbinder.IPCThreadState: Binder transaction failure. id: 11436340, BR_*: 29189, error: -22 (Invalid argument)
12-02 01:49:57.818  1602 10739 W ActivityManager: pid 1602 system sent binder code 7 with flags 1 and got error -32
12-02 01:49:57.819  1602 10739 W WindowManager: Exception thrown during dispatchAppVisibility Window{d6502d2 u0 com.securelegion/com.securelegion.SplashActivity EXITING}
12-02 01:49:57.819  1602 10739 W WindowManager: android.os.DeadObjectException
12-02 01:49:57.819  1602 10739 W WindowManager: 	at android.os.BinderProxy.transactNative(Native Method)
12-02 01:49:57.819  1602 10739 W WindowManager: 	at android.os.BinderProxy.transact(BinderProxy.java:592)
12-02 01:49:57.819  1602 10739 W WindowManager: 	at android.view.IWindow$Stub$Proxy.dispatchAppVisibility(IWindow.java:538)
12-02 01:49:57.819  1602 10739 W WindowManager: 	at com.android.server.wm.WindowState.sendAppVisibilityToClients(WindowState.java:3183)
12-02 01:49:57.819  1602 10739 W WindowManager: 	at com.android.server.wm.WindowContainer.sendAppVisibilityToClients(WindowContainer.java:1233)
