12-02 01:49:07.793  1602  2234 D BackgroundInstallControlService: Package event received: 0
12-02 01:49:07.793  7553  7651 D nativeloader: Load /data/app/~~sfkp2jLUSHu4cV62p0Egaw==/com.securelegion-WNrjoO1s2ScZ3p_fIs4o3Q==/lib/arm64/libtor.so using class loader ns clns-9 (caller=/data/app/~~sfkp2jLUSHu4cV62p0Egaw==/com.securelegion-WNrjoO1s2ScZ3p_fIs4o3Q==/base.apk): ok
12-02 01:49:07.793  1602  2234 D BackgroundInstallControlService: Package event received: 0
12-02 01:49:07.795  7553  7653 I DisplayManager: Choreographer implicitly registered for the refresh rate.
12-02 01:49:07.795  7553  7653 D vulkan  : searching for layers in '/data/app/~~sfkp2jLUSHu4cV62p0Egaw==/com.securelegion-WNrjoO1s2ScZ3p_fIs4o3Q==/lib/arm64'
12-02 01:49:07.796  7553  7653 D vulkan  : searching for layers in '/data/app/~~sfkp2jLUSHu4cV62p0Egaw==/com.securelegion-WNrjoO1s2ScZ3p_fIs4o3Q==/base.apk!/lib/arm64-v8a'
12-02 01:49:07.800  7553  7553 D CompatChangeReporter: Compat change id reported: 377864165; UID 10367; state: ENABLED
12-02 01:49:07.800  7553  7553 D DesktopExperienceFlags: Toggle override initialized to: false
12-02 01:49:07.800  7553  7553 D DesktopModeFlags: Toggle override initialized to: OVERRIDE_UNSET
12-02 01:49:07.809  1602  1684 W ActivityTaskManager: Activity top resumed state loss timeout for ActivityRecord{42981900 u0 com.securelegion/.SplashActivity t-1 f}}
12-02 01:49:07.818  7553  7553 I HWUI    : Using FreeType backend (prop=Auto)
12-02 01:49:07.822  1088  1177 D AHal::UseCase: SetActiveTracks: update primary-playback active tracks(0)
12-02 01:49:07.822  1088  1177 I StHal::SoundTriggerHal: ProcessStreamMetadata: active usage tracks: 0
12-02 01:49:07.822  1088  1177 D BTAudioSessionAidl: UpdateSourceMetadata - SessionType=LE_AUDIO_HARDWARE_OFFLOAD_ENCODING_DATAPATH has NO session
12-02 01:49:07.822  1088  1177 D BTAudioSessionAidl: GetSupportedLatencyModes - SessionType=LE_AUDIO_HARDWARE_OFFLOAD_ENCODING_DATAPATH has NO session
12-02 01:49:07.822  1088  1177 D BTAudioSessionAidl: SetLatencyMode - SessionType=LE_AUDIO_HARDWARE_OFFLOAD_ENCODING_DATAPATH has NO session
12-02 01:49:07.822  1088  1177 D BTAudioSessionAidl: GetSupportedLatencyModes - SessionType=A2DP_HARDWARE_OFFLOAD_ENCODING_DATAPATH has NO session
12-02 01:49:07.822  1088  1177 D BTAudioSessionAidl: SetLatencyMode - SessionType=A2DP_HARDWARE_OFFLOAD_ENCODING_DATAPATH has NO session
12-02 01:49:07.827  7553  7553 I ContentCaptureHelper: Setting logging level to OFF
12-02 01:49:07.838  7553  7667 E Tor-api : The fieldID is NULL
12-02 01:49:07.838  7553  7553 D WindowOnBackDispatcher: setTopOnBackInvokedCallback (unwrapped): android.app.Activity$$ExternalSyntheticLambda0@b3e404c
12-02 01:49:07.839  1602  3938 D CoreBackPreview: Window{3c20024 u0 com.securelegion/com.securelegion.SplashActivity}: Setting back callback OnBackInvokedCallbackInfo{mCallback=android.window.IOnBackInvokedCallback$Stub$Proxy@2532fbc, mPriority=-1, mIsAnimationCallback=false, mOverrideBehavior=0}
12-02 01:49:07.839  7553  7667 E Tor-api : The fieldID is NULL
12-02 01:49:07.840  7553  7667 E Tor-api : The long is 0
12-02 01:49:07.840  7553  7667 E Tor-api : ConfigurationFree: The Tor configuration is NULL!
12-02 01:49:07.840  7553  7667 E AndroidRuntime: FATAL EXCEPTION: tor
12-02 01:49:07.840  7553  7667 E AndroidRuntime: Process: com.securelegion, PID: 7553
12-02 01:49:07.840  7553  7667 E AndroidRuntime: java.lang.NoSuchFieldError: no "J" field "torConfiguration" in class "Lorg/torproject/jni/TorService;" or its superclasses
12-02 01:49:07.840  7553  7667 E AndroidRuntime: 	at org.torproject.jni.TorService.mainConfigurationFree(Native Method)
12-02 01:49:07.840  7553  7667 E AndroidRuntime: 	at org.torproject.jni.TorService.c(Unknown Source:0)
12-02 01:49:07.840  7553  7667 E AndroidRuntime: 	at mg.c.a(Unknown Source:504)
12-02 01:49:07.840  7553  7667 E AndroidRuntime: 	at mg.c.run(Unknown Source:44)
12-02 01:49:07.843  1602  3938 W ActivityTaskManager:   Force finishing activity com.securelegion/.SplashActivity
12-02 01:49:07.843  1602  3938 W TransitionChain: Combining AR.finish-force-crash into #1199(CLOSE|R|0x10) from finishTopCrash
12-02 01:49:07.843  2286  2320 V WindowManagerShell: Transition requested (#1199): android.os.BinderProxy@465c5d1 TransitionRequestInfo { type = CLOSE, triggerTask = TaskInfo{userId=0 taskId=819 effectiveUid=10367 displayId=0 isRunning=true baseIntent=Intent { act=android.intent.action.MAIN cat=[android.intent.category.LAUNCHER] flg=0x10200000 cmp=com.securelegion/.SplashActivity } baseActivity=ComponentInfo{com.securelegion/com.securelegion.SplashActivity} topActivity=ComponentInfo{com.securelegion/com.securelegion.SplashActivity} origActivity=null realActivity=ComponentInfo{com.securelegion/com.securelegion.SplashActivity} numActivities=1 lastActiveTime=157734647 supportsMultiWindow=true resizeMode=1 isResizeable=true minWidth=-1 minHeight=-1 defaultMinSize=220 token=WCT{android.os.BinderProxy@a5a9044} topActivityType=1 pictureInPictureParams=null shouldDockBigOverlays=false launchIntoPipHostTaskId=-1 lastParentTaskIdBeforePip=-1 displayCutoutSafeInsets=Rect(0, 0 - 0, 0) topActivityInfo=ActivityInfo{2411836 com.securelegion.SplashActivity} launchCookies=[android.os.BinderProxy@d22a62] positionInParent=Point(0, 0) parentTaskId=-1 isFocused=true isVisible=true isVisibleRequested=true isTopActivityNoDisplay=false isSleeping=false locusId=null displayAreaFeatureId=1 isTopActivityTransparent=false isActivityStackTransparent=false lastNonFullscreenBounds=Rect(276, 716 - 804, 1796) capturedLink=null capturedLinkTimestamp=0 requestedVisibleTypes=-9 topActivityRequestOpenInBrowserEducationTimestamp=0 appCompatTaskInfo=AppCompatTaskInfo { topActivityInSizeCompat=false eligibleForLetterboxEducation= false isLetterboxEducationEnabled= false isLetterboxDoubleTapEnabled= false eligibleForUserAspectRatioButton= false topActivityBoundsLetterboxed= false isFromLetterboxDoubleTap= false topActivityLetterboxVerticalPosition= -1 topActivityLetterboxHorizontalPosition= -1 topActivityLetterboxWidth=-1 topActivityLetterboxHeight=-1 topActivityAppBounds=Rect(0, 0 - 1080, 2424) isUserFullscreenOverrideEnabled=false isSystemFullscreenOverrideEnabled=false hasMinAspectRatioOverride=false topActivityLetterboxBounds=null cameraCompatTaskInfo=CameraCompatTaskInfo { freeformCameraCompatMode=inactiveundefined} topNonResizableActivityAspectRatio=-1.0} topActivityMainWindowFrame=null isAppBubble=false}, pipChange = null, remoteTransition = null, displayChange = null, flags = 16, debugId = 1199 }
12-02 01:49:07.844   679  2265 I libbinder.BpBinder: onLastStrongRef automatically unlinking death recipients: 
12-02 01:49:07.845  1602  3938 V WindowManager: Defer transition id=1199 for TaskFragmentTransaction=android.os.Binder@8b345a7
12-02 01:49:07.845  1602  3938 V WindowManager: deferTransitionReady deferReadyDepth=1 stack=com.android.server.wm.TransitionController.deferTransitionReady:1014 com.android.server.wm.TaskFragmentOrganizerController$TaskFragmentOrganizerState.dispatchTransaction:508 com.android.server.wm.TaskFragmentOrganizerController.dispatchPendingEvents:1250 com.android.server.wm.TaskFragmentOrganizerController.dispatchPendingEvents:1219 com.android.server.wm.RootWindowContainer.performSurfacePlacementNoTrace:808 
12-02 01:49:07.846  1602  3976 V WindowManager: Continue transition id=1199 for TaskFragmentTransaction=android.os.Binder@8b345a7
12-02 01:49:07.846  1602  3976 V WindowManager: continueTransitionReady deferReadyDepth=0 stack=com.android.server.wm.TransitionController.continueTransitionReady:1023 com.android.server.wm.TaskFragmentOrganizerController$TaskFragmentOrganizerState.onTransactionFinished:537 com.android.server.wm.TaskFragmentOrganizerController.onTransactionHandled:731 android.window.ITaskFragmentOrganizerController$Stub.onTransact:225 android.os.Binder.execTransactInternal:1441 
12-02 01:49:07.847  7553  7667 I Process : Sending signal. PID: 7553 SIG: 9
12-02 01:49:07.855   793   803 W powerhal-libperfmgr: sched_setattr failed for thread 7664, err=3
12-02 01:49:07.855   793   803 W powerhal-libperfmgr: sched_setattr failed for thread 7665, err=3
12-02 01:49:07.855   793   803 W powerhal-libperfmgr: sched_setattr failed for thread 7653, err=3
12-02 01:49:07.858  1066  1066 I Zygote  : Process 7553 exited due to signal 9 (Killed)
12-02 01:49:07.858  1602 12550 I WindowManager: WIN DEATH: Window{3c20024 u0 com.securelegion/com.securelegion.SplashActivity}
12-02 01:49:07.858   793   793 W powerhal-libperfmgr: sched_setattr failed for thread 7553, err=3
12-02 01:49:07.859  1602  2041 I ActivityManager: Process com.securelegion (pid 7553) has died: fg  TOP 
12-02 01:49:07.859  1602  1696 I libprocessgroup: Removed cgroup /sys/fs/cgroup/apps/uid_10367/pid_7553
12-02 01:49:07.862  1602  2041 W ActivityManager: Scheduling restart of crashed service com.securelegion/org.torproject.jni.TorService in 16200000ms for start-requested
12-02 01:49:07.863  1602  2041 W TransitionChain: Combining appDied into #1199(CLOSE|R|0x10) from finishTopCrash
12-02 01:49:07.864  1602  2188 D InetDiagMessage: Destroyed 0 sockets, proto=IPPROTO_TCP, family=AF_INET, states=14
12-02 01:49:07.865  1602  2188 D InetDiagMessage: Destroyed 0 sockets, proto=IPPROTO_TCP, family=AF_INET6, states=14
12-02 01:49:07.865  1602  2188 D InetDiagMessage: Destroyed live tcp sockets for uids={10367} in 2ms
12-02 01:49:07.865  1602  2188 D InetDiagMessage: Destroyed 0 sockets, proto=IPPROTO_TCP, family=AF_INET, states=14
12-02 01:49:07.866 30340 30340 D BaseActivity: Launcher flags updated: [state_started|state_resumed|state_user_active] +[state_resumed|state_user_active]
12-02 01:49:07.866  1602  2188 D InetDiagMessage: Destroyed 0 sockets, proto=IPPROTO_TCP, family=AF_INET6, states=14
12-02 01:49:07.866  1602  2188 D InetDiagMessage: Destroyed live tcp sockets for uids={20367} in 1ms
12-02 01:49:07.866 30340 30340 D BaseActivity: Launcher flags updated: [state_started|state_resumed|state_deferred_resumed|state_user_active] +[state_deferred_resumed]
12-02 01:49:07.866 30340 30340 D StatsLog: LAUNCHER_ONRESUME
12-02 01:49:07.869  1602  2026 W ParceledListSlice: Element #8 is 18132 bytes.
12-02 01:49:07.869  1602  2026 W ParceledListSlice: Element #9 is 18132 bytes.
12-02 01:49:07.869 30340 30340 I NotificationListener: Handling notification state refresh for com.google.android.gm#0
12-02 01:49:07.869 30340 30340 I NotificationListener: Handling notification state refresh for com.android.vending#0
12-02 01:49:07.869 30340 30340 I NotificationListener: Handling notification state refresh for com.android.vending#0
12-02 01:49:07.869 30340 30340 I NotificationListener: Handling notification state refresh for com.google.android.gms#0
12-02 01:49:07.869 30340 30340 I NotificationListener: Handling notification state refresh for com.google.android.gms#0
12-02 01:49:07.870 30340 30365 D QuickstepModelDelegate: notifyAppTargetEvent action=1 launchLocation=
12-02 01:49:07.871  2286  2829 V WindowManagerShell: onTransitionReady(transaction=6880537648891)
12-02 01:49:07.871  2286  2320 V WindowManagerShell: onTransitionReady (#1199) android.os.BinderProxy@465c5d1: {id=1199 t=CLOSE f=0x10 trk=0 r=[0@Point(0, 0)] c=[
12-02 01:49:07.871  2286  2320 V WindowManagerShell:         {m=TO_FRONT f=SHOW_WALLPAPER|MOVE_TO_TOP leash=Surface(name=Task=1)/@0xadbf337 sb=Rect(0, 0 - 1080, 2424) eb=Rect(0, 0 - 1080, 2424) epz=Point(1080, 2424) d=0 taskParent=-1 winMode=1},
12-02 01:49:07.871  2286  2320 V WindowManagerShell:         {m=CLOSE f=NONE leash=Surface(name=Task=819)/@0x74b80a4 sb=Rect(0, 0 - 1080, 2424) eb=Rect(0, 0 - 1080, 2424) epz=Point(1080, 2424) d=0 taskParent=-1 winMode=1},
12-02 01:49:07.871  2286  2320 V WindowManagerShell:         {m=TO_FRONT f=IS_WALLPAPER leash=Surface(name=WallpaperWindowToken{a7351ee})/@0xf2fee0d sb=Rect(0, 0 - 1080, 2424) eb=Rect(0, 0 - 1080, 2424) epz=Point(1080, 2424) d=0}
12-02 01:49:07.871  2286  2320 V WindowManagerShell:     ]}
12-02 01:49:07.871  2286  2320 V WindowManagerShell: Transition (#1199) android.os.BinderProxy@465c5d1@0 ready while (#1198) android.os.BinderProxy@dc4fd57@0 is still animating. Notify the animating transition in case they can be merged
12-02 01:49:07.871  2286  2320 V WindowManagerShell:    Merge into remote: RemoteTransition { remoteTransition = android.window.IRemoteTransition$Stub$Proxy@c3217f3, appThread = android.app.IApplicationThread$Stub$Proxy@d926cb0, debugName = QuickstepLaunch }
12-02 01:49:07.873  2286  2320 V WindowManagerShell: Transition animation finished (aborted=false), notifying core (#1198) android.os.BinderProxy@dc4fd57@0
12-02 01:49:07.875  1602  1681 V WindowManager: Sent Transition (#1199) createdAt=12-02 01:49:07.843 via request=TransitionRequestInfo { type = CLOSE, triggerTask = TaskInfo{userId=0 taskId=819 effectiveUid=10367 displayId=0 isRunning=true baseIntent=Intent { act=android.intent.action.MAIN cat=[android.intent.category.LAUNCHER] flg=0x10200000 cmp=com.securelegion/.SplashActivity } baseActivity=ComponentInfo{com.securelegion/com.securelegion.SplashActivity} topActivity=ComponentInfo{com.securelegion/com.securelegion.SplashActivity} origActivity=null realActivity=ComponentInfo{com.securelegion/com.securelegion.SplashActivity} numActivities=1 lastActiveTime=157734647 supportsMultiWindow=true resizeMode=1 isResizeable=true minWidth=-1 minHeight=-1 defaultMinSize=220 token=WCT{RemoteToken{5bfb8a9 Task{fc45994 #819 type=standard A=10367:com.securelegion}}} topActivityType=1 pictureInPictureParams=null shouldDockBigOverlays=false launchIntoPipHostTaskId=-1 lastParentTaskIdBeforePip=-1 displayCutoutSafeInsets=Rect(0, 0 - 0, 0) topActivityInfo=ActivityInfo{89b4e2e com.securelegion.SplashActivity} launchCookies=[android.os.BinderProxy@1867dcf] positionInParent=Point(0, 0) parentTaskId=-1 isFocused=true isVisible=true isVisibleRequested=true isTopActivityNoDisplay=false isSleeping=false locusId=null displayAreaFeatureId=1 isTopActivityTransparent=false isActivityStackTransparent=false lastNonFullscreenBounds=Rect(276, 716 - 804, 1796) capturedLink=null capturedLinkTimestamp=0 requestedVisibleTypes=-9 topActivityRequestOpenInBrowserEducationTimestamp=0 appCompatTaskInfo=AppCompatTaskInfo { topActivityInSizeCompat=false eligibleForLetterboxEducation= false isLetterboxEducationEnabled= false isLetterboxDoubleTapEnabled= false eligibleForUserAspectRatioButton= false topActivityBoundsLetterboxed= false isFromLetterboxDoubleTap= false topActivityLetterboxVerticalPosition= -1 topActivityLetterboxHorizontalPosition= -1 topActivityLetterboxWidth=-1 topActivityLetterboxHeight=-1 topActivityAppBounds=Rect(0, 0 - 1080, 2424) isUserFullscreenOverrideEnabled=false isSystemFullscreenOverrideEnabled=false hasMinAspectRatioOverride=false topActivityLetterboxBounds=null cameraCompatTaskInfo=CameraCompatTaskInfo { freeformCameraCompatMode=inactiveundefined} topNonResizableActivityAspectRatio=-1.0} topActivityMainWindowFrame=null isAppBubble=false}, pipChange = null, remoteTransition = null, displayChange = null, flags = 16, debugId = 1199 }
12-02 01:49:07.875  1602  1681 V WindowManager:     startWCT=WindowContainerTransaction { changes= {} hops= [] errorCallbackToken=null taskFragmentOrganizer=null }
12-02 01:49:07.875  1602  1681 V WindowManager:     info={id=1199 t=CLOSE f=0x10 trk=0 r=[0@Point(0, 0)] c=[
12-02 01:49:07.875  1602  1681 V WindowManager:         {WCT{RemoteToken{709b87 Task{4da40b2 #1 type=home}}} m=TO_FRONT f=SHOW_WALLPAPER|MOVE_TO_TOP leash=Surface(name=Task=1)/@0xeefd868 sb=Rect(0, 0 - 1080, 2424) eb=Rect(0, 0 - 1080, 2424) epz=Point(1080, 2424) d=0 taskParent=-1 winMode=1},
12-02 01:49:07.875  1602  1681 V WindowManager:         {WCT{RemoteToken{5bfb8a9 Task{fc45994 #819 type=standard A=10367:com.securelegion}}} m=CLOSE f=NONE leash=Surface(name=Task=819)/@0x266dead sb=Rect(0, 0 - 1080, 2424) eb=Rect(0, 0 - 1080, 2424) epz=Point(1080, 2424) d=0 taskParent=-1 winMode=1},
12-02 01:49:07.875  1602  1681 V WindowManager:         {m=TO_FRONT f=IS_WALLPAPER leash=Surface(name=WallpaperWindowToken{a7351ee})/@0x939e5a9 sb=Rect(0, 0 - 1080, 2424) eb=Rect(0, 0 - 1080, 2424) epz=Point(1080, 2424) d=0}
12-02 01:49:07.875  1602  1681 V WindowManager:     ]}
12-02 01:49:07.876  1602  1684 W ActivityManager: setHasOverlayUi called on unknown pid: 7553
12-02 01:49:07.876  1602  2234 D BackgroundInstallControlService: Package event received: 0
12-02 01:49:07.877  1602  1681 V WindowManager: Finish Transition (#1198): created at 12-02 01:49:07.727 collect-started=0.06ms request-sent=4.275ms started=5.241ms ready=29.768ms sent=30.764ms commit=10.937ms finished=149.02ms
12-02 01:49:07.877  2286  2320 V WindowManagerShell: Playing animation for (#1199) android.os.BinderProxy@465c5d1@0
12-02 01:49:07.877  2286  2320 V ShellRecents: RecentsTransitionHandler.startAnimation: no controller found
12-02 01:49:07.877  2286  2320 V WindowManagerShell: Transition doesn't have explicit remote, search filters for match for {id=1199 t=CLOSE f=0x10 trk=0 r=[0@Point(0, 0)] c=[{m=TO_FRONT f=SHOW_WALLPAPER|MOVE_TO_TOP leash=Surface(name=Task=1)/@0xadbf337 sb=Rect(0, 0 - 1080, 2424) eb=Rect(0, 0 - 1080, 2424) epz=Point(1080, 2424) d=0 taskParent=-1 winMode=1},{m=CLOSE f=NONE leash=Surface(name=Task=819)/@0x74b80a4 sb=Rect(0, 0 - 1080, 2424) eb=Rect(0, 0 - 1080, 2424) epz=Point(1080, 2424) d=0 taskParent=-1 winMode=1},{m=TO_FRONT f=IS_WALLPAPER leash=Surface(name=WallpaperWindowToken{a7351ee})/@0xf2fee0d sb=Rect(0, 0 - 1080, 2424) eb=Rect(0, 0 - 1080, 2424) epz=Point(1080, 2424) d=0}]}
12-02 01:49:07.877  2286  2320 V WindowManagerShell:  Checking filter Pair{{types=[] flags=0x0] notFlags=0x0 checks=[{atype=undefined independent=true modes=[CLOSE,TO_BACK] flags=IN_TASK_WITH_EMBEDDED_ACTIVITY mustBeTask=false order=ANY topActivity=null launchCookie=null taskFragmentToken=android.os.BinderProxy@8f07c7f windowingMode=undefined}]} RemoteTransition { remoteTransition = android.window.IRemoteTransition$Stub$Proxy@d8de44c, appThread = android.app.IApplicationThread$Stub$Proxy@fc18c95, debugName = overlayBackTransition }}
12-02 01:49:07.877  2286  2320 V WindowManagerShell:  Checking filter Pair{{types=[] flags=0x0] notFlags=0x0 checks=[{atype=dream independent=true modes=[OPEN,TO_FRONT] flags=NONE mustBeTask=false order=ANY topActivity=null launchCookie=null windowingMode=undefined},{atype=home independent=true modes=[CLOSE,TO_BACK] flags=NONE mustBeTask=false order=ANY topActivity=null launchCookie=null windowingMode=undefined}]} RemoteTransition { remoteTransition = android.window.IRemoteTransition$Stub$Proxy@e7c71aa, appThread = android.app.IApplicationThread$Stub$Proxy@91a619b, debugName = LauncherToDream }}
12-02 01:49:07.877  2286  2320 V WindowManagerShell:  Checking filter Pair{{types=[] flags=0x0] notFlags=0x100 checks=[{atype=home independent=true modes=[OPEN,TO_FRONT] flags=NONE mustBeTask=false order=TOP topActivity=ComponentInfo{com.google.android.apps.nexuslauncher/com.google.android.apps.nexuslauncher.NexusLauncherActivity} launchCookie=null windowingMode=undefined},{atype=standard independent=true modes=[CLOSE,TO_BACK] flags=NONE mustBeTask=false order=ANY topActivity=null launchCookie=null windowingMode=undefined},{NOT atype=undefined independent=true modes=[] flags=NONE mustBeTask=true order=ANY topActivity=null launchCookie=null customAnim=true windowingMode=undefined}]} RemoteTransition { remoteTransition = android.window.IRemoteTransition$Stub$Proxy@2daf938, appThread = android.app.IApplicationThread$Stub$Proxy@87b5d11, debugName = QuickstepLaunchHome }}
12-02 01:49:07.877  2286  2320 D RemoteTransitionHandler: Found filterPair{{types=[] flags=0x0] notFlags=0x100 checks=[{atype=home independent=true modes=[OPEN,TO_FRONT] flags=NONE mustBeTask=false order=TOP topActivity=ComponentInfo{com.google.android.apps.nexuslauncher/com.google.android.apps.nexuslauncher.NexusLauncherActivity} launchCookie=null windowingMode=undefined},{atype=standard independent=true modes=[CLOSE,TO_BACK] flags=NONE mustBeTask=false order=ANY topActivity=null launchCookie=null windowingMode=undefined},{NOT atype=undefined independent=true modes=[] flags=NONE mustBeTask=true order=ANY topActivity=null launchCookie=null customAnim=true windowingMode=undefined}]} RemoteTransition { remoteTransition = android.window.IRemoteTransition$Stub$Proxy@2daf938, appThread = android.app.IApplicationThread$Stub$Proxy@87b5d11, debugName = QuickstepLaunchHome }}
12-02 01:49:07.877  2286  2320 V WindowManagerShell:  Delegate animation for (#1199) to RemoteTransition { remoteTransition = android.window.IRemoteTransition$Stub$Proxy@2daf938, appThread = android.app.IApplicationThread$Stub$Proxy@87b5d11, debugName = QuickstepLaunchHome }
12-02 01:49:07.878  1602  2234 D BackgroundInstallControlService: Package event received: 0
12-02 01:49:07.878  2286  2320 V WindowManagerShell:  animated by com.android.wm.shell.transition.RemoteTransitionHandler@cd1a804
12-02 01:49:07.878  2286  2320 V ShellStartingWindow: RSO:Receive removal info for task=819
12-02 01:49:07.878  1602  2234 D BackgroundInstallControlService: Package event received: 0
12-02 01:49:07.881 30340 30340 D StateManager: cancelAnimation - with ongoing animation, partial trace:
12-02 01:49:07.881 30340 30340 D StateManager: 	at com.android.launcher3.statemanager.StateManager.setCurrentAnimation(go/retraceme 1b4f0d307a368600038194d61ee0cd226cd6c58a284ec5ced816d9ed6d3eb4e6:15)
12-02 01:49:07.881 30340 30340 D StateManager: 	at com.android.launcher3.QuickstepTransitionManager.createWallpaperOpenAnimations(go/retraceme 1b4f0d307a368600038194d61ee0cd226cd6c58a284ec5ced816d9ed6d3eb4e6:257)
12-02 01:49:07.881 30340 30340 D StateManager: 	at com.android.launcher3.QuickstepTransitionManager$WallpaperOpenLauncherAnimationRunner.onAnimationStart(go/retraceme 1b4f0d307a368600038194d61ee0cd226cd6c58a284ec5ced816d9ed6d3eb4e6:17)
12-02 01:49:07.882 30340 30340 D KeyboardInsetsHandler: setState, toState:AllApps StateManager(mLastStableState:Normal, mCurrentStableState:AllApps, mState:AllApps, mRestState:null, isInTransition:false)
12-02 01:49:07.882 30340 30340 D BaseActivity: Launcher flags updated: [state_started|state_resumed|state_deferred_resumed|state_user_active]
12-02 01:49:07.882 30340 30340 D StateManager: onStateTransitionEnd - state: AllApps
12-02 01:49:07.882 30340 30340 D RecentsView: reset - mEnableDrawingLiveTile: false, mRecentsAnimationController: null
12-02 01:49:07.882 30340 30340 D b/311077782: LauncherAnimationRunner.setAnimation
12-02 01:49:07.883 30340 30396 D GmsPlayProvider: Established or reuse existing binder channel authority=com.google.android.gms
12-02 01:49:07.888 30340 30340 D SearchTargetUtil: queryLength=0 size=2
12-02 01:49:07.888 30340 30340 D SearchTargetUtil: layoutType=placeholder resultType=131072 packageName=com.google.android.googlequicksearchbox
12-02 01:49:07.888 30340 30340 D SearchTargetUtil: layoutType=empty_divider resultType=262144 packageName=
12-02 01:49:07.889 25815  6562 I GmsNetworkEngineImageFe: warmup called
12-02 01:49:07.889 25815  6562 I GmsNetworkEngineImageFe: fetchImage called
12-02 01:49:07.889 25815  6562 I GmsNetworkEngineImageFe: (REDACTED) image url: %s
12-02 01:49:07.892  3621  4073 I AiAiEcho: (REDACTED) Predicting[%d]: %s
12-02 01:49:07.892  3621  4073 I AiAiEcho: (REDACTED) EchoTargets: %s
12-02 01:49:07.892  3621  4073 I AiAiEcho: Filtered by AiAi flag check: %s
12-02 01:49:07.892  3621  4073 I AiAiEcho: #remoteViewsTwiddler: feature disabled.
12-02 01:49:07.893 25815  6562 I PlayCloudSearchServiceI: (REDACTED) getCompletions called on thread %s
12-02 01:49:07.893 25815  6562 I PlayCloudSearchServiceI: (REDACTED) Searching for query <%s> with account <%s>
12-02 01:49:07.893 25815  6562 I PlayCloudSearchServiceI: (REDACTED) result_count not specified, defaulting to %d...
12-02 01:49:07.894  3621  4073 I AiAiEcho: (REDACTED) #postPredictionTargets: Sending updates to UISurface %s with targets# %s (types=[%s])
12-02 01:49:07.896 25815  6738 I PlayCloudSearchServiceI: (REDACTED) Number of app suggestions returned from xRPC call: %d
12-02 01:49:07.897 25815  6738 I PlayCloudSearchServiceI: (REDACTED) Number of app suggestions after filtering: %d
12-02 01:49:07.903 30340 30340 D ImeBackDispatcher: switch root view (mImeCallbacks.size=0)
12-02 01:49:07.903 30340 30340 D BaseActivity: Launcher flags updated: [state_started|state_resumed|state_deferred_resumed|state_window_focused|state_user_active] +[state_window_focused]
12-02 01:49:07.904  1602  2078 I ImeTracker: com.google.android.apps.nexuslauncher:260ec5c2: onRequestHide at ORIGIN_SERVER reason HIDE_SAME_WINDOW_FOCUSED_WITHOUT_EDITOR fromUser false
12-02 01:49:07.905 30340 30340 D InsetsController: hide(ime())
12-02 01:49:07.905 30340 30340 I ImeTracker: com.google.android.apps.nexuslauncher:260ec5c2: onCancelled at PHASE_CLIENT_ALREADY_HIDDEN
12-02 01:49:07.906  3590  3590 I GoogleInputMethodService: GoogleInputMethodService.onFinishInput():2097 
12-02 01:49:07.906  3590  3590 I Module  : DeviceLockedStatusModuleProvider$Module.updateDeviceLockedStatus():103 repeatCheckTimes = 0, locked = false
12-02 01:49:07.906  3590  3590 I GoogleInputMethodService: GoogleInputMethodService.onStartInput():1347 onStartInput(EditorInfo{EditorInfo{packageName=com.google.android.apps.nexuslauncher, inputType=0, inputTypeString=NULL, enableLearning=false, autoCorrection=false, autoComplete=false, imeOptions=0, privateImeOptions=null, actionName=UNSPECIFIED, actionLabel=null, initialSelStart=-1, initialSelEnd=-1, initialCapsMode=0, label=null, fieldId=0, fieldName=null, extras=null, hintText=null, hintLocales=[]}}, false)
12-02 01:49:07.907  3590  3590 I Module  : DeviceLockedStatusModuleProvider$Module.updateDeviceLockedStatus():103 repeatCheckTimes = 1, locked = false
12-02 01:49:07.907  1602  2026 W PackageConfigPersister: App-specific configuration not found for packageName: com.google.android.apps.nexuslauncher and userId: 0
12-02 01:49:07.909 30340 30350 W System  : A resource failed to call release. 
12-02 01:49:07.909 30340 30350 W System  : A resource failed to call release. 
12-02 01:49:07.909 30340 30350 W System  : A resource failed to call release. 
12-02 01:49:07.910 30340 30350 W System  : A resource failed to call release. 
12-02 01:49:07.910 30340 30350 W System  : A resource failed to call release. 
12-02 01:49:07.910 30340 30350 W System  : A resource failed to call release. 
12-02 01:49:07.910 30340 30350 W System  : A resource failed to call release. 
12-02 01:49:07.910 30340 30350 W System  : A resource failed to call release. 
12-02 01:49:07.910 30340 30350 W System  : A resource failed to call release. 
12-02 01:49:07.910 30340 30350 W System  : A resource failed to call release. 
12-02 01:49:07.910 30340 30350 W System  : A resource failed to call release. 
12-02 01:49:07.910 30340 30350 W System  : A resource failed to call release. 
12-02 01:49:07.911 30340 30350 W System  : A resource failed to call release. 
12-02 01:49:07.911 30340 30350 W System  : A resource failed to call release. 
12-02 01:49:07.911 30340 30350 W System  : A resource failed to call release. 
12-02 01:49:07.911 30340 30350 W System  : A resource failed to call release. 
12-02 01:49:07.911 30340 30350 W System  : A resource failed to call release. 
12-02 01:49:07.911 30340 30350 W System  : A resource failed to call release. 
12-02 01:49:07.911 30340 30350 W System  : A resource failed to call release. 
12-02 01:49:07.911 30340 30350 W System  : A resource failed to call release. 
12-02 01:49:07.911 30340 30350 W System  : A resource failed to call release. 
12-02 01:49:07.926  1088  1759 I AHal::Tas25xxHealth: GetImpedances: speaker [0] impedance: 5.96127 Ohms
12-02 01:49:07.926  1367  1367 D AOC     : F1:MSG: controller.cc, 275: AudioOutCtrl: cmd ID: 0x00d3, tag: 0xca [cntr = 7518]
12-02 01:49:07.926  1367  1367 D AOC     : F1:Prot: get left re: 0x2fb0ad
12-02 01:49:07.926  1367  1367 D AOC     : F1:MSG: controller.cc, 919: AudioOutCtrl: ipc: audio_output_tu, cmd ID: 0x00d3, tag: 0x95, rc: 0
12-02 01:49:07.927  1367  1367 D AOC     : F1:MSG: controller.cc, 275: AudioOutCtrl: cmd ID: 0x00d3, tag: 0xcb [cntr = 7519]
12-02 01:49:07.927  1367  1367 D AOC     : F1:Prot: get right re: 0x380d73
12-02 01:49:07.927  1088  1759 I AHal::Tas25xxHealth: GetImpedances: speaker [1] impedance: 7.00657 Ohms
12-02 01:49:07.927  1367  1367 D AOC     : F1:MSG: controller.cc, 919: AudioOutCtrl: ipc: audio_output_tu, cmd ID: 0x00d3, tag: 0x96, rc: 0
12-02 01:49:07.928  1367  1367 D AOC     : F1:MSG: controller.cc, 275: AudioOutCtrl: cmd ID: 0x00d3, tag: 0xcc [cntr = 7520]
12-02 01:49:07.928  1088  1759 I AHal::Tas25xxHealth: GetTemperatures: speaker [0] temperature: 26.9894 Celsius
12-02 01:49:07.928  1367  1367 D AOC     : F1:Prot: get left temp: 0xd7ea33
12-02 01:49:07.929  1367  1367 D AOC     : F1:MSG: controller.cc, 919: AudioOutCtrl: ipc: audio_output_tu, cmd ID: 0x00d3, tag: 0x97, rc: 0
12-02 01:49:07.929  1088  1759 I AHal::Tas25xxHealth: GetTemperatures: speaker [1] temperature: 26.985 Celsius
12-02 01:49:07.929  1367  1367 D AOC     : F1:MSG: controller.cc, 275: AudioOutCtrl: cmd ID: 0x00d3, tag: 0xcd [cntr = 7521]
12-02 01:49:07.930  1367  1367 D AOC     : F1:Prot: get right temp: 0xd7e150
12-02 01:49:07.930  1367  1367 D AOC     : F1:MSG: controller.cc, 919: AudioOutCtrl: ipc: audio_output_tu, cmd ID: 0x00d3, tag: 0x98, rc: 0
12-02 01:49:08.188  2286  2320 V WindowManagerShell: Transition animation finished (aborted=false), notifying core (#1199) android.os.BinderProxy@465c5d1@0
12-02 01:49:08.195  1602  1681 V WindowManager: Finish Transition (#1199): created at 12-02 01:49:07.843 collect-started=0.037ms request-sent=0.106ms started=3.372ms ready=22.255ms sent=25.84ms commit=17.017ms finished=350.914ms
12-02 01:49:08.197  2286  2320 V WindowManagerShell: Track 0 became idle
12-02 01:49:08.197  2286  2320 V WindowManagerShell: All active transition animations finished
12-02 01:49:08.203 30340 30340 D SsBaseTemplateCard: No text view can be set up
12-02 01:49:08.203 30340 30340 D SsBaseTemplateCard: Passed-in item info is null
12-02 01:49:08.203 30340 30340 D SsBaseTemplateCard: Passed-in item info is null
12-02 01:49:08.203 30340 30340 D SsBaseTemplateCard: Passed-in item info is null
12-02 01:49:08.203 30340 30340 I SsBaseTemplateCard: Secondary card pane is null
12-02 01:49:08.206 30340 30340 D RecentsView: onTaskRemoved: 819, not handling task stack changes
12-02 01:49:08.206 30340 30340 D RecentsView: onTaskRemoved: 819, not handling task stack changes
12-02 01:49:08.344  1602  1684 W ActivityTaskManager: Activity top resumed state loss timeout for ActivityRecord{204778406 u0 com.securelegion/.SplashActivity t-1 f}}
12-02 01:49:08.599 25815 25815 D BoundBrokerSvc: onUnbind: Intent { act=com.google.android.gms.findmydevice.spot.service.locationreport.START dat=chimera-action:/... xflg=0x4 cmp=com.google.android.gms/.chimera.PersistentApiService }
12-02 01:49:09.101  1135  1135 I WifiHAL : Creating message to get link statistics; iface = 47
12-02 01:49:09.162  1135  1135 I WifiHAL : index: 0 per_rate_size 32, data_rem_len 1152
12-02 01:49:09.162  1135  1135 I WifiHAL : index: 1 per_rate_size 32, data_rem_len 1120
12-02 01:49:09.162  1135  1135 I WifiHAL : index: 2 per_rate_size 32, data_rem_len 1088
12-02 01:49:09.162  1135  1135 I WifiHAL : index: 3 per_rate_size 32, data_rem_len 1056
12-02 01:49:09.162  1135  1135 I WifiHAL : index: 4 per_rate_size 32, data_rem_len 1024
12-02 01:49:09.162  1135  1135 I WifiHAL : index: 5 per_rate_size 32, data_rem_len 992
12-02 01:49:09.162  1135  1135 I WifiHAL : index: 6 per_rate_size 32, data_rem_len 960
12-02 01:49:09.162  1135  1135 I WifiHAL : index: 7 per_rate_size 32, data_rem_len 928
12-02 01:49:09.162  1135  1135 I WifiHAL : index: 8 per_rate_size 32, data_rem_len 896
12-02 01:49:09.162  1135  1135 I WifiHAL : index: 9 per_rate_size 32, data_rem_len 864
12-02 01:49:09.162  1135  1135 I WifiHAL : index: 10 per_rate_size 32, data_rem_len 832
12-02 01:49:09.162  1135  1135 I WifiHAL : index: 11 per_rate_size 32, data_rem_len 800
12-02 01:49:09.162  1135  1135 I WifiHAL : index: 12 per_rate_size 32, data_rem_len 768
12-02 01:49:09.162  1135  1135 I WifiHAL : index: 13 per_rate_size 32, data_rem_len 736
12-02 01:49:09.162  1135  1135 I WifiHAL : index: 14 per_rate_size 32, data_rem_len 704
12-02 01:49:09.162  1135  1135 I WifiHAL : index: 15 per_rate_size 32, data_rem_len 672
12-02 01:49:09.162  1135  1135 I WifiHAL : index: 16 per_rate_size 32, data_rem_len 640
12-02 01:49:09.162  1135  1135 I WifiHAL : index: 17 per_rate_size 32, data_rem_len 608
12-02 01:49:09.162  1135  1135 I WifiHAL : index: 18 per_rate_size 32, data_rem_len 576
12-02 01:49:09.162  1135  1135 I WifiHAL : index: 19 per_rate_size 32, data_rem_len 544
12-02 01:49:09.162  1135  1135 I WifiHAL : index: 20 per_rate_size 32, data_rem_len 512
12-02 01:49:09.162  1135  1135 I WifiHAL : index: 21 per_rate_size 32, data_rem_len 480
12-02 01:49:09.162  1135  1135 I WifiHAL : index: 22 per_rate_size 32, data_rem_len 448
12-02 01:49:09.162  1135  1135 I WifiHAL : index: 23 per_rate_size 32, data_rem_len 416
12-02 01:49:09.162  1135  1135 I WifiHAL : index: 24 per_rate_size 32, data_rem_len 384
12-02 01:49:09.162  1135  1135 I WifiHAL : index: 25 per_rate_size 32, data_rem_len 352
12-02 01:49:09.162  1135  1135 I WifiHAL : index: 26 per_rate_size 32, data_rem_len 320
12-02 01:49:09.162  1135  1135 I WifiHAL : index: 27 per_rate_size 32, data_rem_len 288
12-02 01:49:09.162  1135  1135 I WifiHAL : index: 28 per_rate_size 32, data_rem_len 256
12-02 01:49:09.162  1135  1135 I WifiHAL : index: 29 per_rate_size 32, data_rem_len 224
12-02 01:49:09.162  1135  1135 I WifiHAL : index: 30 per_rate_size 32, data_rem_len 192
12-02 01:49:09.162  1135  1135 I WifiHAL : index: 31 per_rate_size 32, data_rem_len 160
12-02 01:49:09.162  1135  1135 I WifiHAL : index: 32 per_rate_size 32, data_rem_len 128
12-02 01:49:09.162  1135  1135 I WifiHAL : index: 33 per_rate_size 32, data_rem_len 96
12-02 01:49:09.162  1135  1135 I WifiHAL : index: 34 per_rate_size 32, data_rem_len 64
12-02 01:49:09.162  1135  1135 I WifiHAL : index: 35 per_rate_size 32, data_rem_len 32
12-02 01:49:09.164  1135  1231 I WifiHAL : Getting cached scan results, iface handle = 0xb400007d56c604d0
12-02 01:49:09.164  1135  1231 E WifiHAL : Creating message to get cached scan results
12-02 01:49:09.172  1135  1231 I WifiHAL : In GetCachedScanResultsCommand::handleResponse
12-02 01:49:09.214  1602  2188 D ConnectivityService: NetReassign [no changes] [c 1] [a 0] [i 3]
12-02 01:49:09.349 10230 10232 I pixel-thermal: VIRTUAL-SKIN-MODEL: model_input: [31082.00 31038.00 31995.00 29368.00 29390.00 29524.00 31149.00 33130.00 ]
12-02 01:49:09.349 10230 10232 I native  : I0000 00:00:1764658149.349595   10232 thermal_tflite_wrapper.cc:261] ThermalTfliteInvoke
12-02 01:49:09.350 10230 10232 I pixel-thermal: VIRTUAL-SKIN-MODEL: model_output: [29929.4 ]
12-02 01:49:09.350 10230 10232 I pixel-thermal: VIRTUAL-SKIN-MODEL: predicted_value: [29929.4 ]
12-02 01:49:09.350 10230 10232 I pixel-thermal: VIRTUAL-SKIN-CPU-MID:29.8282 raw data: VIRTUAL-SKIN:29828.2 VIRTUAL-SKIN-CPU-MID:29828.2 VIRTUAL-SKIN-LEGACY:30247.6 VIRTUAL-SKIN-LEGACY-MODEL-DIFF:318.178 VIRTUAL-SKIN-LEGACY-SHUTDOWN:0 VIRTUAL-SKIN-MODEL:29929.4 VIRTUAL-SKIN-MODEL-CLAMPED:29929.4 VIRTUAL-SKIN-MODEL-LEGACY-DIFF:-318.178 VIRTUAL-SKIN-MODEL-UPDATED:29828.2 VIRTUAL-SKIN-MODEL-UPPER-CLAMPED:29929.4 VIRTUAL-SKIN-SUB-0:29230.8 VIRTUAL-SKIN-SUB-1:30115.1 VIRTUAL-SKIN-SUB-2:29976.3 VIRTUAL-SKIN-SUB-3:30247.6 VIRTUAL-SKIN-SUB-4:30081 VT_LEGACY_WEIGHT:0 VT_MODEL_WEIGHT:1 battery:29400 btmspkr_therm:29390 charging_therm:31995 disp_therm:29524 north_therm:31149 quiet_therm:31038 rfpa_therm:31082 soc_therm:33130 usb_pwr_therm:29368 
12-02 01:49:09.357 10230 10232 I pixel-thermal: disp_therm:29.524 raw data: disp_therm:29524 
12-02 01:49:09.357 10230 10232 I pixel-thermal: VIRTUAL-SKIN-SOC:29.8282 raw data: VIRTUAL-SKIN:29828.2 VIRTUAL-SKIN-SOC:29828.2 
12-02 01:49:09.357 10230 10232 I pixel-thermal: VIRTUAL-SKIN-DISPLAY:29.8282 raw data: VIRTUAL-SKIN:29828.2 VIRTUAL-SKIN-DISPLAY:29828.2 
12-02 01:49:09.358 10230 10232 I pixel-thermal: CPU_THROTTLE_SEVERE:0 raw data: CPU_THROTTLE_SEVERE:0 
12-02 01:49:09.358 10230 10232 I pixel-thermal: VIRTUAL-SKIN:29.8282 raw data: VIRTUAL-SKIN:29828.2 
12-02 01:49:09.358 10230 10232 I pixel-thermal: btmspkr_therm:29.39 raw data: btmspkr_therm:29390 
12-02 01:49:09.358 10230 10232 I pixel-thermal: VIRTUAL-SKIN-HINT:29.8282 raw data: VIRTUAL-SKIN:29828.2 VIRTUAL-SKIN-HINT:29828.2 
12-02 01:49:09.358 10230 10232 I pixel-thermal: VIRTUAL-SKIN-CPU-LIGHT-ODPM:29.8282 raw data: VIRTUAL-SKIN:29828.2 VIRTUAL-SKIN-CPU-LIGHT-ODPM:29828.2 
12-02 01:49:09.358 10230 10232 I pixel-thermal: VIRTUAL-SKIN-CPU-ODPM:29.8282 raw data: VIRTUAL-SKIN:29828.2 VIRTUAL-SKIN-CPU-ODPM:29828.2 
12-02 01:49:09.358 10230 10232 I pixel-thermal: VIRTUAL-SKIN-ODPM-MODEL: model_input: [31082.00 31038.00 31995.00 29368.00 29390.00 29524.00 31149.00 33130.00 29400.00 280.24 5.14 23.85 32.39 5.51 19.37 ]
12-02 01:49:09.358 10230 10232 I native  : I0000 00:00:1764658149.358602   10232 thermal_tflite_wrapper.cc:261] ThermalTfliteInvoke
12-02 01:49:09.358 10230 10232 I pixel-thermal: VIRTUAL-SKIN-ODPM-MODEL: model_output: [29249.9 ]
12-02 01:49:09.358 10230 10232 I pixel-thermal: VIRTUAL-SKIN-ODPM-MODEL: predicted_value: [29249.9 ]
12-02 01:49:09.359 10230 10232 I pixel-thermal: VIRTUAL-SKIN-SPEAKER-MODEL: model_input: [29400.00 29390.00 31995.00 29524.00 31149.00 31038.00 31082.00 33130.00 29368.00 ]
12-02 01:49:09.359 10230 10232 I native  : I0000 00:00:1764658149.359377   10232 thermal_tflite_wrapper.cc:261] ThermalTfliteInvoke
12-02 01:49:09.359 10230 10232 I pixel-thermal: VIRTUAL-SKIN-SPEAKER-MODEL: model_output: [29459.3 ]
12-02 01:49:09.359 10230 10232 I pixel-thermal: VIRTUAL-SKIN-SPEAKER-MODEL: predicted_value: [29459.3 ]
12-02 01:49:09.359 10230 10232 I pixel-thermal: STATS-UPDATOR:0 raw data: EXTREME-SOC-CONDITION-CHECK:0 MAIN_SOC_POWER:545.618 MODEL_CAMERA_PWR:5.14077 MODEL_DISPLAY_PWR:23.85 MODEL_MISC_PWR:280.237 MODEL_MODEM_PWR:32.3864 MODEL_RFFE_PWR:5.5111 MODEL_WLAN_BT_PWR:19.3701 NORTH_THERM-UNDER-THRESHOLD:1 NORTH_THERM-VSKIN-DIFF-DURING-NORTH_THERM-OVER-THRESHOLD:-998679 NORTH_THERM-VSKIN-DIFF-DURING-VSKIN-OVER-52:-998679 QUIET_THERM-UNDER-THRESHOLD:1 QUIET_THERM-VSKIN-DIFF-DURING-QUIET_THERM-OVER-THRESHOLD:-998790 QUIET_THERM-VSKIN-DIFF-DURING-VSKIN-OVER-52:-998790 RFPA_THERM-UNDER-THRESHOLD:1 RFPA_THERM-VSKIN-DIFF-DURING-RFPA_THERM-OVER-THRESHOLD:-998746 RFPA_THERM-VSKIN-DIFF-DURING-VSKIN-OVER-52:-998746 SOC_THERM-UNDER-THRESHOLD:1 SOC_THERM-VSKIN-DIFF-DURING-SOC_THERM-OVER-THRESHOLD:-996698 SOC_THERM-VSKIN-DIFF-DURING-VSKIN-OVER-52:-996698 STATS-UPDATOR:0 TPU_35S:0 VIRTUAL-SKIN:29828.2 VIRTUAL-SKIN-LEGACY:30247.6 VIRTUAL-SKIN-MODEL:29929.4 VIRTUAL-SKIN-MODEL-LEGACY-DIFF:-318.178 VIRTUAL-SKIN-ODPM-MODEL:29249.9 VIRTUAL-SKIN-SPEAKER-MODEL:29459.3 VSKIN-SKIN-UNDER-52:1 battery:29400 btmspkr_therm:29390 charging_therm:31995 disp_therm:29524 north_therm:31149 quiet_therm:31038 rfpa_therm:31082 soc_therm:33130 usb_pwr_therm:29368 
12-02 01:49:09.359 10230 10232 I pixel-thermal: VIRTUAL-SKIN-CPU-HIGH:29.8282 raw data: VIRTUAL-SKIN:29828.2 VIRTUAL-SKIN-CPU-HIGH:29828.2 
12-02 01:49:09.359 10230 10232 I pixel-thermal: usb_pwr_therm:29.368 raw data: usb_pwr_therm:29368 
12-02 01:49:09.360 10230 10232 I pixel-thermal: VIRTUAL-USB-UI:0 raw data: USB-MINUS-CHARGER:-2627 VIRTUAL-USB-UI:0 charging_therm:31995 usb_pwr_therm:29368 
12-02 01:49:09.360 10230 10232 I pixel-thermal: VIRTUAL-USB-THROTTLING:0 raw data: USB-MINUS-CHARGER:-2627 VIRTUAL-USB-THROTTLING:0 usb_pwr_therm:29368 
12-02 01:49:09.360 10230 10232 I pixel-thermal: cellular-emergency:29.8282 raw data: VIRTUAL-SKIN:29828.2 cellular-emergency:29828.2 
12-02 01:49:09.436  1313  1317 I WPKTRT  : process_address_event: 2601:500:8985:4c10:58d2:cbff:fe04:47fd added to wlan0
12-02 01:49:09.437  1313  1317 I WPKTRT  : process_address_event: 2601:500:8985:4c10:df4f:6c1a:f0fb:f410 added to wlan0
12-02 01:49:09.437  1313  1317 I WPKTRT  : process_address_event: 2601:500:8985:4c10:3fe6:8312:ffa2:f856 added to wlan0
12-02 01:49:09.442  2380  2659 W AlarmManager: Unrecognized alarm listener com.android.networkstack.android.net.ip.IpClientLinkObserver$Dhcp6PdPreferredPrefixAlarmListener@d900a82
12-02 01:49:09.443  2380  2659 D ApfFilter: (wlan0): Adding RA fe80::1e9e:ccff:fe09:57eb -> ff02::1 180s 2601:500:8985:4c10::/64 309444s/309444s DNS 180s 2001:558:feed::1 2001:558:feed::2 RIO 180s ::/0 
12-02 01:49:09.454  1135  1231 E WifiHAL : Setting APF program, halHandle = 0xb400007d56c604d0
12-02 01:49:09.454  1135  1231 E WifiHAL : Set apf filter for iface = wlan0
12-02 01:49:09.454  1135  1231 I WifiHAL : createRequest: APF set program request
12-02 01:49:09.454  1135  1231 I WifiHAL : mProgramLen : 1681
12-02 01:49:10.813  1141  1786 D StreamHalAidl: [out|ioHandle:13] standby
12-02 01:49:10.814  1141  1786 D StreamHalAidl: [out|ioHandle:13] pause
12-02 01:49:10.814  1088  1783 I AHal::Stream: Stop: stop stream primary-playback
12-02 01:49:10.814  1088  1783 I AHal::TinyalsaDriverOperations: Stop: pcm_close card_index 0 device 1
12-02 01:49:10.817  1367  1367 D AOC     : F1:MSG: controller.cc, 275: AudioOutCtrl: cmd ID: 0x00c9, tag: 0xa7 [cntr = 7522]
12-02 01:49:10.817  1367  1367 D AOC     : F1:MSG: controller.cc, 919: AudioOutCtrl: ipc: audio_output_co, cmd ID: 0x00c9, tag: 0xa7, rc: 0
12-02 01:49:10.821  1367  1367 D AOC     : H0:Mixer AMixSPKR Input 1 RB overflow. Resyncing.
12-02 01:49:10.844  1088  1783 I AHal::Router: Deactivate: deactivate 400001
12-02 01:49:10.844  1088  1783 I AHal::Router: InvalidateLocked: new graph #1188 Edges(0):
12-02 01:49:10.844  1088  1783 I AHal::Router: InvalidateLocked: ============ apply graph #1188 [Tue Dec  2 01:49:10 2025] start ============
12-02 01:49:10.844  1088  1783 I AHal::Waves: UpdateActiveDevices: removing speaker
12-02 01:49:10.844  1088  1783 I AHal::DeviceInterface: Disconnect: disconnect primary-playback-0 -> speaker
12-02 01:49:10.845  1367  1367 D AOC     : F1:MSG: controller.cc, 275: AudioOutCtrl: cmd ID: 0x010f, tag: 0xa8 [cntr = 7523]
12-02 01:49:10.845  1088  1783 I AHal::AudioRoutePathController: ResetPath: primary-playback-0 -> speaker: true
12-02 01:49:10.846  1367  1367 D AOC     : F1:Unregistered Source 1 [Primary] from Sink 0 [Speaker]
12-02 01:49:10.846  1367  1367 D AOC     : F1:AT Map:0 (LL:0), 0 EPs active, Power: Yes, Config: No
12-02 01:49:10.846  1088  1783 I AHal::AudioRoutePathController: ResetPath: speaker: true
12-02 01:49:10.846  1088  1783 I AHal::Speaker: Disable: speaker
12-02 01:49:10.846  1367  1367 D AOC     : F1:Mixer 0 configuration changed: (0)
12-02 01:49:10.847  1367  1367 D AOC     : F1:Sink 0 Configuration changed: ULL (disabled)
12-02 01:49:10.847  1088  1783 I AHal::AudioRoutePathController: ResetPath: hostless-ulC spk-vi: true
12-02 01:49:10.847  1088  1783 I AHal::TinyalsaDriverOperations: Stop: pcm_close card_index 0 device 15
12-02 01:49:10.847  1367  1367 D AOC     : F1:[SPKR] protection library mips: 0
12-02 01:49:10.847  1088  1783 I AHal::AdaptedRouteControl: Update: update route from adapted-speaker to null
12-02 01:49:10.847  1088  1783 I AHal::AudioRoutePathController: ResetPath: adapted-speaker: true
12-02 01:49:10.847  1088  1783 I AHal::Router: LogTransferring: Transferring (1):
12-02 01:49:10.847  1088  1783 I AHal::Router: LogTransferring:   primary-playback-0 -> speaker => (null)
12-02 01:49:10.847  1088  1783 I AHal::PlaybackThermalThrottleByTemperature: Update Temperature: kOnce to kIdle
12-02 01:49:10.847  1088  1783 I AHal::VoiceCall: Update: reset echo reference device
12-02 01:49:10.847  1088  1757 I AHal::BatteryAdaptiveAudio: ProcessPlaybackTunerControl: update playback tuner with Bypassed
12-02 01:49:10.847  1088  1783 I AHal::Router: InvalidateLocked: ============ apply graph #1188 end ============
12-02 01:49:10.848  1088  1783 I ASvc::PeriodicWorker: SetLinkedConfigIds: update linked configs []
12-02 01:49:10.848  1088  1783 D BTAudioSessionAidl: UpdateSourceMetadata - SessionType=LE_AUDIO_HARDWARE_OFFLOAD_ENCODING_DATAPATH has NO session
12-02 01:49:10.848  1088  1783 D BTAudioSessionAidl: UpdateSinkMetadata - SessionType=LE_AUDIO_HARDWARE_OFFLOAD_DECODING_DATAPATH has NO session
12-02 01:49:10.848  1141  1786 D StreamHalAidl: [out|ioHandle:13] flush
12-02 01:49:10.848  1088  1783 I ASvc::CommandWorker: cw-primary-playback: Command{flush: Void{}} in StreamOutPausedState
12-02 01:49:10.848  1088  1783 I ASvc::StreamOutSyncStates: FlushDataQueue: flush 0 bytes in data queue
12-02 01:49:10.848  1088  1759 I AHal::Tas25xxCodec: amp is turned off, skip to provide health data
12-02 01:49:10.848  1088  1783 I ASvc::CommandWorker: cw-primary-playback: Command{standby: Void{}} in StreamOutIdleState
12-02 01:49:10.848  1367  1367 D AOC     : F1:[Idle Tracker] long no idle:[0] average between idle:[0.161990ms] max no idle:[11.380657ms]
12-02 01:49:10.849  1367  1367 D AOC     : F1:MSG: controller.cc, 919: AudioOutCtrl: ipc: audio_output_co, cmd ID: 0x010f, tag: 0xa8, rc: 0
12-02 01:49:10.849  1367  1367 D AOC     : H0:Mixer AMixSPKR: 480 samples (0000/0000) (OFF SC) multi out OFF
12-02 01:49:10.849  1367  1367 D AOC     : H0:Mixer configuration updated
12-02 01:49:10.849  1367  1367 D AOC     : H0:[Idle Tracker] long no idle:[0] average between idle:[5.658667ms] max no idle:[6.185303ms]
12-02 01:49:12.213  1135  1231 I WifiHAL : Creating message to get link statistics; iface = 47
12-02 01:49:12.278  1135  1231 I WifiHAL : index: 0 per_rate_size 32, data_rem_len 1152
12-02 01:49:12.278  1135  1231 I WifiHAL : index: 1 per_rate_size 32, data_rem_len 1120
12-02 01:49:12.278  1135  1231 I WifiHAL : index: 2 per_rate_size 32, data_rem_len 1088
12-02 01:49:12.278  1135  1231 I WifiHAL : index: 3 per_rate_size 32, data_rem_len 1056
12-02 01:49:12.279  1135  1231 I WifiHAL : index: 4 per_rate_size 32, data_rem_len 1024
12-02 01:49:12.279  1135  1231 I WifiHAL : index: 5 per_rate_size 32, data_rem_len 992
12-02 01:49:12.279  1135  1231 I WifiHAL : index: 6 per_rate_size 32, data_rem_len 960
12-02 01:49:12.279  1135  1231 I WifiHAL : index: 7 per_rate_size 32, data_rem_len 928
12-02 01:49:12.279  1135  1231 I WifiHAL : index: 8 per_rate_size 32, data_rem_len 896
12-02 01:49:12.279  1135  1231 I WifiHAL : index: 9 per_rate_size 32, data_rem_len 864
12-02 01:49:12.279  1135  1231 I WifiHAL : index: 10 per_rate_size 32, data_rem_len 832
12-02 01:49:12.279  1135  1231 I WifiHAL : index: 11 per_rate_size 32, data_rem_len 800
12-02 01:49:12.279  1135  1231 I WifiHAL : index: 12 per_rate_size 32, data_rem_len 768
12-02 01:49:12.279  1135  1231 I WifiHAL : index: 13 per_rate_size 32, data_rem_len 736
12-02 01:49:12.279  1135  1231 I WifiHAL : index: 14 per_rate_size 32, data_rem_len 704
12-02 01:49:12.279  1135  1231 I WifiHAL : index: 15 per_rate_size 32, data_rem_len 672
12-02 01:49:12.279  1135  1231 I WifiHAL : index: 16 per_rate_size 32, data_rem_len 640
12-02 01:49:12.279  1135  1231 I WifiHAL : index: 17 per_rate_size 32, data_rem_len 608
12-02 01:49:12.279  1135  1231 I WifiHAL : index: 18 per_rate_size 32, data_rem_len 576
12-02 01:49:12.279  1135  1231 I WifiHAL : index: 19 per_rate_size 32, data_rem_len 544
12-02 01:49:12.279  1135  1231 I WifiHAL : index: 20 per_rate_size 32, data_rem_len 512
12-02 01:49:12.279  1135  1231 I WifiHAL : index: 21 per_rate_size 32, data_rem_len 480
12-02 01:49:12.279  1135  1231 I WifiHAL : index: 22 per_rate_size 32, data_rem_len 448
12-02 01:49:12.279  1135  1231 I WifiHAL : index: 23 per_rate_size 32, data_rem_len 416
12-02 01:49:12.279  1135  1231 I WifiHAL : index: 24 per_rate_size 32, data_rem_len 384
12-02 01:49:12.279  1135  1231 I WifiHAL : index: 25 per_rate_size 32, data_rem_len 352
12-02 01:49:12.279  1135  1231 I WifiHAL : index: 26 per_rate_size 32, data_rem_len 320
12-02 01:49:12.279  1135  1231 I WifiHAL : index: 27 per_rate_size 32, data_rem_len 288
12-02 01:49:12.279  1135  1231 I WifiHAL : index: 28 per_rate_size 32, data_rem_len 256
12-02 01:49:12.279  1135  1231 I WifiHAL : index: 29 per_rate_size 32, data_rem_len 224
12-02 01:49:12.279  1135  1231 I WifiHAL : index: 30 per_rate_size 32, data_rem_len 192
12-02 01:49:12.279  1135  1231 I WifiHAL : index: 31 per_rate_size 32, data_rem_len 160
12-02 01:49:12.279  1135  1231 I WifiHAL : index: 32 per_rate_size 32, data_rem_len 128
12-02 01:49:12.279  1135  1231 I WifiHAL : index: 33 per_rate_size 32, data_rem_len 96
12-02 01:49:12.279  1135  1231 I WifiHAL : index: 34 per_rate_size 32, data_rem_len 64
12-02 01:49:12.279  1135  1231 I WifiHAL : index: 35 per_rate_size 32, data_rem_len 32
12-02 01:49:12.280  1135  1135 I WifiHAL : Getting cached scan results, iface handle = 0xb400007d56c604d0
12-02 01:49:12.280  1135  1135 E WifiHAL : Creating message to get cached scan results
12-02 01:49:12.289  1135  1135 I WifiHAL : In GetCachedScanResultsCommand::handleResponse
12-02 01:49:12.325  1602  2188 D ConnectivityService: NetReassign [no changes] [c 1] [a 0] [i 3]
12-02 01:49:12.407  1313  1317 I WPKTRT  : process_address_event: 2601:500:8985:4c10:58d2:cbff:fe04:47fd added to wlan0
12-02 01:49:12.407  1313  1317 I WPKTRT  : process_address_event: 2601:500:8985:4c10:df4f:6c1a:f0fb:f410 added to wlan0
12-02 01:49:12.407  1313  1317 I WPKTRT  : process_address_event: 2601:500:8985:4c10:3fe6:8312:ffa2:f856 added to wlan0
12-02 01:49:12.412  2380  2659 W AlarmManager: Unrecognized alarm listener com.android.networkstack.android.net.ip.IpClientLinkObserver$Dhcp6PdPreferredPrefixAlarmListener@d900a82
