11-17 10:12:00.797   841  9715 W resolv  : validateDnsTlsServer returned 0 for {2001:558:feed::2/}
11-17 10:12:00.798   841  9715 W resolv  : Validation failed
11-17 10:12:07.912  1335  1805 D ActivityManager: freezing 2651 com.android.cellbroadcastreceiver.module
11-17 10:12:07.930  1335  1881 D InetDiagMessage: Destroyed 0 sockets, proto=IPPROTO_TCP, family=AF_INET, states=14
11-17 10:12:07.935  1335  1881 D InetDiagMessage: Destroyed 0 sockets, proto=IPPROTO_TCP, family=AF_INET6, states=14
11-17 10:12:07.936  1335  1881 D InetDiagMessage: Destroyed live tcp sockets for uids={10141} in 11ms
11-17 10:12:13.455  1335  1874 D WifiConfigStore: Writing to stores completed in 15 ms.
11-17 10:12:28.290   890   890 I android.hardware.health-service.gs101: Recording a sample at time 245456
11-17 10:12:31.229  2911  2930 W pixelstats-vendor: Thread Pool max thread count is 0. Cannot cache binder as linkToDeath cannot be implemented. serviceName: android.frameworks.stats.IStats/default
11-17 10:12:32.255  2911  2930 W pixelstats-vendor: Thread Pool max thread count is 0. Cannot cache binder as linkToDeath cannot be implemented. serviceName: android.frameworks.stats.IStats/default
11-17 10:12:33.946  1041  1045 I WPKTRT  : process_address_event: 2601:500:8985:4c10:9cf9:f2ff:fe1b:326d added to wlan0
11-17 10:12:33.947  1041  1045 I WPKTRT  : process_address_event: 2601:500:8985:4c10:2910:5c53:4a9a:9fc4 added to wlan0
11-17 10:12:33.959  2096  2619 D ApfFilter: (wlan0): Adding RA fe80::1e9e:ccff:fe09:57eb -> ff02::1 180s 2601:500:8985:4c10::/64 202620s/202620s DNS 180s 2001:558:feed::1 2001:558:feed::2 RIO 180s ::/0 
11-17 10:12:33.964   947   947 E WifiHAL : Setting APF program, halHandle = 0xb400cfab9953c900
11-17 10:12:33.965   947   947 E WifiHAL : Set apf filter for iface = wlan0
11-17 10:12:33.965   947   947 I WifiHAL : createRequest: APF set program request
11-17 10:12:33.965   947   947 I WifiHAL : mProgramLen : 682
11-17 10:12:37.534  1696  1699 I pixel-thermal: VIRTUAL-SKIN:30.3878 raw data: VIRTUAL-NEUTRAL:30387.8 VIRTUAL-NEUTRAL-SKIN2:30378.9 VIRTUAL-QUIET-NEUTRAL:30035.9 VIRTUAL-SKIN:30387.8 disp_therm:30147 gnss_tcxo_therm:30615 neutral_therm:30192 quiet_therm:29969 skin_therm1:30303 skin_therm2:30815 
11-17 10:12:37.542  1696  1699 I pixel-thermal: VIRTUAL-SKIN-CPU-GPU:30.3878 raw data: VIRTUAL-SKIN:30387.8 VIRTUAL-SKIN-CPU-GPU:30387.8 
11-17 10:12:37.543  1696  1699 I pixel-thermal: VIRTUAL-SKIN-HINT:30.3878 raw data: VIRTUAL-SKIN:30387.8 VIRTUAL-SKIN-HINT:30387.8 
11-17 10:12:37.543  1696  1699 I pixel-thermal: VIRTUAL-SKIN-CHARGE:30.3878 raw data: VIRTUAL-SKIN:30387.8 VIRTUAL-SKIN-CHARGE:30387.8 
11-17 10:12:39.382  1696  1699 I pixel-thermal: VIRTUAL-USB-UI:0 raw data: USB2-MINUS-CHG:-1113 VIRTUAL-USB-UI:0 charger_skin_therm:31193 usb_pwr_therm2:30080 
11-17 10:12:39.388  1696  1699 I pixel-thermal: VIRTUAL-USB-THROTTLING:0 raw data: USB2-MINUS-CHG:-1113 VIRTUAL-USB-THROTTLING:0 usb_pwr_therm2:30080 
11-17 10:12:39.389  1696  1699 I pixel-thermal: Power rails total power: 148.26 mW for 60019 ms
11-17 10:12:39.389  1696  1699 I pixel-thermal: Power rails [S1M_VDD_MIF: 15.49 mW] [S5M_VDD_INT: 25.86 mW] [S4M_VDD_CPUCL0: 14.91 mW] [S3M_VDD_CPUCL1: 9.63 mW] [S2M_VDD_CPUCL2: 1.90 mW] [L15M_VDD_SLC_M: 8.55 mW] 
11-17 10:12:39.389  1696  1699 I pixel-thermal: Power rails [VSYS_PWR_DISPLAY: 28.37 mW] [L2S_VDD_AOC_RET: 5.29 mW] [S10M_VDD_TPU: 0.01 mW] [L8S_UFS_VCCQ: 9.39 mW] [S9S_VDD_AOC: 5.38 mW] [S4S_VDD2H_MEM: 6.22 mW] 
11-17 10:12:39.389  1696  1699 I pixel-thermal: Power rails [S2S_VDD_G3D: 2.44 mW] [S5S_VDDQ_MEM: 3.80 mW] [S10S_VDD2L: 10.41 mW] [L9S_GNSS_CORE: 0.61 mW] 
11-17 10:12:44.119  1696  1699 I pixel-thermal: cellular-emergency:30.4065 raw data: VIRTUAL-NEUTRAL:30406.4 VIRTUAL-NEUTRAL-SKIN2:30394.3 VIRTUAL-QUIET-NEUTRAL:30167.1 VIRTUAL-SKIN:30406.4 cellular-emergency:30406.4 disp_therm:30169 gnss_tcxo_therm:30592 neutral_therm:30214 quiet_therm:30147 skin_therm1:30370 skin_therm2:30815 
11-17 10:12:44.124  1696  1699 I pixel-thermal: VIRTUAL-SKIN-CPU:30.4065 raw data: VIRTUAL-SKIN:30406.4 VIRTUAL-SKIN-CPU:30406.4 
11-17 10:12:49.152  2911  2930 W pixelstats-vendor: Thread Pool max thread count is 0. Cannot cache binder as linkToDeath cannot be implemented. serviceName: android.frameworks.stats.IStats/default
11-17 10:12:50.346  1696  1699 I pixel-thermal: neutral_therm:30.214 raw data: neutral_therm:30214 
11-17 10:12:56.062   947   947 I WifiHAL : Creating message to get link statistics; iface = 47
11-17 10:12:56.197   947   947 E IPCThreadState: binder thread pool (1 threads) starved for 135 ms
11-17 10:12:56.197   947  3235 I WifiHAL : Getting cached scan results, iface handle = 0xb400cfab9953c900
11-17 10:12:56.197   947  3235 E WifiHAL : Creating message to get cached scan results
11-17 10:12:56.198   947  3235 D WifiHAL : error code -95 mapped to -3
11-17 10:12:56.202  1335  1874 E WifiStaIfaceAidlImpl: getCachedScanData failed with service-specific exception: android.os.ServiceSpecificException:  (code 4)
11-17 10:12:56.253   904   904 E android.hardware.power.stats-service.pixel: Failed to read uid_time_in_state for attribution, return default EnergyConsumer
11-17 10:12:56.286   876  1024 I bthal.flowcontrol: HciEventPreProcess: HCI Event 0xe Opcode 0xfd59 Length 22 unhandled by ControllerActivityWatcher
11-17 10:13:04.512  2911  2930 W pixelstats-vendor: Thread Pool max thread count is 0. Cannot cache binder as linkToDeath cannot be implemented. serviceName: android.frameworks.stats.IStats/default
11-17 10:13:07.025  1041  1045 I WPKTRT  : process_address_event: 2601:500:8985:4c10:9cf9:f2ff:fe1b:326d added to wlan0
11-17 10:13:07.025  1041  1045 I WPKTRT  : process_address_event: 2601:500:8985:4c10:2910:5c53:4a9a:9fc4 added to wlan0
11-17 10:13:07.041  2096  2619 D ApfFilter: (wlan0): Adding RA fe80::1e9e:ccff:fe09:57eb -> ff02::1 180s 2601:500:8985:4c10::/64 202620s/202620s DNS 180s 2001:558:feed::1 2001:558:feed::2 RIO 180s ::/0 
11-17 10:13:07.050   947  3235 E WifiHAL : Setting APF program, halHandle = 0xb400cfab9953c900
11-17 10:13:07.050   947  3235 E WifiHAL : Set apf filter for iface = wlan0
11-17 10:13:07.050   947  3235 I WifiHAL : createRequest: APF set program request
11-17 10:13:07.050   947  3235 I WifiHAL : mProgramLen : 682
11-17 10:13:22.163  2911  2930 W pixelstats-vendor: Thread Pool max thread count is 0. Cannot cache binder as linkToDeath cannot be implemented. serviceName: android.frameworks.stats.IStats/default
11-17 10:13:24.958  2911  2911 I pixelstats: MmMetrics: kernel: old PSI sysfs node.
11-17 10:13:28.385   904   904 E android.hardware.power.stats-service.pixel: Failed to read uid_time_in_state for attribution, return default EnergyConsumer
11-17 10:13:39.439  1696  1699 I pixel-thermal: VIRTUAL-USB-UI:0 raw data: USB2-MINUS-CHG:-1068 VIRTUAL-USB-UI:0 charger_skin_therm:31171 usb_pwr_therm2:30103 
11-17 10:13:39.445  1696  1699 I pixel-thermal: VIRTUAL-USB-THROTTLING:0 raw data: USB2-MINUS-CHG:-1068 VIRTUAL-USB-THROTTLING:0 usb_pwr_therm2:30103 
11-17 10:13:39.445  1696  1699 I pixel-thermal: Power rails total power: 127.25 mW for 60057 ms
11-17 10:13:39.445  1696  1699 I pixel-thermal: Power rails [S1M_VDD_MIF: 13.24 mW] [S5M_VDD_INT: 24.96 mW] [S4M_VDD_CPUCL0: 9.34 mW] [S3M_VDD_CPUCL1: 6.10 mW] [S2M_VDD_CPUCL2: 0.54 mW] [L15M_VDD_SLC_M: 8.47 mW] 
11-17 10:13:39.445  1696  1699 I pixel-thermal: Power rails [VSYS_PWR_DISPLAY: 28.18 mW] [L2S_VDD_AOC_RET: 5.29 mW] [S10M_VDD_TPU: 0.00 mW] [L8S_UFS_VCCQ: 3.95 mW] [S9S_VDD_AOC: 5.39 mW] [S4S_VDD2H_MEM: 4.85 mW] 
11-17 10:13:39.445  1696  1699 I pixel-thermal: Power rails [S2S_VDD_G3D: 2.47 mW] [S5S_VDDQ_MEM: 3.53 mW] [S10S_VDD2L: 10.33 mW] [L9S_GNSS_CORE: 0.61 mW] 
11-17 10:13:42.967  1041  1045 I WPKTRT  : process_address_event: 2601:500:8985:4c10:9cf9:f2ff:fe1b:326d added to wlan0
11-17 10:13:42.968  1041  1045 I WPKTRT  : process_address_event: 2601:500:8985:4c10:2910:5c53:4a9a:9fc4 added to wlan0
11-17 10:13:42.977  2911  2930 W pixelstats-vendor: Thread Pool max thread count is 0. Cannot cache binder as linkToDeath cannot be implemented. serviceName: android.frameworks.stats.IStats/default
11-17 10:13:42.983  2096  2619 D ApfFilter: (wlan0): Adding RA fe80::1e9e:ccff:fe09:57eb -> ff02::1 180s 2601:500:8985:4c10::/64 202620s/202620s DNS 180s 2001:558:feed::1 2001:558:feed::2 RIO 180s ::/0 
11-17 10:13:42.991   947  3235 E WifiHAL : Setting APF program, halHandle = 0xb400cfab9953c900
11-17 10:13:42.991   947  3235 E WifiHAL : Set apf filter for iface = wlan0
11-17 10:13:42.991   947  3235 I WifiHAL : createRequest: APF set program request
11-17 10:13:42.991   947  3235 I WifiHAL : mProgramLen : 682
11-17 10:13:50.368  1696  1699 I pixel-thermal: neutral_therm:30.303 raw data: neutral_therm:30303 
11-17 10:14:07.857   841  9713 W resolv  : SSL_connect write error 0, mark 0xf006a: Try again
11-17 10:14:07.858   841  9713 W resolv  : TLS Handshake failed
11-17 10:14:07.858   841  9713 W resolv  : query failed
11-17 10:14:07.858   841  9713 W resolv  : validateDnsTlsServer returned 0 for {75.75.76.76/}
11-17 10:14:07.859   841  9713 W resolv  : Validation failed
11-17 10:14:13.637  2911  2930 W pixelstats-vendor: Thread Pool max thread count is 0. Cannot cache binder as linkToDeath cannot be implemented. serviceName: android.frameworks.stats.IStats/default
11-17 10:14:16.042  1041  1045 I WPKTRT  : process_address_event: 2601:500:8985:4c10:9cf9:f2ff:fe1b:326d added to wlan0
11-17 10:14:16.042  1041  1045 I WPKTRT  : process_address_event: 2601:500:8985:4c10:2910:5c53:4a9a:9fc4 added to wlan0
11-17 10:14:16.054  2911  2930 W pixelstats-vendor: Thread Pool max thread count is 0. Cannot cache binder as linkToDeath cannot be implemented. serviceName: android.frameworks.stats.IStats/default
11-17 10:14:16.054  2096  2619 D ApfFilter: (wlan0): Adding RA fe80::1e9e:ccff:fe09:57eb -> ff02::1 180s 2601:500:8985:4c10::/64 202620s/202620s DNS 180s 2001:558:feed::1 2001:558:feed::2 RIO 180s ::/0 
11-17 10:14:16.060   947  3235 E WifiHAL : Setting APF program, halHandle = 0xb400cfab9953c900
11-17 10:14:16.060   947  3235 E WifiHAL : Set apf filter for iface = wlan0
11-17 10:14:16.060   947  3235 I WifiHAL : createRequest: APF set program request
11-17 10:14:16.060   947  3235 I WifiHAL : mProgramLen : 682
11-17 10:14:22.264  1160  1160 D AOC     : A3:MSG: lsm6dsr_device.cc, 763: USF: Lsm6dsrDevice: Sensor 3: Enabled 0, odr_index 0.
11-17 10:14:22.265  1160  1160 D AOC     : A3:MSG: lsm6dsr_device.cc, 249: USF: Lsm6dsrDevice: Config sampling too slow. Took 1602295ns.
11-17 10:14:22.266  1160  1160 D AOC     : A3:MSG: usf_sensor.cc, 1581: USF: Received stop sampling request for LSM6DSR Motion Detect (active:-1).
11-17 10:14:22.267  1160  1160 D AOC     : A3:MSG: usf_sensor.cc, 2037: USF: Sampling configuration 5971 not found.
11-17 10:14:22.268  1160  1160 D AOC     : A3:MSG: usf_sensor.cc, 1581: USF: Received stop sampling request for LSM6DSR Motion Detect (active:-1).
11-17 10:14:22.268  1160  1160 D AOC     : A3:MSG: usf_sensor_client.cc, 145: USF: Received kErrNotFound when disabling one shot sensor.
11-17 10:14:22.269  1160  1160 D AOC     : A3:MSG: usf_sensor.cc, 2037: USF: Sampling configuration 5969 not found.
11-17 10:14:22.269  1160  1160 D AOC     : A3:MSG: vsc_controller.cc, 550: VSC: [Step Counter] stopSensorEvents: sensor 0x20002
11-17 10:14:22.270  1160  1160 D AOC     : A3:MSG: usf_sensor_client.cc, 161: USF: Received kErrNotFound when disabling one shot sensor.
11-17 10:14:22.271  1160  1160 D AOC     : A3:MSG: vsc_controller.cc, 532: VSC: [Step Counter] requestSensorEvents: sensor 0x10001, period=20 latency=1000ms.
11-17 10:14:22.275  1160  1160 D AOC     : A3:MSG: usf_sensor.cc, 1573: USF: Received start sampling request for LSM6DSR Stationary Detect (active:1).
11-17 10:14:22.277  1160  1160 D AOC     : A3:MSG: lsm6dsr_device.cc, 763: USF: Lsm6dsrDevice: Sensor 4: Enabled 1, odr_index 1.
11-17 10:14:22.281  1160  1160 D AOC     : A3:MSG: motion_state_sensor.cc, 327: USF: MoSt: StationaryDetect sampling started with sampling ID 5972.
11-17 10:14:22.283  1160  1160 D AOC     : A3:MSG: usf_sensor.cc, 1573: USF: Received start sampling request for LSM6DSR Accelerometer (active:1).
11-17 10:14:22.285  1160  1160 D AOC     : A3:MSG: lsm6dsr_device.cc, 763: USF: Lsm6dsrDevice: Sensor 2: Enabled 1, odr_index 1.
11-17 10:14:22.286  1160  1160 D AOC     : A3:MSG: lsm6dsr_device.cc, 249: USF: Lsm6dsrDevice: Config sampling too slow. Took 793946ns.
11-17 10:14:22.288  1160  1160 D AOC     : A3:MSG: lsm6dsr_device.cc, 763: USF: Lsm6dsrDevice: Sensor 0: Enabled 1, odr_index 3.
11-17 10:14:22.289  1160  1160 D AOC     : A3:MSG: lsm6dsr_fifo.cc, 750: USF: Lsm6dsrFifo: ODR: XL/G/T/TS: 52/0/13/6 WM: 71 Intr: 1.
11-17 10:14:22.296  1160  1160 D AOC     : A3:MSG: vsc_controller.cc, 532: VSC: [Device Pickup Sensor] requestSensorEvents: sensor 0x10001, period=20 latency=0ms.
11-17 10:14:22.297  1160  1160 D AOC     : A3:MSG: usf_sensor.cc, 1573: USF: Received start sampling request for LSM6DSR Accelerometer (active:2).
11-17 10:14:22.298  1160  1160 D AOC     : A3:MSG: lsm6dsr_device.cc, 763: USF: Lsm6dsrDevice: Sensor 0: Enabled 1, odr_index 3.
11-17 10:14:22.298  1160  1160 D AOC     : A3:MSG: lsm6dsr_fifo.cc, 750: USF: Lsm6dsrFifo: ODR: XL/G/T/TS: 52/0/13/6 WM: 1 Intr: 52.
11-17 10:14:22.299  1160  1160 D AOC     : A3:MSG: lsm6dsr_device.cc, 671: USF: Lsm6dsrDevice: Fifo was disabled for 715576ns.
11-17 10:14:22.301  1160  1160 D AOC     : A3:MSG: vsc_controller.cc, 550: VSC: [Device Pickup Sensor] stopSensorEvents: sensor 0x20002
11-17 10:14:22.304  1160  1160 D AOC     : A3:MSG: usf_sensor.cc, 1573: USF: Received start sampling request for LSM6DSR Accelerometer (active:2).
11-17 10:14:22.304  1160  1160 D AOC     : A3:MSG: usf_sensor.cc, 1573: USF: Received start sampling request for LSM6DSR FreeFall Detect (active:1).
11-17 10:14:22.305  1160  1160 D AOC     : A3:MSG: lsm6dsr_device.cc, 763: USF: Lsm6dsrDevice: Sensor 5: Enabled 1, odr_index 1.
11-17 10:14:22.305  1160  1160 D AOC     : A3:MSG: lsm6dsr_fifo.cc, 750: USF: Lsm6dsrFifo: ODR: XL/G/T/TS: 52/0/13/6 WM: 1 Intr: 52.
11-17 10:14:22.306  1160  1160 D AOC     : A3:MSG: lsm6dsr_device.cc, 671: USF: Lsm6dsrDevice: Fifo was disabled for 533448ns.
11-17 10:14:22.307   884   896 I CHRE    : @ 245565.453: [AR] IDLE => ON
11-17 10:14:22.308  1160  1160 D AOC     : A3:MSG: usf_sensor.cc, 1573: USF: Received start sampling request for LSM6DSR Stationary Detect (active:2).
11-17 10:14:22.311  1160  1160 D AOC     : A3:MSG: usf_sensor.cc, 1581: USF: Received stop sampling request for LSM6DSR Motion Detect (active:-1).
11-17 10:14:22.311  1160  1160 D AOC     : A3:MSG: usf_sensor.cc, 2037: USF: Sampling configuration 5970 not found.
11-17 10:14:22.312  1160  1160 D AOC     : A3:MSG: usf_sensor_client.cc, 145: USF: Received kErrNotFound when disabling one shot sensor.
11-17 10:14:22.312  1160  1160 D AOC     : A3:MSG: usf_sensor.cc, 1573: USF: Received start sampling request for LSM6DSR Temperature (active:2).
11-17 10:14:25.046  1160  1160 D AOC     : A3:MSG: usf_sensor.cc, 1573: USF: Received start sampling request for LSM6DSR Gyroscope (active:1).
11-17 10:14:25.047  1160  1160 D AOC     : A3:MSG: lsm6dsr_device.cc, 763: USF: Lsm6dsrDevice: Sensor 1: Enabled 1, odr_index 5.
11-17 10:14:25.048  1160  1160 D AOC     : A3:MSG: lsm6dsr_fifo.cc, 750: USF: Lsm6dsrFifo: ODR: XL/G/T/TS: 52/208/13/26 WM: 5 Intr: 60.
11-17 10:14:25.049  1160  1160 D AOC     : A3:MSG: lsm6dsr_device.cc, 671: USF: Lsm6dsrDevice: Fifo was disabled for 1037109ns.
11-17 10:14:25.051  1160  1160 D AOC     : A3:MSG: usf_sensor.cc, 1573: USF: Received start sampling request for MMC56X3X Magnetometer (active:2).
11-17 10:14:25.051  1160  1160 D AOC     : A3:MSG: mmc56x3x_device.cc, 409: USF: MMC56X3X0: mmc56x3x_enable_measure odr = 100.
11-17 10:14:25.053  1160  1160 D AOC     : A3:MSG: usf_sensor.cc, 1573: USF: Received start sampling request for LSM6DSR Accelerometer (active:3).
11-17 10:14:25.054  1160  1160 D AOC     : A3:MSG: usf_sensor.cc, 1573: USF: Received start sampling request for LSM6DSR Temperature (active:4).
11-17 10:14:25.055  1160  1160 D AOC     : A3:MSG: lsm6dsr_device.cc, 763: USF: Lsm6dsrDevice: Sensor 2: Enabled 1, odr_index 1.
11-17 10:14:25.055  1160  1160 D AOC     : A3:MSG: lsm6dsr_fifo.cc, 750: USF: Lsm6dsrFifo: ODR: XL/G/T/TS: 52/208/13/26 WM: 5 Intr: 60.
11-17 10:14:25.055  1160  1160 D AOC     : A3:MSG: lsm6dsr_device.cc, 671: USF: Lsm6dsrDevice: Fifo was disabled for 278808ns.
11-17 10:14:25.227   884   896 I CHRE    : @ 245568.374: [ImuCal] [GYRO_RPS] (s0, c0) Offset | Temp [C] | Quality: 0.000025, 0.000015, 0.000214 | 27.704685 | 4
11-17 10:14:25.227   884   896 I CHRE    : @ 245568.374: [ImuCal] [GYRO_RPS] (s0) Temp Sensitivity: 0.000085, -.000099, -.000016
11-17 10:14:25.227   884   896 I CHRE    : @ 245568.374: [ImuCal] [GYRO_RPS] (s0) Temp Intercept: -.002415, 0.002946, 0.000581
11-17 10:14:25.314  1160  1160 D AOC     : A3:MSG: vsc_controller.cc, 532: VSC: [Device Pickup Sensor] requestSensorEvents: sensor 0x10001, period=20 latency=100m
11-17 10:14:25.314  1160  1160 D AOC     : A3:MSG: usf_sensor.cc, 1573: USF: Received start sampling request for LSM6DSR Accelerometer (active:4).
11-17 10:14:25.314  1160  1160 D AOC     : A3:MSG: lsm6dsr_device.cc, 763: USF: Lsm6dsrDevice: Sensor 0: Enabled 1, odr_index 3.
11-17 10:14:25.314  1160  1160 D AOC     : A3:MSG: lsm6dsr_fifo.cc, 750: USF: Lsm6dsrFifo: ODR: XL/G/T/TS: 52/208/13/26 WM: 19 Intr: 16.
11-17 10:14:25.315  1160  1160 D AOC     : A3:MSG: lsm6dsr_device.cc, 671: USF: Lsm6dsrDevice: Fifo was disabled for 348145ns.
11-17 10:14:26.894  1160  1160 D AOC     : A3:MSG: lsm6dsr_device.cc, 763: USF: Lsm6dsrDevice: Sensor 4: Enabled 0, odr_index 0.
11-17 10:14:26.895  1160  1160 D AOC     : A3:MSG: lsm6dsr_fifo.cc, 750: USF: Lsm6dsrFifo: ODR: XL/G/T/TS: 52/208/13/26 WM: 19 Intr: 16.
11-17 10:14:26.895  1160  1160 D AOC     : A3:MSG: lsm6dsr_device.cc, 671: USF: Lsm6dsrDevice: Fifo was disabled for 436523ns.
11-17 10:14:26.895  1160  1160 D AOC     : A3:MSG: usf_sensor.cc, 1581: USF: Received stop sampling request for LSM6DSR Stationary Detect (active:-1).
11-17 10:14:26.896  1160  1160 D AOC     : A3:MSG: usf_sensor.cc, 2037: USF: Sampling configuration 5972 not found.
11-17 10:14:26.896  1160  1160 D AOC     : A3:MSG: usf_sensor_client.cc, 161: USF: Received kErrNotFound when disabling one shot sensor.
11-17 10:14:26.896  1160  1160 D AOC     : A3:MSG: usf_sensor.cc, 1573: USF: Received start sampling request for LSM6DSR Motion Detect (active:1).
11-17 10:14:26.896  1160  1160 D AOC     : A3:MSG: lsm6dsr_device.cc, 763: USF: Lsm6dsrDevice: Sensor 3: Enabled 1, odr_index 1.
11-17 10:14:26.898  1160  1160 D AOC     : A3:MSG: lsm6dsr_fifo.cc, 750: USF: Lsm6dsrFifo: ODR: XL/G/T/TS: 52/208/13/26 WM: 19 Intr: 16.
11-17 10:14:26.899  1160  1160 D AOC     : A3:MSG: lsm6dsr_device.cc, 671: USF: Lsm6dsrDevice: Fifo was disabled for 373535ns.
11-17 10:14:26.900  1160  1160 D AOC     : A3:MSG: motion_state_sensor.cc, 327: USF: MoSt: MotionDetect sampling started with sampling ID 5979.
11-17 10:14:26.900  1160  1160 D AOC     : A3:MSG: usf_sensor.cc, 1573: USF: Received start sampling request for LSM6DSR Motion Detect (active:2).
11-17 10:14:26.900  1160  1160 D AOC     : A3:MSG: usf_sensor.cc, 1581: USF: Received stop sampling request for LSM6DSR FreeFall Detect (active:0).
11-17 10:14:26.900  1160  1160 D AOC     : A3:MSG: lsm6dsr_device.cc, 763: USF: Lsm6dsrDevice: Sensor 5: Enabled 0, odr_index 0.
11-17 10:14:26.900  1160  1160 D AOC     : A3:MSG: lsm6dsr_fifo.cc, 750: USF: Lsm6dsrFifo: ODR: XL/G/T/TS: 52/208/13/26 WM: 19 Intr: 16.
11-17 10:14:26.901  1160  1160 D AOC     : A3:MSG: lsm6dsr_device.cc, 671: USF: Lsm6dsrDevice: Fifo was disabled for 329590ns.
11-17 10:14:26.901  1160  1160 D AOC     : A3:MSG: usf_sensor.cc, 1581: USF: Received stop sampling request for LSM6DSR Stationary Detect (active:-1).
11-17 10:14:26.901  1160  1160 D AOC     : A3:MSG: usf_sensor.cc, 2037: USF: Sampling configuration 5977 not found.
11-17 10:14:26.901  1160  1160 D AOC     : A3:MSG: usf_sensor_client.cc, 145: USF: Received kErrNotFound when disabling one shot sensor.
11-17 10:14:27.092  1160  1160 D AOC     : A3:MSG: usf_sensor.cc, 1573: USF: Received start sampling request for LSM6DSR Gyroscope (active:2).
11-17 10:14:27.093  1160  1160 D AOC     : A3:MSG: lsm6dsr_device.cc, 763: USF: Lsm6dsrDevice: Sensor 1: Enabled 0, odr_index 0.
11-17 10:14:27.093  1160  1160 D AOC     : A3:MSG: lsm6dsr_fifo.cc, 750: USF: Lsm6dsrFifo: ODR: XL/G/T/TS: 52/0/13/6 WM: 3 Intr: 24.
11-17 10:14:27.093  1160  1160 D AOC     : A3:MSG: lsm6dsr_device.cc, 671: USF: Lsm6dsrDevice: Fifo was disabled for 323731ns.
11-17 10:14:27.094  1160  1160 D AOC     : A3:MSG: usf_sensor.cc, 1573: USF: Received start sampling request for MMC56X3X Magnetometer (active:2).
11-17 10:14:27.094  1160  1160 D AOC     : A3:MSG: mmc56x3x_device.cc, 409: USF: MMC56X3X0: mmc56x3x_enable_measure odr = 10.
11-17 10:14:27.096  1160  1160 D AOC     : A3:MSG: usf_sensor.cc, 1573: USF: Received start sampling request for LSM6DSR Accelerometer (active:4).
11-17 10:14:27.096  1160  1160 D AOC     : A3:MSG: usf_sensor.cc, 1573: USF: Received start sampling request for LSM6DSR Gyroscope (active:1).
11-17 10:14:27.096  1160  1160 D AOC     : A3:MSG: usf_sensor.cc, 1573: USF: Received start sampling request for LSM6DSR Temperature (active:3).
11-17 10:14:27.097  1160  1160 D AOC     : A3:MSG: lsm6dsr_device.cc, 763: USF: Lsm6dsrDevice: Sensor 2: Enabled 1, odr_index 1.
11-17 10:14:27.097  1160  1160 D AOC     : A3:MSG: lsm6dsr_fifo.cc, 750: USF: Lsm6dsrFifo: ODR: XL/G/T/TS: 52/0/13/6 WM: 6 Intr: 12.
11-17 10:14:27.097  1160  1160 D AOC     : A3:MSG: lsm6dsr_device.cc, 671: USF: Lsm6dsrDevice: Fifo was disabled for 222412ns.
11-17 10:14:27.098  1160  1160 D AOC     : A3:MSG: usf_sensor.cc, 1573: USF: Received start sampling request for MMC56X3X Magnetometer (active:2).
11-17 10:14:27.098  1160  1160 D AOC     : A3:MSG: mmc56x3x_device.cc, 409: USF: MMC56X3X0: mmc56x3x_enable_measure odr = 10.
11-17 10:14:30.828  1160  1160 D AOC     : A3:MSG: vsc_controller.cc, 532: VSC: [Step Counter] requestSensorEvents: sensor 0x20002, period=18446744073709 latency=
11-17 10:14:30.829  1160  1160 D AOC     : A3:MSG: usf_sensor.cc, 1573: USF: Received start sampling request for LSM6DSR Motion Detect (active:3).
11-17 10:14:30.830  1160  1160 D AOC     : A3:MSG: vsc_controller.cc, 550: VSC: [Step Counter] stopSensorEvents: sensor 0x10001
11-17 10:14:30.830  1160  1160 D AOC     : A3:MSG: vsc_controller.cc, 550: VSC: [Device Pickup Sensor] stopSensorEvents: sensor 0x10001
11-17 10:14:30.832  1160  1160 D AOC     : A3:MSG: usf_sensor.cc, 1581: USF: Received stop sampling request for LSM6DSR Accelerometer (active:1).
11-17 10:14:30.832  1160  1160 D AOC     : A3:MSG: lsm6dsr_device.cc, 763: USF: Lsm6dsrDevice: Sensor 0: Enabled 1, odr_index 3.
11-17 10:14:30.833  1160  1160 D AOC     : A3:MSG: lsm6dsr_fifo.cc, 750: USF: Lsm6dsrFifo: ODR: XL/G/T/TS: 52/0/13/6 WM: 71 Intr: 1.
11-17 10:14:30.834  1160  1160 D AOC     : A3:MSG: lsm6dsr_device.cc, 671: USF: Lsm6dsrDevice: Fifo was disabled for 730225ns.
11-17 10:14:30.835  1160  1160 D AOC     : A3:MSG: vsc_controller.cc, 532: VSC: [Device Pickup Sensor] requestSensorEvents: sensor 0x20002, period=18446744073709 
11-17 10:14:31.290  2911  2930 W pixelstats-vendor: Thread Pool max thread count is 0. Cannot cache binder as linkToDeath cannot be implemented. serviceName: android.frameworks.stats.IStats/default
11-17 10:14:39.496  1696  1699 I pixel-thermal: VIRTUAL-USB-UI:0 raw data: USB2-MINUS-CHG:-1113 VIRTUAL-USB-UI:0 charger_skin_therm:31394 usb_pwr_therm2:30281 
11-17 10:14:39.503  1696  1699 I pixel-thermal: VIRTUAL-USB-THROTTLING:0 raw data: USB2-MINUS-CHG:-1113 VIRTUAL-USB-THROTTLING:0 usb_pwr_therm2:30281 
11-17 10:14:39.503  1696  1699 I pixel-thermal: Power rails total power: 139.34 mW for 60059 ms
11-17 10:14:39.503  1696  1699 I pixel-thermal: Power rails [S1M_VDD_MIF: 15.42 mW] [S5M_VDD_INT: 25.70 mW] [S4M_VDD_CPUCL0: 11.51 mW] [S3M_VDD_CPUCL1: 8.76 mW] [S2M_VDD_CPUCL2: 0.43 mW] [L15M_VDD_SLC_M: 8.58 mW] 
11-17 10:14:39.503  1696  1699 I pixel-thermal: Power rails [VSYS_PWR_DISPLAY: 28.12 mW] [L2S_VDD_AOC_RET: 5.38 mW] [S10M_VDD_TPU: 0.00 mW] [L8S_UFS_VCCQ: 4.34 mW] [S9S_VDD_AOC: 7.66 mW] [S4S_VDD2H_MEM: 6.13 mW] 
11-17 10:14:39.503  1696  1699 I pixel-thermal: Power rails [S2S_VDD_G3D: 2.46 mW] [S5S_VDDQ_MEM: 3.74 mW] [S10S_VDD2L: 10.49 mW] [L9S_GNSS_CORE: 0.61 mW] 
11-17 10:14:50.389  1696  1699 I pixel-thermal: neutral_therm:30.481 raw data: neutral_therm:30481 
11-17 10:14:54.464  1160  1160 D AOC     : A3:MSG: usf_sensor.cc, 1581: USF: Received stop sampling request for LSM6DSR Accelerometer (active:0).
11-17 10:14:54.465  1160  1160 D AOC     : A3:MSG: lsm6dsr_device.cc, 763: USF: Lsm6dsrDevice: Sensor 0: Enabled 0, odr_index 0.
11-17 10:14:54.465  1160  1160 D AOC     : A3:MSG: lsm6dsr_device.cc, 249: USF: Lsm6dsrDevice: Config sampling too slow. Took 545898ns.
11-17 10:14:54.467  1160  1160 D AOC     : A3:MSG: usf_sensor.cc, 1573: USF: Received start sampling request for LSM6DSR Temperature (active:2).
11-17 10:14:54.467  1160  1160 D AOC     : A3:MSG: lsm6dsr_device.cc, 763: USF: Lsm6dsrDevice: Sensor 2: Enabled 0, odr_index 0.
11-17 10:14:54.471   884   896 I CHRE    : @ 245597.613: [AR] ON => IDLE
11-17 10:14:55.058  1041  1045 I WPKTRT  : process_address_event: 2601:500:8985:4c10:9cf9:f2ff:fe1b:326d added to wlan0
11-17 10:14:55.058  1041  1045 I WPKTRT  : process_address_event: 2601:500:8985:4c10:2910:5c53:4a9a:9fc4 added to wlan0
11-17 10:14:55.059  2911  2930 W pixelstats-vendor: Thread Pool max thread count is 0. Cannot cache binder as linkToDeath cannot be implemented. serviceName: android.frameworks.stats.IStats/default
11-17 10:14:55.076  2096  2619 D ApfFilter: (wlan0): Adding RA fe80::1e9e:ccff:fe09:57eb -> ff02::1 180s 2601:500:8985:4c10::/64 202620s/202620s DNS 180s 2001:558:feed::1 2001:558:feed::2 RIO 180s ::/0 
11-17 10:14:55.088   947  3235 E WifiHAL : Setting APF program, halHandle = 0xb400cfab9953c900
11-17 10:14:55.089   947  3235 E WifiHAL : Set apf filter for iface = wlan0
11-17 10:14:55.089   947  3235 I WifiHAL : createRequest: APF set program request
11-17 10:14:55.089   947  3235 I WifiHAL : mProgramLen : 682
11-17 10:15:10.214  2911  2930 W pixelstats-vendor: Thread Pool max thread count is 0. Cannot cache binder as linkToDeath cannot be implemented. serviceName: android.frameworks.stats.IStats/default
